Component: ARM Compiler 5.06 update 7 (build 960) Tool: armlink [4d3601]

==============================================================================

Section Cross References

    startup_cs32f031.o(STACK) refers (Special) to heapauxi.o(.text) for __use_two_region_memory
    startup_cs32f031.o(HEAP) refers (Special) to heapauxi.o(.text) for __use_two_region_memory
    startup_cs32f031.o(RESET) refers (Special) to heapauxi.o(.text) for __use_two_region_memory
    startup_cs32f031.o(RESET) refers to startup_cs32f031.o(STACK) for __initial_sp
    startup_cs32f031.o(RESET) refers to startup_cs32f031.o(.text) for Reset_Handler
    startup_cs32f031.o(RESET) refers to main.o(i.SysTick_Handler) for SysTick_Handler
    startup_cs32f031.o(.text) refers (Special) to heapauxi.o(.text) for __use_two_region_memory
    startup_cs32f031.o(.text) refers to system_cs32f0xx.o(i.SystemInit) for SystemInit
    startup_cs32f031.o(.text) refers to __main.o(!!!main) for __main
    startup_cs32f031.o(.text) refers to startup_cs32f031.o(HEAP) for Heap_Mem
    startup_cs32f031.o(.text) refers to startup_cs32f031.o(STACK) for Stack_Mem
    system_cs32f0xx.o(i.SystemCoreClockUpdate) refers to aeabi_sdiv.o(.text) for __aeabi_uidivmod
    system_cs32f0xx.o(i.SystemCoreClockUpdate) refers to system_cs32f0xx.o(.data) for SystemCoreClock
    system_cs32f0xx.o(i.SystemInit) refers to system_cs32f0xx.o(i.SetSysClock) for SetSysClock
    cs32f0xx_flash.o(i.flash_all_pages_erase) refers to cs32f0xx_flash.o(i.flash_operation_wait) for flash_operation_wait
    cs32f0xx_flash.o(i.flash_half_word_program) refers to cs32f0xx_flash.o(i.flash_operation_wait) for flash_operation_wait
    cs32f0xx_flash.o(i.flash_option_bytes_erase) refers to cs32f0xx_flash.o(i.flash_operation_wait) for flash_operation_wait
    cs32f0xx_flash.o(i.flash_option_bytes_read_protect_config) refers to cs32f0xx_flash.o(i.flash_option_bytes_set) for flash_option_bytes_set
    cs32f0xx_flash.o(i.flash_option_bytes_set) refers to cs32f0xx_flash.o(i.flash_operation_wait) for flash_operation_wait
    cs32f0xx_flash.o(i.flash_option_bytes_user_set) refers to cs32f0xx_flash.o(i.flash_option_bytes_set) for flash_option_bytes_set
    cs32f0xx_flash.o(i.flash_option_bytes_write_protect_enable) refers to cs32f0xx_flash.o(i.flash_option_bytes_set) for flash_option_bytes_set
    cs32f0xx_flash.o(i.flash_page_erase) refers to cs32f0xx_flash.o(i.flash_operation_wait) for flash_operation_wait
    cs32f0xx_flash.o(i.flash_word_program) refers to cs32f0xx_flash.o(i.flash_operation_wait) for flash_operation_wait
    cs32f0xx_tim.o(i.tim_chic_init) refers to cs32f0xx_tim.o(i.tim_chic_config) for tim_chic_config
    cs32f0xx_tim.o(i.tim_chic_init) refers to cs32f0xx_tim.o(i.tim_chic_predivider_set) for tim_chic_predivider_set
    cs32f0xx_tim.o(i.tim_external_clock_mode1_config) refers to cs32f0xx_tim.o(i.tim_external_trigger_config) for tim_external_trigger_config
    cs32f0xx_tim.o(i.tim_external_clock_mode2_config) refers to cs32f0xx_tim.o(i.tim_external_trigger_config) for tim_external_trigger_config
    cs32f0xx_tim.o(i.tim_internal_trigger_external_clock_config) refers to cs32f0xx_tim.o(i.tim_input_trigger_set) for tim_input_trigger_set
    cs32f0xx_tim.o(i.tim_pwmi_config) refers to cs32f0xx_tim.o(i.tim_chic_config) for tim_chic_config
    cs32f0xx_tim.o(i.tim_pwmi_config) refers to cs32f0xx_tim.o(i.tim_chic_predivider_set) for tim_chic_predivider_set
    cs32f0xx_tim.o(i.tim_ti_external_clock_config) refers to cs32f0xx_tim.o(i.tim_chic_config) for tim_chic_config
    cs32f0xx_tim.o(i.tim_ti_external_clock_config) refers to cs32f0xx_tim.o(i.tim_input_trigger_set) for tim_input_trigger_set
    main.o(i.Delay_Ms) refers to main.o(.data) for delayCnt
    main.o(i.Hardware_Init) refers to system_cs32f0xx.o(i.SystemCoreClockUpdate) for SystemCoreClockUpdate
    main.o(i.Hardware_Init) refers to aeabi_sdiv.o(.text) for __aeabi_uidivmod
    main.o(i.Hardware_Init) refers to main.o(i.__NVIC_SetPriority) for __NVIC_SetPriority
    main.o(i.Hardware_Init) refers to cs32f0xx_gpio.o(i.gpio_mode_set) for gpio_mode_set
    main.o(i.Hardware_Init) refers to system_cs32f0xx.o(.data) for SystemCoreClock
    main.o(i.Jump_To_App) refers to rt_memcpy.o(.text) for __aeabi_memcpy
    main.o(i.Jump_To_App) refers to main.o(i.Hal_DeInit) for Hal_DeInit
    main.o(i.Jump_To_App) refers to main.o(.ARM. __at_0x20000000) for vectors
    main.o(i.Jump_To_App) refers to main.o(.data) for appAddress
    main.o(i.SysTick_Handler) refers to main.o(.data) for delayCnt
    main.o(i.main) refers to main.o(i.Hardware_Init) for Hardware_Init
    main.o(i.main) refers to main.o(i.Delay_Ms) for Delay_Ms
    main.o(i.main) refers to main.o(i.Jump_To_App) for Jump_To_App
    main.o(i.main) refers to main.o(.data) for dispCnt
    rt_memcpy.o(.text) refers to rt_memcpy.o(.emb_text) for __aeabi_memcpy4
    __main.o(!!!main) refers to __rtentry.o(.ARM.Collect$$rtentry$$00000000) for __rt_entry
    __rtentry.o(.ARM.Collect$$rtentry$$00000000) refers (Special) to __rtentry2.o(.ARM.Collect$$rtentry$$0000000A) for __rt_entry_li
    __rtentry.o(.ARM.Collect$$rtentry$$00000000) refers (Special) to __rtentry2.o(.ARM.Collect$$rtentry$$0000000D) for __rt_entry_main
    __rtentry.o(.ARM.Collect$$rtentry$$00000000) refers (Special) to __rtentry2.o(.ARM.Collect$$rtentry$$0000000C) for __rt_entry_postli_1
    __rtentry.o(.ARM.Collect$$rtentry$$00000000) refers (Special) to __rtentry2.o(.ARM.Collect$$rtentry$$00000009) for __rt_entry_postsh_1
    __rtentry.o(.ARM.Collect$$rtentry$$00000000) refers (Special) to __rtentry2.o(.ARM.Collect$$rtentry$$00000002) for __rt_entry_presh_1
    __rtentry.o(.ARM.Collect$$rtentry$$00000000) refers (Special) to __rtentry4.o(.ARM.Collect$$rtentry$$00000004) for __rt_entry_sh
    aeabi_idiv0_sigfpe.o(.text) refers to rt_div0.o(.text) for __rt_div0
    __rtentry2.o(.ARM.Collect$$rtentry$$00000008) refers to boardinit2.o(.text) for _platform_post_stackheap_init
    __rtentry2.o(.ARM.Collect$$rtentry$$0000000A) refers to libinit.o(.ARM.Collect$$libinit$$00000000) for __rt_lib_init
    __rtentry2.o(.ARM.Collect$$rtentry$$0000000B) refers to boardinit3.o(.text) for _platform_post_lib_init
    __rtentry2.o(.ARM.Collect$$rtentry$$0000000D) refers to main.o(i.main) for main
    __rtentry2.o(.ARM.Collect$$rtentry$$0000000D) refers to exit.o(.text) for exit
    __rtentry2.o(.ARM.exidx) refers to __rtentry2.o(.ARM.Collect$$rtentry$$00000001) for .ARM.Collect$$rtentry$$00000001
    __rtentry2.o(.ARM.exidx) refers to __rtentry2.o(.ARM.Collect$$rtentry$$00000008) for .ARM.Collect$$rtentry$$00000008
    __rtentry2.o(.ARM.exidx) refers to __rtentry2.o(.ARM.Collect$$rtentry$$0000000A) for .ARM.Collect$$rtentry$$0000000A
    __rtentry2.o(.ARM.exidx) refers to __rtentry2.o(.ARM.Collect$$rtentry$$0000000B) for .ARM.Collect$$rtentry$$0000000B
    __rtentry2.o(.ARM.exidx) refers to __rtentry2.o(.ARM.Collect$$rtentry$$0000000D) for .ARM.Collect$$rtentry$$0000000D
    __rtentry4.o(.ARM.Collect$$rtentry$$00000004) refers to sys_stackheap_outer.o(.text) for __user_setup_stackheap
    __rtentry4.o(.ARM.exidx) refers to __rtentry4.o(.ARM.Collect$$rtentry$$00000004) for .ARM.Collect$$rtentry$$00000004
    rt_div0.o(.text) refers to defsig_fpe_outer.o(.text) for __rt_SIGFPE
    sys_stackheap_outer.o(.text) refers to libspace.o(.text) for __user_perproc_libspace
    sys_stackheap_outer.o(.text) refers to startup_cs32f031.o(.text) for __user_initial_stackheap
    sys_stackheap_outer.o(__vectab_stack_and_reset_area) refers to tempstk.o(.text) for __temporary_stack_top
    sys_stackheap_outer.o(__vectab_stack_and_reset_area) refers to __main.o(!!!main) for __main
    exit.o(.text) refers to rtexit.o(.ARM.Collect$$rtexit$$00000000) for __rt_exit
    defsig_fpe_outer.o(.text) refers to defsig_fpe_inner.o(.text) for __rt_SIGFPE_inner
    defsig_fpe_outer.o(.text) refers to defsig_exit.o(.text) for __sig_exit
    defsig_fpe_formal.o(.text) refers to rt_raise.o(.text) for __rt_raise
    libinit.o(.ARM.Collect$$libinit$$00000000) refers (Special) to libinit2.o(.ARM.Collect$$libinit$$0000002E) for __rt_lib_init_alloca_1
    libinit.o(.ARM.Collect$$libinit$$00000000) refers (Special) to libinit2.o(.ARM.Collect$$libinit$$0000002C) for __rt_lib_init_argv_1
    libinit.o(.ARM.Collect$$libinit$$00000000) refers (Special) to libinit2.o(.ARM.Collect$$libinit$$0000001B) for __rt_lib_init_atexit_1
    libinit.o(.ARM.Collect$$libinit$$00000000) refers (Special) to libinit2.o(.ARM.Collect$$libinit$$00000021) for __rt_lib_init_clock_1
    libinit.o(.ARM.Collect$$libinit$$00000000) refers (Special) to libinit2.o(.ARM.Collect$$libinit$$00000032) for __rt_lib_init_cpp_1
    libinit.o(.ARM.Collect$$libinit$$00000000) refers (Special) to libinit2.o(.ARM.Collect$$libinit$$00000030) for __rt_lib_init_exceptions_1
    libinit.o(.ARM.Collect$$libinit$$00000000) refers (Special) to libinit2.o(.ARM.Collect$$libinit$$00000002) for __rt_lib_init_fp_1
    libinit.o(.ARM.Collect$$libinit$$00000000) refers (Special) to libinit2.o(.ARM.Collect$$libinit$$0000001F) for __rt_lib_init_fp_trap_1
    libinit.o(.ARM.Collect$$libinit$$00000000) refers (Special) to libinit2.o(.ARM.Collect$$libinit$$00000023) for __rt_lib_init_getenv_1
    libinit.o(.ARM.Collect$$libinit$$00000000) refers (Special) to libinit2.o(.ARM.Collect$$libinit$$0000000A) for __rt_lib_init_heap_1
    libinit.o(.ARM.Collect$$libinit$$00000000) refers (Special) to libinit2.o(.ARM.Collect$$libinit$$00000011) for __rt_lib_init_lc_collate_1
    libinit.o(.ARM.Collect$$libinit$$00000000) refers (Special) to libinit2.o(.ARM.Collect$$libinit$$00000013) for __rt_lib_init_lc_ctype_1
    libinit.o(.ARM.Collect$$libinit$$00000000) refers (Special) to libinit2.o(.ARM.Collect$$libinit$$00000015) for __rt_lib_init_lc_monetary_1
    libinit.o(.ARM.Collect$$libinit$$00000000) refers (Special) to libinit2.o(.ARM.Collect$$libinit$$00000017) for __rt_lib_init_lc_numeric_1
    libinit.o(.ARM.Collect$$libinit$$00000000) refers (Special) to libinit2.o(.ARM.Collect$$libinit$$00000019) for __rt_lib_init_lc_time_1
    libinit.o(.ARM.Collect$$libinit$$00000000) refers (Special) to libinit2.o(.ARM.Collect$$libinit$$00000004) for __rt_lib_init_preinit_1
    libinit.o(.ARM.Collect$$libinit$$00000000) refers (Special) to libinit2.o(.ARM.Collect$$libinit$$0000000E) for __rt_lib_init_rand_1
    libinit.o(.ARM.Collect$$libinit$$00000000) refers (Special) to libinit2.o(.ARM.Collect$$libinit$$00000033) for __rt_lib_init_return
    libinit.o(.ARM.Collect$$libinit$$00000000) refers (Special) to libinit2.o(.ARM.Collect$$libinit$$0000001D) for __rt_lib_init_signal_1
    libinit.o(.ARM.Collect$$libinit$$00000000) refers (Special) to libinit2.o(.ARM.Collect$$libinit$$00000025) for __rt_lib_init_stdio_1
    libinit.o(.ARM.Collect$$libinit$$00000000) refers (Special) to libinit2.o(.ARM.Collect$$libinit$$0000000C) for __rt_lib_init_user_alloc_1
    libspace.o(.text) refers to libspace.o(.bss) for __libspace_start
    rtexit.o(.ARM.Collect$$rtexit$$00000000) refers (Special) to rtexit2.o(.ARM.Collect$$rtexit$$00000004) for __rt_exit_exit
    rtexit.o(.ARM.Collect$$rtexit$$00000000) refers (Special) to rtexit2.o(.ARM.Collect$$rtexit$$00000003) for __rt_exit_ls
    rtexit.o(.ARM.Collect$$rtexit$$00000000) refers (Special) to rtexit2.o(.ARM.Collect$$rtexit$$00000002) for __rt_exit_prels_1
    rtexit.o(.ARM.exidx) refers (Special) to rtexit2.o(.ARM.Collect$$rtexit$$00000004) for __rt_exit_exit
    rtexit.o(.ARM.exidx) refers (Special) to rtexit2.o(.ARM.Collect$$rtexit$$00000003) for __rt_exit_ls
    rtexit.o(.ARM.exidx) refers (Special) to rtexit2.o(.ARM.Collect$$rtexit$$00000002) for __rt_exit_prels_1
    rtexit.o(.ARM.exidx) refers to rtexit.o(.ARM.Collect$$rtexit$$00000000) for .ARM.Collect$$rtexit$$00000000
    rt_raise.o(.text) refers to __raise.o(.text) for __raise
    rt_raise.o(.text) refers to sys_exit.o(.text) for _sys_exit
    defsig_exit.o(.text) refers to sys_exit.o(.text) for _sys_exit
    defsig_fpe_inner.o(.text) refers to defsig_general.o(.text) for __default_signal_display
    libinit2.o(.ARM.Collect$$libinit$$00000010) refers to libinit2.o(.ARM.Collect$$libinit$$0000000F) for .ARM.Collect$$libinit$$0000000F
    libinit2.o(.ARM.Collect$$libinit$$00000012) refers to libinit2.o(.ARM.Collect$$libinit$$0000000F) for .ARM.Collect$$libinit$$0000000F
    libinit2.o(.ARM.Collect$$libinit$$00000014) refers to libinit2.o(.ARM.Collect$$libinit$$0000000F) for .ARM.Collect$$libinit$$0000000F
    libinit2.o(.ARM.Collect$$libinit$$00000016) refers to libinit2.o(.ARM.Collect$$libinit$$0000000F) for .ARM.Collect$$libinit$$0000000F
    libinit2.o(.ARM.Collect$$libinit$$00000018) refers to libinit2.o(.ARM.Collect$$libinit$$0000000F) for .ARM.Collect$$libinit$$0000000F
    libinit2.o(.ARM.Collect$$libinit$$00000026) refers to argv_veneer.o(.text) for __ARM_argv_veneer
    libinit2.o(.ARM.Collect$$libinit$$00000027) refers to argv_veneer.o(.text) for __ARM_argv_veneer
    sys_exit.o(.text) refers (Special) to use_no_semi.o(.text) for __I$use$semihosting
    sys_exit.o(.text) refers (Special) to indicate_semi.o(.text) for __semihosting_library_function
    rtexit2.o(.ARM.Collect$$rtexit$$00000003) refers to libshutdown.o(.ARM.Collect$$libshutdown$$00000000) for __rt_lib_shutdown
    rtexit2.o(.ARM.Collect$$rtexit$$00000004) refers to sys_exit.o(.text) for _sys_exit
    rtexit2.o(.ARM.exidx) refers to rtexit2.o(.ARM.Collect$$rtexit$$00000001) for .ARM.Collect$$rtexit$$00000001
    rtexit2.o(.ARM.exidx) refers to rtexit2.o(.ARM.Collect$$rtexit$$00000003) for .ARM.Collect$$rtexit$$00000003
    rtexit2.o(.ARM.exidx) refers to rtexit2.o(.ARM.Collect$$rtexit$$00000004) for .ARM.Collect$$rtexit$$00000004
    __raise.o(.text) refers to defsig.o(CL$$defsig) for __default_signal_handler
    defsig_general.o(.text) refers to sys_wrch.o(.text) for _ttywrch
    sys_wrch.o(.text) refers (Special) to use_no_semi.o(.text) for __I$use$semihosting
    sys_wrch.o(.text) refers (Special) to indicate_semi.o(.text) for __semihosting_library_function
    defsig.o(CL$$defsig) refers to defsig_fpe_inner.o(.text) for __rt_SIGFPE_inner
    defsig.o(CL$$defsig) refers to defsig_rtmem_inner.o(.text) for __rt_SIGRTMEM_inner
    _get_argv_nomalloc.o(.text) refers (Special) to hrguard.o(.text) for __heap_region$guard
    _get_argv_nomalloc.o(.text) refers to defsig_rtmem_outer.o(.text) for __rt_SIGRTMEM
    _get_argv_nomalloc.o(.text) refers to sys_command.o(.text) for _sys_command_string
    libshutdown.o(.ARM.Collect$$libshutdown$$00000000) refers (Special) to libshutdown2.o(.ARM.Collect$$libshutdown$$00000004) for __rt_lib_shutdown_cpp_1
    libshutdown.o(.ARM.Collect$$libshutdown$$00000000) refers (Special) to libshutdown2.o(.ARM.Collect$$libshutdown$$00000002) for __rt_lib_shutdown_fini_1
    libshutdown.o(.ARM.Collect$$libshutdown$$00000000) refers (Special) to libshutdown2.o(.ARM.Collect$$libshutdown$$00000009) for __rt_lib_shutdown_fp_trap_1
    libshutdown.o(.ARM.Collect$$libshutdown$$00000000) refers (Special) to libshutdown2.o(.ARM.Collect$$libshutdown$$00000011) for __rt_lib_shutdown_heap_1
    libshutdown.o(.ARM.Collect$$libshutdown$$00000000) refers (Special) to libshutdown2.o(.ARM.Collect$$libshutdown$$00000012) for __rt_lib_shutdown_return
    libshutdown.o(.ARM.Collect$$libshutdown$$00000000) refers (Special) to libshutdown2.o(.ARM.Collect$$libshutdown$$0000000C) for __rt_lib_shutdown_signal_1
    libshutdown.o(.ARM.Collect$$libshutdown$$00000000) refers (Special) to libshutdown2.o(.ARM.Collect$$libshutdown$$00000006) for __rt_lib_shutdown_stdio_1
    libshutdown.o(.ARM.Collect$$libshutdown$$00000000) refers (Special) to libshutdown2.o(.ARM.Collect$$libshutdown$$0000000E) for __rt_lib_shutdown_user_alloc_1
    sys_command.o(.text) refers (Special) to use_no_semi.o(.text) for __I$use$semihosting
    sys_command.o(.text) refers (Special) to indicate_semi.o(.text) for __semihosting_library_function
    defsig_abrt_inner.o(.text) refers to defsig_general.o(.text) for __default_signal_display
    defsig_rtred_inner.o(.text) refers to defsig_general.o(.text) for __default_signal_display
    defsig_rtmem_inner.o(.text) refers to defsig_general.o(.text) for __default_signal_display
    defsig_rtmem_outer.o(.text) refers to defsig_rtmem_inner.o(.text) for __rt_SIGRTMEM_inner
    defsig_rtmem_outer.o(.text) refers to defsig_exit.o(.text) for __sig_exit
    defsig_rtmem_formal.o(.text) refers to rt_raise.o(.text) for __rt_raise
    defsig_stak_inner.o(.text) refers to defsig_general.o(.text) for __default_signal_display
    defsig_pvfn_inner.o(.text) refers to defsig_general.o(.text) for __default_signal_display
    defsig_cppl_inner.o(.text) refers to defsig_general.o(.text) for __default_signal_display
    defsig_segv_inner.o(.text) refers to defsig_general.o(.text) for __default_signal_display
    defsig_other.o(.text) refers to defsig_general.o(.text) for __default_signal_display


==============================================================================

Removing Unused input sections from the image.

    Removing system_cs32f0xx.o(.rev16_text), (4 bytes).
    Removing system_cs32f0xx.o(.revsh_text), (4 bytes).
    Removing cs32f0xx_flash.o(.rev16_text), (4 bytes).
    Removing cs32f0xx_flash.o(.revsh_text), (4 bytes).
    Removing cs32f0xx_flash.o(i.flash_all_pages_erase), (60 bytes).
    Removing cs32f0xx_flash.o(i.flash_half_word_program), (52 bytes).
    Removing cs32f0xx_flash.o(i.flash_lock), (20 bytes).
    Removing cs32f0xx_flash.o(i.flash_operation_wait), (56 bytes).
    Removing cs32f0xx_flash.o(i.flash_option_bytes_erase), (152 bytes).
    Removing cs32f0xx_flash.o(i.flash_option_bytes_lock), (20 bytes).
    Removing cs32f0xx_flash.o(i.flash_option_bytes_read_protect_config), (24 bytes).
    Removing cs32f0xx_flash.o(i.flash_option_bytes_set), (204 bytes).
    Removing cs32f0xx_flash.o(i.flash_option_bytes_unlock), (40 bytes).
    Removing cs32f0xx_flash.o(i.flash_option_bytes_user_set), (24 bytes).
    Removing cs32f0xx_flash.o(i.flash_option_bytes_write_protect_enable), (52 bytes).
    Removing cs32f0xx_flash.o(i.flash_page_erase), (76 bytes).
    Removing cs32f0xx_flash.o(i.flash_unlock), (36 bytes).
    Removing cs32f0xx_flash.o(i.flash_wait_counter_set), (20 bytes).
    Removing cs32f0xx_flash.o(i.flash_word_program), (64 bytes).
    Removing cs32f0xx_gpio.o(.rev16_text), (4 bytes).
    Removing cs32f0xx_gpio.o(.revsh_text), (4 bytes).
    Removing cs32f0xx_gpio.o(i.gpio_mf_config), (102 bytes).
    Removing cs32f0xx_gpio.o(i.gpio_pin_lock_config), (30 bytes).
    Removing cs32f0xx_tim.o(.rev16_text), (4 bytes).
    Removing cs32f0xx_tim.o(.revsh_text), (4 bytes).
    Removing cs32f0xx_tim.o(i.tim_base_init), (132 bytes).
    Removing cs32f0xx_tim.o(i.tim_base_struct_init), (18 bytes).
    Removing cs32f0xx_tim.o(i.tim_chcc_enable_ctrl), (24 bytes).
    Removing cs32f0xx_tim.o(i.tim_chcc_polarity_set), (24 bytes).
    Removing cs32f0xx_tim.o(i.tim_chic_config), (86 bytes).
    Removing cs32f0xx_tim.o(i.tim_chic_init), (34 bytes).
    Removing cs32f0xx_tim.o(i.tim_chic_predivider_set), (44 bytes).
    Removing cs32f0xx_tim.o(i.tim_chic_struct_init), (18 bytes).
    Removing cs32f0xx_tim.o(i.tim_chncc_enable_ctrl), (24 bytes).
    Removing cs32f0xx_tim.o(i.tim_chncc_polarity_set), (24 bytes).
    Removing cs32f0xx_tim.o(i.tim_choc_clear_set), (44 bytes).
    Removing cs32f0xx_tim.o(i.tim_choc_fast_set), (44 bytes).
    Removing cs32f0xx_tim.o(i.tim_choc_forced_set), (44 bytes).
    Removing cs32f0xx_tim.o(i.tim_choc_init), (212 bytes).
    Removing cs32f0xx_tim.o(i.tim_choc_mode_set), (56 bytes).
    Removing cs32f0xx_tim.o(i.tim_choc_preload_set), (44 bytes).
    Removing cs32f0xx_tim.o(i.tim_choc_struct_init), (20 bytes).
    Removing cs32f0xx_tim.o(i.tim_clock_division_set), (14 bytes).
    Removing cs32f0xx_tim.o(i.tim_count_pattern_set), (12 bytes).
    Removing cs32f0xx_tim.o(i.tim_dma_access_config), (8 bytes).
    Removing cs32f0xx_tim.o(i.tim_encoder_interface_set), (44 bytes).
    Removing cs32f0xx_tim.o(i.tim_external_clock_mode1_config), (34 bytes).
    Removing cs32f0xx_tim.o(i.tim_external_clock_mode2_config), (34 bytes).
    Removing cs32f0xx_tim.o(i.tim_external_trigger_config), (24 bytes).
    Removing cs32f0xx_tim.o(i.tim_input_trigger_set), (12 bytes).
    Removing cs32f0xx_tim.o(i.tim_internal_clock_config), (10 bytes).
    Removing cs32f0xx_tim.o(i.tim_internal_trigger_external_clock_config), (24 bytes).
    Removing cs32f0xx_tim.o(i.tim_master_slave_set), (12 bytes).
    Removing cs32f0xx_tim.o(i.tim_prescaler_set), (6 bytes).
    Removing cs32f0xx_tim.o(i.tim_protect_config), (30 bytes).
    Removing cs32f0xx_tim.o(i.tim_protect_struct_init), (18 bytes).
    Removing cs32f0xx_tim.o(i.tim_pulse_mode_set), (12 bytes).
    Removing cs32f0xx_tim.o(i.tim_pwmi_config), (148 bytes).
    Removing cs32f0xx_tim.o(i.tim_slave_mode_set), (12 bytes).
    Removing cs32f0xx_tim.o(i.tim_ti_external_clock_config), (62 bytes).
    Removing cs32f0xx_tim.o(i.tim_trigger_output_set), (12 bytes).
    Removing cs32f0xx_tim.o(i.tim_update_request_set), (12 bytes).
    Removing cs32f0xx_misc.o(.rev16_text), (4 bytes).
    Removing cs32f0xx_misc.o(.revsh_text), (4 bytes).
    Removing cs32f0xx_misc.o(i.nvic_init), (104 bytes).
    Removing cs32f0xx_misc.o(i.systick_clock_config), (20 bytes).
    Removing main.o(.rev16_text), (4 bytes).
    Removing main.o(.revsh_text), (4 bytes).

68 unused section(s) (total 2636 bytes) removed from the image.

==============================================================================

Image Symbol Table

    Local Symbols

    Symbol Name                              Value     Ov Type        Size  Object(Section)

    ../clib/angel/boardlib.s                 0x00000000   Number         0  boardshut.o ABSOLUTE
    ../clib/angel/boardlib.s                 0x00000000   Number         0  boardinit1.o ABSOLUTE
    ../clib/angel/boardlib.s                 0x00000000   Number         0  boardinit2.o ABSOLUTE
    ../clib/angel/boardlib.s                 0x00000000   Number         0  boardinit3.o ABSOLUTE
    ../clib/angel/handlers.s                 0x00000000   Number         0  __scatter_copy.o ABSOLUTE
    ../clib/angel/handlers.s                 0x00000000   Number         0  __scatter_zi.o ABSOLUTE
    ../clib/angel/kernel.s                   0x00000000   Number         0  rtexit.o ABSOLUTE
    ../clib/angel/kernel.s                   0x00000000   Number         0  __rtentry.o ABSOLUTE
    ../clib/angel/kernel.s                   0x00000000   Number         0  __rtentry4.o ABSOLUTE
    ../clib/angel/kernel.s                   0x00000000   Number         0  __rtentry2.o ABSOLUTE
    ../clib/angel/kernel.s                   0x00000000   Number         0  rtexit2.o ABSOLUTE
    ../clib/angel/rt.s                       0x00000000   Number         0  rt_raise.o ABSOLUTE
    ../clib/angel/rt.s                       0x00000000   Number         0  rt_div0.o ABSOLUTE
    ../clib/angel/rt.s                       0x00000000   Number         0  aeabi_idiv0_sigfpe.o ABSOLUTE
    ../clib/angel/rt.s                       0x00000000   Number         0  aeabi_idiv0.o ABSOLUTE
    ../clib/angel/scatterp.s                 0x00000000   Number         0  __scatter.o ABSOLUTE
    ../clib/angel/startup.s                  0x00000000   Number         0  __main.o ABSOLUTE
    ../clib/angel/sys.s                      0x00000000   Number         0  sys_stackheap_outer.o ABSOLUTE
    ../clib/angel/sys.s                      0x00000000   Number         0  tempstk.o ABSOLUTE
    ../clib/angel/sys.s                      0x00000000   Number         0  use_no_semi.o ABSOLUTE
    ../clib/angel/sys.s                      0x00000000   Number         0  libspace.o ABSOLUTE
    ../clib/angel/sys.s                      0x00000000   Number         0  indicate_semi.o ABSOLUTE
    ../clib/angel/sysapp.c                   0x00000000   Number         0  sys_exit.o ABSOLUTE
    ../clib/angel/sysapp.c                   0x00000000   Number         0  sys_wrch.o ABSOLUTE
    ../clib/angel/sysapp.c                   0x00000000   Number         0  sys_command.o ABSOLUTE
    ../clib/armsys.c                         0x00000000   Number         0  no_argv.o ABSOLUTE
    ../clib/armsys.c                         0x00000000   Number         0  _get_argv_nomalloc.o ABSOLUTE
    ../clib/armsys.c                         0x00000000   Number         0  argv_veneer.o ABSOLUTE
    ../clib/division.s                       0x00000000   Number         0  aeabi_sdiv.o ABSOLUTE
    ../clib/division.s                       0x00000000   Number         0  aeabi_sdiv_div0.o ABSOLUTE
    ../clib/heapalloc.c                      0x00000000   Number         0  hrguard.o ABSOLUTE
    ../clib/heapaux.c                        0x00000000   Number         0  heapauxi.o ABSOLUTE
    ../clib/libinit.s                        0x00000000   Number         0  libinit2.o ABSOLUTE
    ../clib/libinit.s                        0x00000000   Number         0  libshutdown.o ABSOLUTE
    ../clib/libinit.s                        0x00000000   Number         0  libshutdown2.o ABSOLUTE
    ../clib/libinit.s                        0x00000000   Number         0  libinit.o ABSOLUTE
    ../clib/memcpset.c                       0x00000000   Number         0  rt_memcpy.o ABSOLUTE
    ../clib/memcpset.c                       0x00000000   Number         0  rt_memcpy.o ABSOLUTE
    ../clib/signal.c                         0x00000000   Number         0  defsig_rtmem_inner.o ABSOLUTE
    ../clib/signal.c                         0x00000000   Number         0  defsig_rtred_inner.o ABSOLUTE
    ../clib/signal.c                         0x00000000   Number         0  defsig_abrt_inner.o ABSOLUTE
    ../clib/signal.c                         0x00000000   Number         0  defsig_pvfn_inner.o ABSOLUTE
    ../clib/signal.c                         0x00000000   Number         0  defsig_cppl_inner.o ABSOLUTE
    ../clib/signal.c                         0x00000000   Number         0  defsig_segv_inner.o ABSOLUTE
    ../clib/signal.c                         0x00000000   Number         0  defsig_other.o ABSOLUTE
    ../clib/signal.c                         0x00000000   Number         0  defsig_stak_inner.o ABSOLUTE
    ../clib/signal.c                         0x00000000   Number         0  defsig_fpe_inner.o ABSOLUTE
    ../clib/signal.c                         0x00000000   Number         0  defsig_exit.o ABSOLUTE
    ../clib/signal.c                         0x00000000   Number         0  defsig_fpe_outer.o ABSOLUTE
    ../clib/signal.c                         0x00000000   Number         0  defsig_rtmem_formal.o ABSOLUTE
    ../clib/signal.c                         0x00000000   Number         0  defsig_fpe_formal.o ABSOLUTE
    ../clib/signal.c                         0x00000000   Number         0  __raise.o ABSOLUTE
    ../clib/signal.c                         0x00000000   Number         0  defsig_rtmem_outer.o ABSOLUTE
    ../clib/signal.c                         0x00000000   Number         0  defsig_general.o ABSOLUTE
    ../clib/signal.s                         0x00000000   Number         0  defsig.o ABSOLUTE
    ../clib/stdlib.c                         0x00000000   Number         0  exit.o ABSOLUTE
    ../fplib/cfplib/fpinit.c                 0x00000000   Number         0  fpinit.o ABSOLUTE
    ..\..\Device\HAL_Driver\src\cs32f0xx_flash.c 0x00000000   Number         0  cs32f0xx_flash.o ABSOLUTE
    ..\..\Device\HAL_Driver\src\cs32f0xx_gpio.c 0x00000000   Number         0  cs32f0xx_gpio.o ABSOLUTE
    ..\..\Device\HAL_Driver\src\cs32f0xx_misc.c 0x00000000   Number         0  cs32f0xx_misc.o ABSOLUTE
    ..\..\Device\HAL_Driver\src\cs32f0xx_tim.c 0x00000000   Number         0  cs32f0xx_tim.o ABSOLUTE
    ..\..\Device\Source\ARM\startup_cs32f031.S 0x00000000   Number         0  startup_cs32f031.o ABSOLUTE
    ..\..\Device\Source\system_cs32f0xx.c    0x00000000   Number         0  system_cs32f0xx.o ABSOLUTE
    ..\User\main.c                           0x00000000   Number         0  main.o ABSOLUTE
    ..\\..\\Device\\HAL_Driver\\src\\cs32f0xx_flash.c 0x00000000   Number         0  cs32f0xx_flash.o ABSOLUTE
    ..\\..\\Device\\HAL_Driver\\src\\cs32f0xx_gpio.c 0x00000000   Number         0  cs32f0xx_gpio.o ABSOLUTE
    ..\\..\\Device\\HAL_Driver\\src\\cs32f0xx_misc.c 0x00000000   Number         0  cs32f0xx_misc.o ABSOLUTE
    ..\\..\\Device\\HAL_Driver\\src\\cs32f0xx_tim.c 0x00000000   Number         0  cs32f0xx_tim.o ABSOLUTE
    ..\\..\\Device\\Source\\system_cs32f0xx.c 0x00000000   Number         0  system_cs32f0xx.o ABSOLUTE
    ..\\User\\main.c                         0x00000000   Number         0  main.o ABSOLUTE
    dc.s                                     0x00000000   Number         0  dc.o ABSOLUTE
    RESET                                    0x08000000   Section      184  startup_cs32f031.o(RESET)
    !!!main                                  0x080000b8   Section        8  __main.o(!!!main)
    !!!scatter                               0x080000c0   Section       60  __scatter.o(!!!scatter)
    !!handler_copy                           0x080000fc   Section       26  __scatter_copy.o(!!handler_copy)
    !!handler_zi                             0x08000118   Section       28  __scatter_zi.o(!!handler_zi)
    .ARM.Collect$$libinit$$00000000          0x08000134   Section        2  libinit.o(.ARM.Collect$$libinit$$00000000)
    .ARM.Collect$$libinit$$00000002          0x08000136   Section        0  libinit2.o(.ARM.Collect$$libinit$$00000002)
    .ARM.Collect$$libinit$$00000004          0x08000136   Section        0  libinit2.o(.ARM.Collect$$libinit$$00000004)
    .ARM.Collect$$libinit$$0000000A          0x08000136   Section        0  libinit2.o(.ARM.Collect$$libinit$$0000000A)
    .ARM.Collect$$libinit$$0000000C          0x08000136   Section        0  libinit2.o(.ARM.Collect$$libinit$$0000000C)
    .ARM.Collect$$libinit$$0000000E          0x08000136   Section        0  libinit2.o(.ARM.Collect$$libinit$$0000000E)
    .ARM.Collect$$libinit$$00000011          0x08000136   Section        0  libinit2.o(.ARM.Collect$$libinit$$00000011)
    .ARM.Collect$$libinit$$00000013          0x08000136   Section        0  libinit2.o(.ARM.Collect$$libinit$$00000013)
    .ARM.Collect$$libinit$$00000015          0x08000136   Section        0  libinit2.o(.ARM.Collect$$libinit$$00000015)
    .ARM.Collect$$libinit$$00000017          0x08000136   Section        0  libinit2.o(.ARM.Collect$$libinit$$00000017)
    .ARM.Collect$$libinit$$00000019          0x08000136   Section        0  libinit2.o(.ARM.Collect$$libinit$$00000019)
    .ARM.Collect$$libinit$$0000001B          0x08000136   Section        0  libinit2.o(.ARM.Collect$$libinit$$0000001B)
    .ARM.Collect$$libinit$$0000001D          0x08000136   Section        0  libinit2.o(.ARM.Collect$$libinit$$0000001D)
    .ARM.Collect$$libinit$$0000001F          0x08000136   Section        0  libinit2.o(.ARM.Collect$$libinit$$0000001F)
    .ARM.Collect$$libinit$$00000021          0x08000136   Section        0  libinit2.o(.ARM.Collect$$libinit$$00000021)
    .ARM.Collect$$libinit$$00000023          0x08000136   Section        0  libinit2.o(.ARM.Collect$$libinit$$00000023)
    .ARM.Collect$$libinit$$00000025          0x08000136   Section        0  libinit2.o(.ARM.Collect$$libinit$$00000025)
    .ARM.Collect$$libinit$$0000002C          0x08000136   Section        0  libinit2.o(.ARM.Collect$$libinit$$0000002C)
    .ARM.Collect$$libinit$$0000002E          0x08000136   Section        0  libinit2.o(.ARM.Collect$$libinit$$0000002E)
    .ARM.Collect$$libinit$$00000030          0x08000136   Section        0  libinit2.o(.ARM.Collect$$libinit$$00000030)
    .ARM.Collect$$libinit$$00000032          0x08000136   Section        0  libinit2.o(.ARM.Collect$$libinit$$00000032)
    .ARM.Collect$$libinit$$00000033          0x08000136   Section        2  libinit2.o(.ARM.Collect$$libinit$$00000033)
    .ARM.Collect$$libshutdown$$00000000      0x08000138   Section        2  libshutdown.o(.ARM.Collect$$libshutdown$$00000000)
    .ARM.Collect$$libshutdown$$00000002      0x0800013a   Section        0  libshutdown2.o(.ARM.Collect$$libshutdown$$00000002)
    .ARM.Collect$$libshutdown$$00000004      0x0800013a   Section        0  libshutdown2.o(.ARM.Collect$$libshutdown$$00000004)
    .ARM.Collect$$libshutdown$$00000006      0x0800013a   Section        0  libshutdown2.o(.ARM.Collect$$libshutdown$$00000006)
    .ARM.Collect$$libshutdown$$00000009      0x0800013a   Section        0  libshutdown2.o(.ARM.Collect$$libshutdown$$00000009)
    .ARM.Collect$$libshutdown$$0000000C      0x0800013a   Section        0  libshutdown2.o(.ARM.Collect$$libshutdown$$0000000C)
    .ARM.Collect$$libshutdown$$0000000E      0x0800013a   Section        0  libshutdown2.o(.ARM.Collect$$libshutdown$$0000000E)
    .ARM.Collect$$libshutdown$$00000011      0x0800013a   Section        0  libshutdown2.o(.ARM.Collect$$libshutdown$$00000011)
    .ARM.Collect$$libshutdown$$00000012      0x0800013a   Section        2  libshutdown2.o(.ARM.Collect$$libshutdown$$00000012)
    .ARM.Collect$$rtentry$$00000000          0x0800013c   Section        0  __rtentry.o(.ARM.Collect$$rtentry$$00000000)
    .ARM.Collect$$rtentry$$00000002          0x0800013c   Section        0  __rtentry2.o(.ARM.Collect$$rtentry$$00000002)
    .ARM.Collect$$rtentry$$00000004          0x0800013c   Section        6  __rtentry4.o(.ARM.Collect$$rtentry$$00000004)
    .ARM.Collect$$rtentry$$00000009          0x08000142   Section        0  __rtentry2.o(.ARM.Collect$$rtentry$$00000009)
    .ARM.Collect$$rtentry$$0000000A          0x08000142   Section        4  __rtentry2.o(.ARM.Collect$$rtentry$$0000000A)
    .ARM.Collect$$rtentry$$0000000C          0x08000146   Section        0  __rtentry2.o(.ARM.Collect$$rtentry$$0000000C)
    .ARM.Collect$$rtentry$$0000000D          0x08000146   Section        8  __rtentry2.o(.ARM.Collect$$rtentry$$0000000D)
    .ARM.Collect$$rtexit$$00000000           0x0800014e   Section        2  rtexit.o(.ARM.Collect$$rtexit$$00000000)
    .ARM.Collect$$rtexit$$00000002           0x08000150   Section        0  rtexit2.o(.ARM.Collect$$rtexit$$00000002)
    .ARM.Collect$$rtexit$$00000003           0x08000150   Section        4  rtexit2.o(.ARM.Collect$$rtexit$$00000003)
    .ARM.Collect$$rtexit$$00000004           0x08000154   Section        6  rtexit2.o(.ARM.Collect$$rtexit$$00000004)
    .emb_text                                0x0800015c   Section       56  rt_memcpy.o(.emb_text)
    .text                                    0x08000194   Section       56  startup_cs32f031.o(.text)
    .text                                    0x080001cc   Section        0  rt_memcpy.o(.text)
    .text                                    0x0800024e   Section      346  aeabi_sdiv.o(.text)
    .text                                    0x080003a8   Section        0  heapauxi.o(.text)
    .text                                    0x080003ae   Section       62  sys_stackheap_outer.o(.text)
    .text                                    0x080003ec   Section        0  exit.o(.text)
    .text                                    0x080003fc   Section        8  libspace.o(.text)
    .text                                    0x08000404   Section        0  sys_exit.o(.text)
    .text                                    0x08000410   Section        2  use_no_semi.o(.text)
    .text                                    0x08000412   Section        0  indicate_semi.o(.text)
    i.Delay_Ms                               0x08000414   Section        0  main.o(i.Delay_Ms)
    i.Hal_DeInit                             0x08000428   Section        0  main.o(i.Hal_DeInit)
    Hal_DeInit                               0x08000429   Thumb Code    66  main.o(i.Hal_DeInit)
    i.Hardware_Init                          0x08000474   Section        0  main.o(i.Hardware_Init)
    Hardware_Init                            0x08000475   Thumb Code    96  main.o(i.Hardware_Init)
    i.Jump_To_App                            0x080004e4   Section        0  main.o(i.Jump_To_App)
    Jump_To_App                              0x080004e5   Thumb Code    82  main.o(i.Jump_To_App)
    i.SetSysClock                            0x0800054c   Section        0  system_cs32f0xx.o(i.SetSysClock)
    SetSysClock                              0x0800054d   Thumb Code   118  system_cs32f0xx.o(i.SetSysClock)
    i.SysTick_Handler                        0x080005cc   Section        0  main.o(i.SysTick_Handler)
    i.SystemCoreClockUpdate                  0x080005e4   Section        0  system_cs32f0xx.o(i.SystemCoreClockUpdate)
    i.SystemInit                             0x08000694   Section        0  system_cs32f0xx.o(i.SystemInit)
    i.__NVIC_SetPriority                     0x08000710   Section        0  main.o(i.__NVIC_SetPriority)
    __NVIC_SetPriority                       0x08000711   Thumb Code   110  main.o(i.__NVIC_SetPriority)
    i.gpio_mode_set                          0x08000788   Section        0  cs32f0xx_gpio.o(i.gpio_mode_set)
    i.main                                   0x0800082c   Section        0  main.o(i.main)
    .ARM. __at_0x20000000                    0x200000c0   Section      192  main.o(.ARM. __at_0x20000000)
    .data                                    0x20000180   Section       20  system_cs32f0xx.o(.data)
    AHBPrescTable                            0x20000184   Data          16  system_cs32f0xx.o(.data)
    .data                                    0x20000194   Section       13  main.o(.data)
    appAddress                               0x20000194   Data           4  main.o(.data)
    appFunction                              0x20000198   Data           4  main.o(.data)
    delayCnt                                 0x2000019c   Data           4  main.o(.data)
    dispCnt                                  0x200001a0   Data           1  main.o(.data)
    .bss                                     0x200001a4   Section       96  libspace.o(.bss)
    HEAP                                     0x20000208   Section     1024  startup_cs32f031.o(HEAP)
    Heap_Mem                                 0x20000208   Data        1024  startup_cs32f031.o(HEAP)
    STACK                                    0x20000608   Section     1024  startup_cs32f031.o(STACK)
    Stack_Mem                                0x20000608   Data        1024  startup_cs32f031.o(STACK)
    __initial_sp                             0x20000a08   Data           0  startup_cs32f031.o(STACK)

    Global Symbols

    Symbol Name                              Value     Ov Type        Size  Object(Section)

    BuildAttributes$$THM_ISAv3M$S$PE$A:L22$X:L11$S22$IEEE1$IW$USESV6$~STKCKD$USESV7$~SHL$OSPACE$ROPI$EBA8$UX$STANDARDLIB$REQ8$PRES8$EABIv2 0x00000000   Number         0  anon$$obj.o ABSOLUTE
    __ARM_use_no_argv                        0x00000000   Number         0  main.o ABSOLUTE
    __ARM_exceptions_init                     - Undefined Weak Reference
    __alloca_initialize                       - Undefined Weak Reference
    __arm_fini_                               - Undefined Weak Reference
    __arm_preinit_                            - Undefined Weak Reference
    __cpp_initialize__aeabi_                  - Undefined Weak Reference
    __cxa_finalize                            - Undefined Weak Reference
    __rt_locale                               - Undefined Weak Reference
    __sigvec_lookup                           - Undefined Weak Reference
    _atexit_init                              - Undefined Weak Reference
    _call_atexit_fns                          - Undefined Weak Reference
    _clock_init                               - Undefined Weak Reference
    _fp_trap_init                             - Undefined Weak Reference
    _fp_trap_shutdown                         - Undefined Weak Reference
    _get_lc_collate                           - Undefined Weak Reference
    _get_lc_ctype                             - Undefined Weak Reference
    _get_lc_monetary                          - Undefined Weak Reference
    _get_lc_numeric                           - Undefined Weak Reference
    _get_lc_time                              - Undefined Weak Reference
    _getenv_init                              - Undefined Weak Reference
    _handle_redirection                       - Undefined Weak Reference
    _init_alloc                               - Undefined Weak Reference
    _init_user_alloc                          - Undefined Weak Reference
    _initio                                   - Undefined Weak Reference
    _rand_init                                - Undefined Weak Reference
    _signal_finish                            - Undefined Weak Reference
    _signal_init                              - Undefined Weak Reference
    _terminate_alloc                          - Undefined Weak Reference
    _terminate_user_alloc                     - Undefined Weak Reference
    _terminateio                              - Undefined Weak Reference
    __Vectors_Size                           0x000000b8   Number         0  startup_cs32f031.o ABSOLUTE
    __Vectors                                0x08000000   Data           4  startup_cs32f031.o(RESET)
    __Vectors_End                            0x080000b8   Data           0  startup_cs32f031.o(RESET)
    __main                                   0x080000b9   Thumb Code     8  __main.o(!!!main)
    __scatterload                            0x080000c1   Thumb Code     0  __scatter.o(!!!scatter)
    __scatterload_rt2                        0x080000c1   Thumb Code    52  __scatter.o(!!!scatter)
    __scatterload_rt2_thumb_only             0x080000c1   Thumb Code     0  __scatter.o(!!!scatter)
    __scatterload_null                       0x080000d1   Thumb Code     0  __scatter.o(!!!scatter)
    __scatterload_copy                       0x080000fd   Thumb Code    26  __scatter_copy.o(!!handler_copy)
    __scatterload_zeroinit                   0x08000119   Thumb Code    28  __scatter_zi.o(!!handler_zi)
    __rt_lib_init                            0x08000135   Thumb Code     0  libinit.o(.ARM.Collect$$libinit$$00000000)
    __rt_lib_init_alloca_1                   0x08000137   Thumb Code     0  libinit2.o(.ARM.Collect$$libinit$$0000002E)
    __rt_lib_init_argv_1                     0x08000137   Thumb Code     0  libinit2.o(.ARM.Collect$$libinit$$0000002C)
    __rt_lib_init_atexit_1                   0x08000137   Thumb Code     0  libinit2.o(.ARM.Collect$$libinit$$0000001B)
    __rt_lib_init_clock_1                    0x08000137   Thumb Code     0  libinit2.o(.ARM.Collect$$libinit$$00000021)
    __rt_lib_init_cpp_1                      0x08000137   Thumb Code     0  libinit2.o(.ARM.Collect$$libinit$$00000032)
    __rt_lib_init_exceptions_1               0x08000137   Thumb Code     0  libinit2.o(.ARM.Collect$$libinit$$00000030)
    __rt_lib_init_fp_1                       0x08000137   Thumb Code     0  libinit2.o(.ARM.Collect$$libinit$$00000002)
    __rt_lib_init_fp_trap_1                  0x08000137   Thumb Code     0  libinit2.o(.ARM.Collect$$libinit$$0000001F)
    __rt_lib_init_getenv_1                   0x08000137   Thumb Code     0  libinit2.o(.ARM.Collect$$libinit$$00000023)
    __rt_lib_init_heap_1                     0x08000137   Thumb Code     0  libinit2.o(.ARM.Collect$$libinit$$0000000A)
    __rt_lib_init_lc_collate_1               0x08000137   Thumb Code     0  libinit2.o(.ARM.Collect$$libinit$$00000011)
    __rt_lib_init_lc_ctype_1                 0x08000137   Thumb Code     0  libinit2.o(.ARM.Collect$$libinit$$00000013)
    __rt_lib_init_lc_monetary_1              0x08000137   Thumb Code     0  libinit2.o(.ARM.Collect$$libinit$$00000015)
    __rt_lib_init_lc_numeric_1               0x08000137   Thumb Code     0  libinit2.o(.ARM.Collect$$libinit$$00000017)
    __rt_lib_init_lc_time_1                  0x08000137   Thumb Code     0  libinit2.o(.ARM.Collect$$libinit$$00000019)
    __rt_lib_init_preinit_1                  0x08000137   Thumb Code     0  libinit2.o(.ARM.Collect$$libinit$$00000004)
    __rt_lib_init_rand_1                     0x08000137   Thumb Code     0  libinit2.o(.ARM.Collect$$libinit$$0000000E)
    __rt_lib_init_return                     0x08000137   Thumb Code     0  libinit2.o(.ARM.Collect$$libinit$$00000033)
    __rt_lib_init_signal_1                   0x08000137   Thumb Code     0  libinit2.o(.ARM.Collect$$libinit$$0000001D)
    __rt_lib_init_stdio_1                    0x08000137   Thumb Code     0  libinit2.o(.ARM.Collect$$libinit$$00000025)
    __rt_lib_init_user_alloc_1               0x08000137   Thumb Code     0  libinit2.o(.ARM.Collect$$libinit$$0000000C)
    __rt_lib_shutdown                        0x08000139   Thumb Code     0  libshutdown.o(.ARM.Collect$$libshutdown$$00000000)
    __rt_lib_shutdown_cpp_1                  0x0800013b   Thumb Code     0  libshutdown2.o(.ARM.Collect$$libshutdown$$00000004)
    __rt_lib_shutdown_fini_1                 0x0800013b   Thumb Code     0  libshutdown2.o(.ARM.Collect$$libshutdown$$00000002)
    __rt_lib_shutdown_fp_trap_1              0x0800013b   Thumb Code     0  libshutdown2.o(.ARM.Collect$$libshutdown$$00000009)
    __rt_lib_shutdown_heap_1                 0x0800013b   Thumb Code     0  libshutdown2.o(.ARM.Collect$$libshutdown$$00000011)
    __rt_lib_shutdown_return                 0x0800013b   Thumb Code     0  libshutdown2.o(.ARM.Collect$$libshutdown$$00000012)
    __rt_lib_shutdown_signal_1               0x0800013b   Thumb Code     0  libshutdown2.o(.ARM.Collect$$libshutdown$$0000000C)
    __rt_lib_shutdown_stdio_1                0x0800013b   Thumb Code     0  libshutdown2.o(.ARM.Collect$$libshutdown$$00000006)
    __rt_lib_shutdown_user_alloc_1           0x0800013b   Thumb Code     0  libshutdown2.o(.ARM.Collect$$libshutdown$$0000000E)
    __rt_entry                               0x0800013d   Thumb Code     0  __rtentry.o(.ARM.Collect$$rtentry$$00000000)
    __rt_entry_presh_1                       0x0800013d   Thumb Code     0  __rtentry2.o(.ARM.Collect$$rtentry$$00000002)
    __rt_entry_sh                            0x0800013d   Thumb Code     0  __rtentry4.o(.ARM.Collect$$rtentry$$00000004)
    __rt_entry_li                            0x08000143   Thumb Code     0  __rtentry2.o(.ARM.Collect$$rtentry$$0000000A)
    __rt_entry_postsh_1                      0x08000143   Thumb Code     0  __rtentry2.o(.ARM.Collect$$rtentry$$00000009)
    __rt_entry_main                          0x08000147   Thumb Code     0  __rtentry2.o(.ARM.Collect$$rtentry$$0000000D)
    __rt_entry_postli_1                      0x08000147   Thumb Code     0  __rtentry2.o(.ARM.Collect$$rtentry$$0000000C)
    __rt_exit                                0x0800014f   Thumb Code     0  rtexit.o(.ARM.Collect$$rtexit$$00000000)
    __rt_exit_ls                             0x08000151   Thumb Code     0  rtexit2.o(.ARM.Collect$$rtexit$$00000003)
    __rt_exit_prels_1                        0x08000151   Thumb Code     0  rtexit2.o(.ARM.Collect$$rtexit$$00000002)
    __rt_exit_exit                           0x08000155   Thumb Code     0  rtexit2.o(.ARM.Collect$$rtexit$$00000004)
    __aeabi_memcpy4                          0x0800015d   Thumb Code    56  rt_memcpy.o(.emb_text)
    __aeabi_memcpy8                          0x0800015d   Thumb Code     0  rt_memcpy.o(.emb_text)
    Reset_Handler                            0x08000195   Thumb Code     8  startup_cs32f031.o(.text)
    NMI_Handler                              0x0800019d   Thumb Code     2  startup_cs32f031.o(.text)
    HardFault_Handler                        0x0800019f   Thumb Code     2  startup_cs32f031.o(.text)
    SVC_Handler                              0x080001a1   Thumb Code     2  startup_cs32f031.o(.text)
    PendSV_Handler                           0x080001a3   Thumb Code     2  startup_cs32f031.o(.text)
    ADC1_IRQHandler                          0x080001a7   Thumb Code     0  startup_cs32f031.o(.text)
    DMA1_Channel1_IRQHandler                 0x080001a7   Thumb Code     0  startup_cs32f031.o(.text)
    DMA1_Channel2_3_IRQHandler               0x080001a7   Thumb Code     0  startup_cs32f031.o(.text)
    DMA1_Channel4_5_IRQHandler               0x080001a7   Thumb Code     0  startup_cs32f031.o(.text)
    EXTI0_1_IRQHandler                       0x080001a7   Thumb Code     0  startup_cs32f031.o(.text)
    EXTI2_3_IRQHandler                       0x080001a7   Thumb Code     0  startup_cs32f031.o(.text)
    EXTI4_15_IRQHandler                      0x080001a7   Thumb Code     0  startup_cs32f031.o(.text)
    FLASH_IRQHandler                         0x080001a7   Thumb Code     0  startup_cs32f031.o(.text)
    I2C1_IRQHandler                          0x080001a7   Thumb Code     0  startup_cs32f031.o(.text)
    I2C2_IRQHandler                          0x080001a7   Thumb Code     0  startup_cs32f031.o(.text)
    LVD_IRQHandler                           0x080001a7   Thumb Code     0  startup_cs32f031.o(.text)
    RCU_IRQHandler                           0x080001a7   Thumb Code     0  startup_cs32f031.o(.text)
    RTC_IRQHandler                           0x080001a7   Thumb Code     0  startup_cs32f031.o(.text)
    SPI1_IRQHandler                          0x080001a7   Thumb Code     0  startup_cs32f031.o(.text)
    SPI2_IRQHandler                          0x080001a7   Thumb Code     0  startup_cs32f031.o(.text)
    TIM14_IRQHandler                         0x080001a7   Thumb Code     0  startup_cs32f031.o(.text)
    TIM15_IRQHandler                         0x080001a7   Thumb Code     0  startup_cs32f031.o(.text)
    TIM16_IRQHandler                         0x080001a7   Thumb Code     0  startup_cs32f031.o(.text)
    TIM17_IRQHandler                         0x080001a7   Thumb Code     0  startup_cs32f031.o(.text)
    TIM1_BRK_UP_TRG_COM_IRQHandler           0x080001a7   Thumb Code     0  startup_cs32f031.o(.text)
    TIM1_CC_IRQHandler                       0x080001a7   Thumb Code     0  startup_cs32f031.o(.text)
    TIM2_IRQHandler                          0x080001a7   Thumb Code     0  startup_cs32f031.o(.text)
    TIM3_IRQHandler                          0x080001a7   Thumb Code     0  startup_cs32f031.o(.text)
    TIM6_IRQHandler                          0x080001a7   Thumb Code     0  startup_cs32f031.o(.text)
    USART1_IRQHandler                        0x080001a7   Thumb Code     0  startup_cs32f031.o(.text)
    USART2_IRQHandler                        0x080001a7   Thumb Code     0  startup_cs32f031.o(.text)
    USART6_8_IRQHandler                      0x080001a7   Thumb Code     0  startup_cs32f031.o(.text)
    WWDT_IRQHandler                          0x080001a7   Thumb Code     0  startup_cs32f031.o(.text)
    __user_initial_stackheap                 0x080001a9   Thumb Code     0  startup_cs32f031.o(.text)
    __aeabi_memcpy                           0x080001cd   Thumb Code   130  rt_memcpy.o(.text)
    __rt_memcpy                              0x080001cd   Thumb Code     0  rt_memcpy.o(.text)
    __aeabi_uidiv                            0x0800024f   Thumb Code     0  aeabi_sdiv.o(.text)
    __aeabi_uidivmod                         0x0800024f   Thumb Code    20  aeabi_sdiv.o(.text)
    __aeabi_idiv                             0x08000263   Thumb Code     0  aeabi_sdiv.o(.text)
    __aeabi_idivmod                          0x08000263   Thumb Code   326  aeabi_sdiv.o(.text)
    __use_two_region_memory                  0x080003a9   Thumb Code     2  heapauxi.o(.text)
    __rt_heap_escrow$2region                 0x080003ab   Thumb Code     2  heapauxi.o(.text)
    __rt_heap_expand$2region                 0x080003ad   Thumb Code     2  heapauxi.o(.text)
    __user_setup_stackheap                   0x080003af   Thumb Code    62  sys_stackheap_outer.o(.text)
    exit                                     0x080003ed   Thumb Code    16  exit.o(.text)
    __user_libspace                          0x080003fd   Thumb Code     8  libspace.o(.text)
    __user_perproc_libspace                  0x080003fd   Thumb Code     0  libspace.o(.text)
    __user_perthread_libspace                0x080003fd   Thumb Code     0  libspace.o(.text)
    _sys_exit                                0x08000405   Thumb Code     8  sys_exit.o(.text)
    __I$use$semihosting                      0x08000411   Thumb Code     0  use_no_semi.o(.text)
    __use_no_semihosting_swi                 0x08000411   Thumb Code     2  use_no_semi.o(.text)
    __semihosting_library_function           0x08000413   Thumb Code     0  indicate_semi.o(.text)
    Delay_Ms                                 0x08000415   Thumb Code    16  main.o(i.Delay_Ms)
    SysTick_Handler                          0x080005cd   Thumb Code    20  main.o(i.SysTick_Handler)
    SystemCoreClockUpdate                    0x080005e5   Thumb Code   154  system_cs32f0xx.o(i.SystemCoreClockUpdate)
    SystemInit                               0x08000695   Thumb Code   110  system_cs32f0xx.o(i.SystemInit)
    gpio_mode_set                            0x08000789   Thumb Code   164  cs32f0xx_gpio.o(i.gpio_mode_set)
    main                                     0x0800082d   Thumb Code    66  main.o(i.main)
    Region$$Table$$Base                      0x08000878   Number         0  anon$$obj.o(Region$$Table)
    Region$$Table$$Limit                     0x08000898   Number         0  anon$$obj.o(Region$$Table)
    vectors                                  0x200000c0   Data         192  main.o(.ARM. __at_0x20000000)
    SystemCoreClock                          0x20000180   Data           4  system_cs32f0xx.o(.data)
    __libspace_start                         0x200001a4   Data          96  libspace.o(.bss)
    __temporary_stack_top$libspace           0x20000204   Data           0  libspace.o(.bss)



==============================================================================

Memory Map of the image

  Image Entry point : 0x080000b9

  Load Region LR_IROM1 (Base: 0x08000000, Size: 0x0000097c, Max: 0x00010000, ABSOLUTE)

    Execution Region ER_IROM1 (Exec base: 0x08000000, Load base: 0x08000000, Size: 0x00000898, Max: 0x00010000, ABSOLUTE)

    Exec Addr    Load Addr    Size         Type   Attr      Idx    E Section Name        Object

    0x08000000   0x08000000   0x000000b8   Data   RO            3    RESET               startup_cs32f031.o
    0x080000b8   0x080000b8   0x00000008   Code   RO          614  * !!!main             c_p.l(__main.o)
    0x080000c0   0x080000c0   0x0000003c   Code   RO          785    !!!scatter          c_p.l(__scatter.o)
    0x080000fc   0x080000fc   0x0000001a   Code   RO          787    !!handler_copy      c_p.l(__scatter_copy.o)
    0x08000116   0x08000116   0x00000002   PAD
    0x08000118   0x08000118   0x0000001c   Code   RO          789    !!handler_zi        c_p.l(__scatter_zi.o)
    0x08000134   0x08000134   0x00000002   Code   RO          652    .ARM.Collect$$libinit$$00000000  c_p.l(libinit.o)
    0x08000136   0x08000136   0x00000000   Code   RO          666    .ARM.Collect$$libinit$$00000002  c_p.l(libinit2.o)
    0x08000136   0x08000136   0x00000000   Code   RO          668    .ARM.Collect$$libinit$$00000004  c_p.l(libinit2.o)
    0x08000136   0x08000136   0x00000000   Code   RO          671    .ARM.Collect$$libinit$$0000000A  c_p.l(libinit2.o)
    0x08000136   0x08000136   0x00000000   Code   RO          673    .ARM.Collect$$libinit$$0000000C  c_p.l(libinit2.o)
    0x08000136   0x08000136   0x00000000   Code   RO          675    .ARM.Collect$$libinit$$0000000E  c_p.l(libinit2.o)
    0x08000136   0x08000136   0x00000000   Code   RO          678    .ARM.Collect$$libinit$$00000011  c_p.l(libinit2.o)
    0x08000136   0x08000136   0x00000000   Code   RO          680    .ARM.Collect$$libinit$$00000013  c_p.l(libinit2.o)
    0x08000136   0x08000136   0x00000000   Code   RO          682    .ARM.Collect$$libinit$$00000015  c_p.l(libinit2.o)
    0x08000136   0x08000136   0x00000000   Code   RO          684    .ARM.Collect$$libinit$$00000017  c_p.l(libinit2.o)
    0x08000136   0x08000136   0x00000000   Code   RO          686    .ARM.Collect$$libinit$$00000019  c_p.l(libinit2.o)
    0x08000136   0x08000136   0x00000000   Code   RO          688    .ARM.Collect$$libinit$$0000001B  c_p.l(libinit2.o)
    0x08000136   0x08000136   0x00000000   Code   RO          690    .ARM.Collect$$libinit$$0000001D  c_p.l(libinit2.o)
    0x08000136   0x08000136   0x00000000   Code   RO          692    .ARM.Collect$$libinit$$0000001F  c_p.l(libinit2.o)
    0x08000136   0x08000136   0x00000000   Code   RO          694    .ARM.Collect$$libinit$$00000021  c_p.l(libinit2.o)
    0x08000136   0x08000136   0x00000000   Code   RO          696    .ARM.Collect$$libinit$$00000023  c_p.l(libinit2.o)
    0x08000136   0x08000136   0x00000000   Code   RO          698    .ARM.Collect$$libinit$$00000025  c_p.l(libinit2.o)
    0x08000136   0x08000136   0x00000000   Code   RO          702    .ARM.Collect$$libinit$$0000002C  c_p.l(libinit2.o)
    0x08000136   0x08000136   0x00000000   Code   RO          704    .ARM.Collect$$libinit$$0000002E  c_p.l(libinit2.o)
    0x08000136   0x08000136   0x00000000   Code   RO          706    .ARM.Collect$$libinit$$00000030  c_p.l(libinit2.o)
    0x08000136   0x08000136   0x00000000   Code   RO          708    .ARM.Collect$$libinit$$00000032  c_p.l(libinit2.o)
    0x08000136   0x08000136   0x00000002   Code   RO          709    .ARM.Collect$$libinit$$00000033  c_p.l(libinit2.o)
    0x08000138   0x08000138   0x00000002   Code   RO          740    .ARM.Collect$$libshutdown$$00000000  c_p.l(libshutdown.o)
    0x0800013a   0x0800013a   0x00000000   Code   RO          766    .ARM.Collect$$libshutdown$$00000002  c_p.l(libshutdown2.o)
    0x0800013a   0x0800013a   0x00000000   Code   RO          768    .ARM.Collect$$libshutdown$$00000004  c_p.l(libshutdown2.o)
    0x0800013a   0x0800013a   0x00000000   Code   RO          770    .ARM.Collect$$libshutdown$$00000006  c_p.l(libshutdown2.o)
    0x0800013a   0x0800013a   0x00000000   Code   RO          773    .ARM.Collect$$libshutdown$$00000009  c_p.l(libshutdown2.o)
    0x0800013a   0x0800013a   0x00000000   Code   RO          776    .ARM.Collect$$libshutdown$$0000000C  c_p.l(libshutdown2.o)
    0x0800013a   0x0800013a   0x00000000   Code   RO          778    .ARM.Collect$$libshutdown$$0000000E  c_p.l(libshutdown2.o)
    0x0800013a   0x0800013a   0x00000000   Code   RO          781    .ARM.Collect$$libshutdown$$00000011  c_p.l(libshutdown2.o)
    0x0800013a   0x0800013a   0x00000002   Code   RO          782    .ARM.Collect$$libshutdown$$00000012  c_p.l(libshutdown2.o)
    0x0800013c   0x0800013c   0x00000000   Code   RO          616    .ARM.Collect$$rtentry$$00000000  c_p.l(__rtentry.o)
    0x0800013c   0x0800013c   0x00000000   Code   RO          622    .ARM.Collect$$rtentry$$00000002  c_p.l(__rtentry2.o)
    0x0800013c   0x0800013c   0x00000006   Code   RO          634    .ARM.Collect$$rtentry$$00000004  c_p.l(__rtentry4.o)
    0x08000142   0x08000142   0x00000000   Code   RO          624    .ARM.Collect$$rtentry$$00000009  c_p.l(__rtentry2.o)
    0x08000142   0x08000142   0x00000004   Code   RO          625    .ARM.Collect$$rtentry$$0000000A  c_p.l(__rtentry2.o)
    0x08000146   0x08000146   0x00000000   Code   RO          627    .ARM.Collect$$rtentry$$0000000C  c_p.l(__rtentry2.o)
    0x08000146   0x08000146   0x00000008   Code   RO          628    .ARM.Collect$$rtentry$$0000000D  c_p.l(__rtentry2.o)
    0x0800014e   0x0800014e   0x00000002   Code   RO          657    .ARM.Collect$$rtexit$$00000000  c_p.l(rtexit.o)
    0x08000150   0x08000150   0x00000000   Code   RO          713    .ARM.Collect$$rtexit$$00000002  c_p.l(rtexit2.o)
    0x08000150   0x08000150   0x00000004   Code   RO          714    .ARM.Collect$$rtexit$$00000003  c_p.l(rtexit2.o)
    0x08000154   0x08000154   0x00000006   Code   RO          715    .ARM.Collect$$rtexit$$00000004  c_p.l(rtexit2.o)
    0x0800015a   0x0800015a   0x00000002   PAD
    0x0800015c   0x0800015c   0x00000038   Code   RO          604    .emb_text           c_p.l(rt_memcpy.o)
    0x08000194   0x08000194   0x00000038   Code   RO            4    .text               startup_cs32f031.o
    0x080001cc   0x080001cc   0x00000082   Code   RO          605    .text               c_p.l(rt_memcpy.o)
    0x0800024e   0x0800024e   0x0000015a   Code   RO          608    .text               c_p.l(aeabi_sdiv.o)
    0x080003a8   0x080003a8   0x00000006   Code   RO          612    .text               c_p.l(heapauxi.o)
    0x080003ae   0x080003ae   0x0000003e   Code   RO          638    .text               c_p.l(sys_stackheap_outer.o)
    0x080003ec   0x080003ec   0x00000010   Code   RO          641    .text               c_p.l(exit.o)
    0x080003fc   0x080003fc   0x00000008   Code   RO          653    .text               c_p.l(libspace.o)
    0x08000404   0x08000404   0x0000000c   Code   RO          710    .text               c_p.l(sys_exit.o)
    0x08000410   0x08000410   0x00000002   Code   RO          729    .text               c_p.l(use_no_semi.o)
    0x08000412   0x08000412   0x00000000   Code   RO          731    .text               c_p.l(indicate_semi.o)
    0x08000412   0x08000412   0x00000002   PAD
    0x08000414   0x08000414   0x00000014   Code   RO          532    i.Delay_Ms          main.o
    0x08000428   0x08000428   0x0000004c   Code   RO          533    i.Hal_DeInit        main.o
    0x08000474   0x08000474   0x00000070   Code   RO          534    i.Hardware_Init     main.o
    0x080004e4   0x080004e4   0x00000068   Code   RO          535    i.Jump_To_App       main.o
    0x0800054c   0x0800054c   0x00000080   Code   RO           12    i.SetSysClock       system_cs32f0xx.o
    0x080005cc   0x080005cc   0x00000018   Code   RO          536    i.SysTick_Handler   main.o
    0x080005e4   0x080005e4   0x000000b0   Code   RO           13    i.SystemCoreClockUpdate  system_cs32f0xx.o
    0x08000694   0x08000694   0x0000007c   Code   RO           14    i.SystemInit        system_cs32f0xx.o
    0x08000710   0x08000710   0x00000078   Code   RO          537    i.__NVIC_SetPriority  main.o
    0x08000788   0x08000788   0x000000a4   Code   RO          240    i.gpio_mode_set     cs32f0xx_gpio.o
    0x0800082c   0x0800082c   0x0000004c   Code   RO          538    i.main              main.o
    0x08000878   0x08000878   0x00000020   Data   RO          783    Region$$Table       anon$$obj.o


    Execution Region RW_IRAM1 (Exec base: 0x20000000, Load base: 0x08000898, Size: 0x00000000, Max: 0x000000c0, ABSOLUTE)

    **** No section assigned to this execution region ****


    Execution Region RW_IRAM2 (Exec base: 0x200000c0, Load base: 0x08000898, Size: 0x00000948, Max: 0x00001f40, ABSOLUTE)

    Exec Addr    Load Addr    Size         Type   Attr      Idx    E Section Name        Object

    0x200000c0   0x08000898   0x000000c0   Data   RW          539    .ARM. __at_0x20000000  main.o
    0x20000180   0x08000958   0x00000014   Data   RW           15    .data               system_cs32f0xx.o
    0x20000194   0x0800096c   0x0000000d   Data   RW          540    .data               main.o
    0x200001a1   0x08000979   0x00000003   PAD
    0x200001a4        -       0x00000060   Zero   RW          654    .bss                c_p.l(libspace.o)
    0x20000204   0x08000979   0x00000004   PAD
    0x20000208        -       0x00000400   Zero   RW            2    HEAP                startup_cs32f031.o
    0x20000608        -       0x00000400   Zero   RW            1    STACK               startup_cs32f031.o


==============================================================================

Image component sizes


      Code (inc. data)   RO Data    RW Data    ZI Data      Debug   Object Name

         0          0          0          0          0      82758   cs32f0xx_flash.o
       164          0          0          0          0       1504   cs32f0xx_gpio.o
       532         76          0        205          0      14554   main.o
        56         26        184          0       2048        688   startup_cs32f031.o
       428         46          0         20          0       6903   system_cs32f0xx.o

    ----------------------------------------------------------------------
      1180        148        216        228       2048     106407   Object Totals
         0          0         32          0          0          0   (incl. Generated)
         0          0          0          3          0          0   (incl. Padding)

    ----------------------------------------------------------------------

      Code (inc. data)   RO Data    RW Data    ZI Data      Debug   Library Member Name

         8          0          0          0          0         68   __main.o
         0          0          0          0          0          0   __rtentry.o
        12          0          0          0          0          0   __rtentry2.o
         6          0          0          0          0          0   __rtentry4.o
        60          8          0          0          0          0   __scatter.o
        26          0          0          0          0          0   __scatter_copy.o
        28          0          0          0          0          0   __scatter_zi.o
       346          0          0          0          0         92   aeabi_sdiv.o
        16          0          0          0          0         68   exit.o
         6          0          0          0          0        136   heapauxi.o
         0          0          0          0          0          0   indicate_semi.o
         2          0          0          0          0          0   libinit.o
         2          0          0          0          0          0   libinit2.o
         2          0          0          0          0          0   libshutdown.o
         2          0          0          0          0          0   libshutdown2.o
         8          4          0          0         96         68   libspace.o
       186          0          0          0          0        144   rt_memcpy.o
         2          0          0          0          0          0   rtexit.o
        10          0          0          0          0          0   rtexit2.o
        12          4          0          0          0         60   sys_exit.o
        62          0          0          0          0         80   sys_stackheap_outer.o
         2          0          0          0          0         68   use_no_semi.o

    ----------------------------------------------------------------------
       804         16          0          0        100        784   Library Totals
         6          0          0          0          4          0   (incl. Padding)

    ----------------------------------------------------------------------

      Code (inc. data)   RO Data    RW Data    ZI Data      Debug   Library Name

       798         16          0          0         96        784   c_p.l

    ----------------------------------------------------------------------
       804         16          0          0        100        784   Library Totals

    ----------------------------------------------------------------------

==============================================================================


      Code (inc. data)   RO Data    RW Data    ZI Data      Debug   

      1984        164        216        228       2148     106511   Grand Totals
      1984        164        216        228       2148     106511   ELF Image Totals
      1984        164        216        228          0          0   ROM Totals

==============================================================================

    Total RO  Size (Code + RO Data)                 2200 (   2.15kB)
    Total RW  Size (RW Data + ZI Data)              2376 (   2.32kB)
    Total ROM Size (Code + RO Data + RW Data)       2428 (   2.37kB)

==============================================================================

