Component: ARM Compiler 5.06 update 7 (build 960) Tool: armlink [4d3601]

==============================================================================

Section Cross References

    startup_cs32f031.o(RESET) refers to startup_cs32f031.o(STACK) for __initial_sp
    startup_cs32f031.o(RESET) refers to startup_cs32f031.o(.text) for Reset_Handler
    startup_cs32f031.o(RESET) refers to main.o(i.SysTick_Handler) for SysTick_Handler
    startup_cs32f031.o(.text) refers to system_cs32f0xx.o(i.SystemInit) for SystemInit
    startup_cs32f031.o(.text) refers to entry.o(.ARM.Collect$$$$00000000) for __main
    system_cs32f0xx.o(i.SystemCoreClockUpdate) refers to uidiv.o(.text) for __aeabi_uidivmod
    system_cs32f0xx.o(i.SystemCoreClockUpdate) refers to system_cs32f0xx.o(.data) for SystemCoreClock
    system_cs32f0xx.o(i.SystemInit) refers to system_cs32f0xx.o(i.SetSysClock) for SetSysClock
    cs32f0xx_flash.o(i.flash_all_pages_erase) refers to cs32f0xx_flash.o(i.flash_operation_wait) for flash_operation_wait
    cs32f0xx_flash.o(i.flash_half_word_program) refers to cs32f0xx_flash.o(i.flash_operation_wait) for flash_operation_wait
    cs32f0xx_flash.o(i.flash_option_bytes_erase) refers to cs32f0xx_flash.o(i.flash_operation_wait) for flash_operation_wait
    cs32f0xx_flash.o(i.flash_option_bytes_read_protect_config) refers to cs32f0xx_flash.o(i.flash_option_bytes_set) for flash_option_bytes_set
    cs32f0xx_flash.o(i.flash_option_bytes_set) refers to cs32f0xx_flash.o(i.flash_operation_wait) for flash_operation_wait
    cs32f0xx_flash.o(i.flash_option_bytes_user_set) refers to cs32f0xx_flash.o(i.flash_option_bytes_set) for flash_option_bytes_set
    cs32f0xx_flash.o(i.flash_option_bytes_write_protect_enable) refers to cs32f0xx_flash.o(i.flash_option_bytes_set) for flash_option_bytes_set
    cs32f0xx_flash.o(i.flash_page_erase) refers to cs32f0xx_flash.o(i.flash_operation_wait) for flash_operation_wait
    cs32f0xx_flash.o(i.flash_word_program) refers to cs32f0xx_flash.o(i.flash_operation_wait) for flash_operation_wait
    cs32f0xx_tim.o(i.tim_chic_init) refers to cs32f0xx_tim.o(i.tim_chic_config) for tim_chic_config
    cs32f0xx_tim.o(i.tim_chic_init) refers to cs32f0xx_tim.o(i.tim_chic_predivider_set) for tim_chic_predivider_set
    cs32f0xx_tim.o(i.tim_external_clock_mode1_config) refers to cs32f0xx_tim.o(i.tim_external_trigger_config) for tim_external_trigger_config
    cs32f0xx_tim.o(i.tim_external_clock_mode2_config) refers to cs32f0xx_tim.o(i.tim_external_trigger_config) for tim_external_trigger_config
    cs32f0xx_tim.o(i.tim_internal_trigger_external_clock_config) refers to cs32f0xx_tim.o(i.tim_input_trigger_set) for tim_input_trigger_set
    cs32f0xx_tim.o(i.tim_pwmi_config) refers to cs32f0xx_tim.o(i.tim_chic_config) for tim_chic_config
    cs32f0xx_tim.o(i.tim_pwmi_config) refers to cs32f0xx_tim.o(i.tim_chic_predivider_set) for tim_chic_predivider_set
    cs32f0xx_tim.o(i.tim_ti_external_clock_config) refers to cs32f0xx_tim.o(i.tim_chic_config) for tim_chic_config
    cs32f0xx_tim.o(i.tim_ti_external_clock_config) refers to cs32f0xx_tim.o(i.tim_input_trigger_set) for tim_input_trigger_set
    main.o(i.App_Flash_Erase) refers to main.o(i.Drv_Flash_Erase_Page) for Drv_Flash_Erase_Page
    main.o(i.App_Flash_Erase) refers to main.o(.data) for userData
    main.o(i.App_Flash_Get_Checksum) refers to main.o(i.InvertUint16) for InvertUint16
    main.o(i.App_Flash_Write) refers to cs32f0xx_flash.o(i.flash_unlock) for flash_unlock
    main.o(i.App_Flash_Write) refers to cs32f0xx_flash.o(i.flash_word_program) for flash_word_program
    main.o(i.App_Flash_Write) refers to cs32f0xx_flash.o(i.flash_lock) for flash_lock
    main.o(i.Drv_Flash_Erase_Page) refers to cs32f0xx_flash.o(i.flash_unlock) for flash_unlock
    main.o(i.Drv_Flash_Erase_Page) refers to cs32f0xx_flash.o(i.flash_page_erase) for flash_page_erase
    main.o(i.Drv_Flash_Erase_Page) refers to cs32f0xx_flash.o(i.flash_lock) for flash_lock
    main.o(i.Jump_To_App) refers to memcpya.o(.text) for __aeabi_memcpy
    main.o(i.Jump_To_App) refers to main.o(i.Hal_DeInit) for Hal_DeInit
    main.o(i.Jump_To_App) refers to vector.o(.bss) for Vectors
    main.o(i.Jump_To_App) refers to main.o(.data) for JumpAddress
    main.o(i.SysTick_Handler) refers to main.o(i.timing_delay_decrement) for timing_delay_decrement
    main.o(i.User_Data_Get) refers to main.o(.data) for userData
    main.o(i.User_Data_Set) refers to main.o(i.Drv_Flash_Erase_Page) for Drv_Flash_Erase_Page
    main.o(i.User_Data_Set) refers to main.o(i.App_Flash_Write) for App_Flash_Write
    main.o(i.User_Data_Set) refers to main.o(.data) for userData
    main.o(i.delay) refers to main.o(.data) for timing_delay
    main.o(i.main) refers to uidiv.o(.text) for __aeabi_uidivmod
    main.o(i.main) refers to main.o(i.__NVIC_SetPriority) for __NVIC_SetPriority
    main.o(i.main) refers to main.o(i.User_Data_Get) for User_Data_Get
    main.o(i.main) refers to main.o(i.App_Flash_Erase) for App_Flash_Erase
    main.o(i.main) refers to main.o(i.App_Flash_Write) for App_Flash_Write
    main.o(i.main) refers to main.o(i.App_Flash_Get_Checksum) for App_Flash_Get_Checksum
    main.o(i.main) refers to main.o(i.User_Data_Set) for User_Data_Set
    main.o(i.main) refers to main.o(i.Jump_To_App) for Jump_To_App
    main.o(i.main) refers to system_cs32f0xx.o(.data) for SystemCoreClock
    main.o(i.main) refers to main.o(.data) for userData
    main.o(i.timing_delay_decrement) refers to main.o(.data) for timing_delay
    entry.o(.ARM.Collect$$$$00000000) refers (Special) to entry10a.o(.ARM.Collect$$$$0000000F) for __rt_final_cpp
    entry.o(.ARM.Collect$$$$00000000) refers (Special) to entry11a.o(.ARM.Collect$$$$00000011) for __rt_final_exit
    entry.o(.ARM.Collect$$$$00000000) refers (Special) to entry12b.o(.ARM.Collect$$$$0000000E) for __rt_lib_shutdown_fini
    entry.o(.ARM.Collect$$$$00000000) refers (Special) to entry7b.o(.ARM.Collect$$$$00000008) for _main_clock
    entry.o(.ARM.Collect$$$$00000000) refers (Special) to entry8b.o(.ARM.Collect$$$$0000000A) for _main_cpp_init
    entry.o(.ARM.Collect$$$$00000000) refers (Special) to entry9a.o(.ARM.Collect$$$$0000000B) for _main_init
    entry.o(.ARM.Collect$$$$00000000) refers (Special) to entry5.o(.ARM.Collect$$$$00000004) for _main_scatterload
    entry.o(.ARM.Collect$$$$00000000) refers (Special) to entry2.o(.ARM.Collect$$$$00000001) for _main_stk
    entry2.o(.ARM.Collect$$$$00000001) refers to entry2.o(.ARM.Collect$$$$00002712) for __lit__00000000
    entry2.o(.ARM.Collect$$$$00002712) refers to startup_cs32f031.o(STACK) for __initial_sp
    entry2.o(__vectab_stack_and_reset_area) refers to startup_cs32f031.o(STACK) for __initial_sp
    entry2.o(__vectab_stack_and_reset_area) refers to entry.o(.ARM.Collect$$$$00000000) for __main
    entry5.o(.ARM.Collect$$$$00000004) refers to init.o(.text) for __scatterload
    entry9a.o(.ARM.Collect$$$$0000000B) refers to main.o(i.main) for main
    entry9b.o(.ARM.Collect$$$$0000000C) refers to main.o(i.main) for main
    init.o(.text) refers to entry5.o(.ARM.Collect$$$$00000004) for __main_after_scatterload


==============================================================================

Removing Unused input sections from the image.

    Removing startup_cs32f031.o(HEAP), (1024 bytes).
    Removing system_cs32f0xx.o(.rev16_text), (4 bytes).
    Removing system_cs32f0xx.o(.revsh_text), (4 bytes).
    Removing system_cs32f0xx.o(i.SystemCoreClockUpdate), (176 bytes).
    Removing cs32f0xx_flash.o(.rev16_text), (4 bytes).
    Removing cs32f0xx_flash.o(.revsh_text), (4 bytes).
    Removing cs32f0xx_flash.o(i.flash_all_pages_erase), (60 bytes).
    Removing cs32f0xx_flash.o(i.flash_half_word_program), (52 bytes).
    Removing cs32f0xx_flash.o(i.flash_option_bytes_erase), (152 bytes).
    Removing cs32f0xx_flash.o(i.flash_option_bytes_lock), (20 bytes).
    Removing cs32f0xx_flash.o(i.flash_option_bytes_read_protect_config), (24 bytes).
    Removing cs32f0xx_flash.o(i.flash_option_bytes_set), (204 bytes).
    Removing cs32f0xx_flash.o(i.flash_option_bytes_unlock), (40 bytes).
    Removing cs32f0xx_flash.o(i.flash_option_bytes_user_set), (24 bytes).
    Removing cs32f0xx_flash.o(i.flash_option_bytes_write_protect_enable), (52 bytes).
    Removing cs32f0xx_flash.o(i.flash_wait_counter_set), (20 bytes).
    Removing cs32f0xx_gpio.o(.rev16_text), (4 bytes).
    Removing cs32f0xx_gpio.o(.revsh_text), (4 bytes).
    Removing cs32f0xx_gpio.o(i.gpio_mf_config), (102 bytes).
    Removing cs32f0xx_gpio.o(i.gpio_mode_set), (164 bytes).
    Removing cs32f0xx_gpio.o(i.gpio_pin_lock_config), (30 bytes).
    Removing cs32f0xx_tim.o(.rev16_text), (4 bytes).
    Removing cs32f0xx_tim.o(.revsh_text), (4 bytes).
    Removing cs32f0xx_tim.o(i.tim_base_init), (132 bytes).
    Removing cs32f0xx_tim.o(i.tim_base_struct_init), (18 bytes).
    Removing cs32f0xx_tim.o(i.tim_chcc_enable_ctrl), (24 bytes).
    Removing cs32f0xx_tim.o(i.tim_chcc_polarity_set), (24 bytes).
    Removing cs32f0xx_tim.o(i.tim_chic_config), (86 bytes).
    Removing cs32f0xx_tim.o(i.tim_chic_init), (34 bytes).
    Removing cs32f0xx_tim.o(i.tim_chic_predivider_set), (44 bytes).
    Removing cs32f0xx_tim.o(i.tim_chic_struct_init), (18 bytes).
    Removing cs32f0xx_tim.o(i.tim_chncc_enable_ctrl), (24 bytes).
    Removing cs32f0xx_tim.o(i.tim_chncc_polarity_set), (24 bytes).
    Removing cs32f0xx_tim.o(i.tim_choc_clear_set), (44 bytes).
    Removing cs32f0xx_tim.o(i.tim_choc_fast_set), (44 bytes).
    Removing cs32f0xx_tim.o(i.tim_choc_forced_set), (44 bytes).
    Removing cs32f0xx_tim.o(i.tim_choc_init), (212 bytes).
    Removing cs32f0xx_tim.o(i.tim_choc_mode_set), (56 bytes).
    Removing cs32f0xx_tim.o(i.tim_choc_preload_set), (44 bytes).
    Removing cs32f0xx_tim.o(i.tim_choc_struct_init), (20 bytes).
    Removing cs32f0xx_tim.o(i.tim_clock_division_set), (14 bytes).
    Removing cs32f0xx_tim.o(i.tim_count_pattern_set), (12 bytes).
    Removing cs32f0xx_tim.o(i.tim_dma_access_config), (8 bytes).
    Removing cs32f0xx_tim.o(i.tim_encoder_interface_set), (44 bytes).
    Removing cs32f0xx_tim.o(i.tim_external_clock_mode1_config), (34 bytes).
    Removing cs32f0xx_tim.o(i.tim_external_clock_mode2_config), (34 bytes).
    Removing cs32f0xx_tim.o(i.tim_external_trigger_config), (24 bytes).
    Removing cs32f0xx_tim.o(i.tim_input_trigger_set), (12 bytes).
    Removing cs32f0xx_tim.o(i.tim_internal_clock_config), (10 bytes).
    Removing cs32f0xx_tim.o(i.tim_internal_trigger_external_clock_config), (24 bytes).
    Removing cs32f0xx_tim.o(i.tim_master_slave_set), (12 bytes).
    Removing cs32f0xx_tim.o(i.tim_prescaler_set), (6 bytes).
    Removing cs32f0xx_tim.o(i.tim_protect_config), (30 bytes).
    Removing cs32f0xx_tim.o(i.tim_protect_struct_init), (18 bytes).
    Removing cs32f0xx_tim.o(i.tim_pulse_mode_set), (12 bytes).
    Removing cs32f0xx_tim.o(i.tim_pwmi_config), (148 bytes).
    Removing cs32f0xx_tim.o(i.tim_slave_mode_set), (12 bytes).
    Removing cs32f0xx_tim.o(i.tim_ti_external_clock_config), (62 bytes).
    Removing cs32f0xx_tim.o(i.tim_trigger_output_set), (12 bytes).
    Removing cs32f0xx_tim.o(i.tim_update_request_set), (12 bytes).
    Removing cs32f0xx_misc.o(.rev16_text), (4 bytes).
    Removing cs32f0xx_misc.o(.revsh_text), (4 bytes).
    Removing cs32f0xx_misc.o(i.nvic_init), (104 bytes).
    Removing cs32f0xx_misc.o(i.systick_clock_config), (20 bytes).
    Removing main.o(.rev16_text), (4 bytes).
    Removing main.o(.revsh_text), (4 bytes).
    Removing main.o(i.delay), (24 bytes).
    Removing vector.o(.rev16_text), (4 bytes).
    Removing vector.o(.revsh_text), (4 bytes).

69 unused section(s) (total 3780 bytes) removed from the image.

==============================================================================

Image Symbol Table

    Local Symbols

    Symbol Name                              Value     Ov Type        Size  Object(Section)

    ../clib/microlib/division.c              0x00000000   Number         0  uidiv.o ABSOLUTE
    ../clib/microlib/init/entry.s            0x00000000   Number         0  entry.o ABSOLUTE
    ../clib/microlib/init/entry.s            0x00000000   Number         0  entry12b.o ABSOLUTE
    ../clib/microlib/init/entry.s            0x00000000   Number         0  entry12a.o ABSOLUTE
    ../clib/microlib/init/entry.s            0x00000000   Number         0  entry11b.o ABSOLUTE
    ../clib/microlib/init/entry.s            0x00000000   Number         0  entry10b.o ABSOLUTE
    ../clib/microlib/init/entry.s            0x00000000   Number         0  entry10a.o ABSOLUTE
    ../clib/microlib/init/entry.s            0x00000000   Number         0  entry9b.o ABSOLUTE
    ../clib/microlib/init/entry.s            0x00000000   Number         0  entry9a.o ABSOLUTE
    ../clib/microlib/init/entry.s            0x00000000   Number         0  entry11a.o ABSOLUTE
    ../clib/microlib/init/entry.s            0x00000000   Number         0  entry8b.o ABSOLUTE
    ../clib/microlib/init/entry.s            0x00000000   Number         0  entry8a.o ABSOLUTE
    ../clib/microlib/init/entry.s            0x00000000   Number         0  entry7b.o ABSOLUTE
    ../clib/microlib/init/entry.s            0x00000000   Number         0  entry7a.o ABSOLUTE
    ../clib/microlib/init/entry.s            0x00000000   Number         0  entry5.o ABSOLUTE
    ../clib/microlib/init/entry.s            0x00000000   Number         0  entry2.o ABSOLUTE
    ../clib/microlib/string/memcpy.c         0x00000000   Number         0  memcpyb.o ABSOLUTE
    ../clib/microlib/string/memcpy.c         0x00000000   Number         0  memcpya.o ABSOLUTE
    ..\..\Device\HAL_Driver\src\cs32f0xx_flash.c 0x00000000   Number         0  cs32f0xx_flash.o ABSOLUTE
    ..\..\Device\HAL_Driver\src\cs32f0xx_gpio.c 0x00000000   Number         0  cs32f0xx_gpio.o ABSOLUTE
    ..\..\Device\HAL_Driver\src\cs32f0xx_misc.c 0x00000000   Number         0  cs32f0xx_misc.o ABSOLUTE
    ..\..\Device\HAL_Driver\src\cs32f0xx_tim.c 0x00000000   Number         0  cs32f0xx_tim.o ABSOLUTE
    ..\..\Device\Source\ARM\startup_cs32f031.S 0x00000000   Number         0  startup_cs32f031.o ABSOLUTE
    ..\..\Device\Source\system_cs32f0xx.c    0x00000000   Number         0  system_cs32f0xx.o ABSOLUTE
    ..\User\main.c                           0x00000000   Number         0  main.o ABSOLUTE
    ..\User\vector.c                         0x00000000   Number         0  vector.o ABSOLUTE
    ..\\..\\Device\\HAL_Driver\\src\\cs32f0xx_flash.c 0x00000000   Number         0  cs32f0xx_flash.o ABSOLUTE
    ..\\..\\Device\\HAL_Driver\\src\\cs32f0xx_gpio.c 0x00000000   Number         0  cs32f0xx_gpio.o ABSOLUTE
    ..\\..\\Device\\HAL_Driver\\src\\cs32f0xx_misc.c 0x00000000   Number         0  cs32f0xx_misc.o ABSOLUTE
    ..\\..\\Device\\HAL_Driver\\src\\cs32f0xx_tim.c 0x00000000   Number         0  cs32f0xx_tim.o ABSOLUTE
    ..\\..\\Device\\Source\\system_cs32f0xx.c 0x00000000   Number         0  system_cs32f0xx.o ABSOLUTE
    ..\\User\\main.c                         0x00000000   Number         0  main.o ABSOLUTE
    ..\\User\\vector.c                       0x00000000   Number         0  vector.o ABSOLUTE
    dc.s                                     0x00000000   Number         0  dc.o ABSOLUTE
    handlers.s                               0x00000000   Number         0  handlers.o ABSOLUTE
    init.s                                   0x00000000   Number         0  init.o ABSOLUTE
    RESET                                    0x08000000   Section      184  startup_cs32f031.o(RESET)
    .ARM.Collect$$$$00000000                 0x080000b8   Section        0  entry.o(.ARM.Collect$$$$00000000)
    .ARM.Collect$$$$00000001                 0x080000b8   Section        4  entry2.o(.ARM.Collect$$$$00000001)
    .ARM.Collect$$$$00000004                 0x080000bc   Section        4  entry5.o(.ARM.Collect$$$$00000004)
    .ARM.Collect$$$$00000008                 0x080000c0   Section        0  entry7b.o(.ARM.Collect$$$$00000008)
    .ARM.Collect$$$$0000000A                 0x080000c0   Section        0  entry8b.o(.ARM.Collect$$$$0000000A)
    .ARM.Collect$$$$0000000B                 0x080000c0   Section        8  entry9a.o(.ARM.Collect$$$$0000000B)
    .ARM.Collect$$$$0000000E                 0x080000c8   Section        4  entry12b.o(.ARM.Collect$$$$0000000E)
    .ARM.Collect$$$$0000000F                 0x080000cc   Section        0  entry10a.o(.ARM.Collect$$$$0000000F)
    .ARM.Collect$$$$00000011                 0x080000cc   Section        0  entry11a.o(.ARM.Collect$$$$00000011)
    .ARM.Collect$$$$00002712                 0x080000cc   Section        4  entry2.o(.ARM.Collect$$$$00002712)
    __lit__00000000                          0x080000cc   Data           4  entry2.o(.ARM.Collect$$$$00002712)
    .text                                    0x080000d0   Section       28  startup_cs32f031.o(.text)
    .text                                    0x080000ec   Section        0  uidiv.o(.text)
    .text                                    0x08000118   Section        0  memcpya.o(.text)
    .text                                    0x0800013c   Section       36  init.o(.text)
    i.App_Flash_Erase                        0x08000160   Section        0  main.o(i.App_Flash_Erase)
    App_Flash_Erase                          0x08000161   Thumb Code    30  main.o(i.App_Flash_Erase)
    i.App_Flash_Get_Checksum                 0x08000188   Section        0  main.o(i.App_Flash_Get_Checksum)
    App_Flash_Get_Checksum                   0x08000189   Thumb Code    72  main.o(i.App_Flash_Get_Checksum)
    i.App_Flash_Write                        0x080001d4   Section        0  main.o(i.App_Flash_Write)
    App_Flash_Write                          0x080001d5   Thumb Code   150  main.o(i.App_Flash_Write)
    i.Drv_Flash_Erase_Page                   0x0800026a   Section        0  main.o(i.Drv_Flash_Erase_Page)
    i.Hal_DeInit                             0x08000284   Section        0  main.o(i.Hal_DeInit)
    Hal_DeInit                               0x08000285   Thumb Code    66  main.o(i.Hal_DeInit)
    i.InvertUint16                           0x080002d0   Section        0  main.o(i.InvertUint16)
    i.Jump_To_App                            0x08000300   Section        0  main.o(i.Jump_To_App)
    Jump_To_App                              0x08000301   Thumb Code    78  main.o(i.Jump_To_App)
    i.SetSysClock                            0x08000364   Section        0  system_cs32f0xx.o(i.SetSysClock)
    SetSysClock                              0x08000365   Thumb Code   118  system_cs32f0xx.o(i.SetSysClock)
    i.SysTick_Handler                        0x080003e4   Section        0  main.o(i.SysTick_Handler)
    i.SystemInit                             0x080003ec   Section        0  system_cs32f0xx.o(i.SystemInit)
    i.User_Data_Get                          0x08000468   Section        0  main.o(i.User_Data_Get)
    User_Data_Get                            0x08000469   Thumb Code    24  main.o(i.User_Data_Get)
    i.User_Data_Set                          0x08000488   Section        0  main.o(i.User_Data_Set)
    User_Data_Set                            0x08000489   Thumb Code    20  main.o(i.User_Data_Set)
    i.__NVIC_SetPriority                     0x080004a4   Section        0  main.o(i.__NVIC_SetPriority)
    __NVIC_SetPriority                       0x080004a5   Thumb Code   110  main.o(i.__NVIC_SetPriority)
    i.__scatterload_copy                     0x0800051c   Section       14  handlers.o(i.__scatterload_copy)
    i.__scatterload_null                     0x0800052a   Section        2  handlers.o(i.__scatterload_null)
    i.__scatterload_zeroinit                 0x0800052c   Section       14  handlers.o(i.__scatterload_zeroinit)
    i.flash_lock                             0x0800053c   Section        0  cs32f0xx_flash.o(i.flash_lock)
    i.flash_operation_wait                   0x08000550   Section        0  cs32f0xx_flash.o(i.flash_operation_wait)
    i.flash_page_erase                       0x08000588   Section        0  cs32f0xx_flash.o(i.flash_page_erase)
    i.flash_unlock                           0x080005d4   Section        0  cs32f0xx_flash.o(i.flash_unlock)
    i.flash_word_program                     0x080005f8   Section        0  cs32f0xx_flash.o(i.flash_word_program)
    i.main                                   0x08000638   Section        0  main.o(i.main)
    i.timing_delay_decrement                 0x08000718   Section        0  main.o(i.timing_delay_decrement)
    .bss                                     0x20000000   Section      192  vector.o(.bss)
    .data                                    0x200000c0   Section       20  system_cs32f0xx.o(.data)
    AHBPrescTable                            0x200000c4   Data          16  system_cs32f0xx.o(.data)
    .data                                    0x200000d4   Section       21  main.o(.data)
    userData                                 0x200000d4   Data           8  main.o(.data)
    timing_delay                             0x200000dc   Data           4  main.o(.data)
    i                                        0x200000e8   Data           1  main.o(.data)
    STACK                                    0x200000f0   Section     1024  startup_cs32f031.o(STACK)

    Global Symbols

    Symbol Name                              Value     Ov Type        Size  Object(Section)

    BuildAttributes$$THM_ISAv3M$S$PE$A:L22$X:L11$S22$IEEE1$IW$USESV6$~STKCKD$USESV7$~SHL$OSPACE$EBA8$MICROLIB$REQ8$PRES8$EABIv2 0x00000000   Number         0  anon$$obj.o ABSOLUTE
    __ARM_use_no_argv                        0x00000000   Number         0  main.o ABSOLUTE
    __arm_fini_                               - Undefined Weak Reference
    __cpp_initialize__aeabi_                  - Undefined Weak Reference
    __cxa_finalize                            - Undefined Weak Reference
    __decompress                              - Undefined Weak Reference
    _clock_init                               - Undefined Weak Reference
    _microlib_exit                            - Undefined Weak Reference
    __Vectors_Size                           0x000000b8   Number         0  startup_cs32f031.o ABSOLUTE
    __Vectors                                0x08000000   Data           4  startup_cs32f031.o(RESET)
    __Vectors_End                            0x080000b8   Data           0  startup_cs32f031.o(RESET)
    __main                                   0x080000b9   Thumb Code     0  entry.o(.ARM.Collect$$$$00000000)
    _main_stk                                0x080000b9   Thumb Code     0  entry2.o(.ARM.Collect$$$$00000001)
    _main_scatterload                        0x080000bd   Thumb Code     0  entry5.o(.ARM.Collect$$$$00000004)
    __main_after_scatterload                 0x080000c1   Thumb Code     0  entry5.o(.ARM.Collect$$$$00000004)
    _main_clock                              0x080000c1   Thumb Code     0  entry7b.o(.ARM.Collect$$$$00000008)
    _main_cpp_init                           0x080000c1   Thumb Code     0  entry8b.o(.ARM.Collect$$$$0000000A)
    _main_init                               0x080000c1   Thumb Code     0  entry9a.o(.ARM.Collect$$$$0000000B)
    __rt_lib_shutdown_fini                   0x080000c9   Thumb Code     0  entry12b.o(.ARM.Collect$$$$0000000E)
    __rt_final_cpp                           0x080000cd   Thumb Code     0  entry10a.o(.ARM.Collect$$$$0000000F)
    __rt_final_exit                          0x080000cd   Thumb Code     0  entry11a.o(.ARM.Collect$$$$00000011)
    Reset_Handler                            0x080000d1   Thumb Code     8  startup_cs32f031.o(.text)
    NMI_Handler                              0x080000d9   Thumb Code     2  startup_cs32f031.o(.text)
    HardFault_Handler                        0x080000db   Thumb Code     2  startup_cs32f031.o(.text)
    SVC_Handler                              0x080000dd   Thumb Code     2  startup_cs32f031.o(.text)
    PendSV_Handler                           0x080000df   Thumb Code     2  startup_cs32f031.o(.text)
    ADC1_IRQHandler                          0x080000e3   Thumb Code     0  startup_cs32f031.o(.text)
    DMA1_Channel1_IRQHandler                 0x080000e3   Thumb Code     0  startup_cs32f031.o(.text)
    DMA1_Channel2_3_IRQHandler               0x080000e3   Thumb Code     0  startup_cs32f031.o(.text)
    DMA1_Channel4_5_IRQHandler               0x080000e3   Thumb Code     0  startup_cs32f031.o(.text)
    EXTI0_1_IRQHandler                       0x080000e3   Thumb Code     0  startup_cs32f031.o(.text)
    EXTI2_3_IRQHandler                       0x080000e3   Thumb Code     0  startup_cs32f031.o(.text)
    EXTI4_15_IRQHandler                      0x080000e3   Thumb Code     0  startup_cs32f031.o(.text)
    FLASH_IRQHandler                         0x080000e3   Thumb Code     0  startup_cs32f031.o(.text)
    I2C1_IRQHandler                          0x080000e3   Thumb Code     0  startup_cs32f031.o(.text)
    I2C2_IRQHandler                          0x080000e3   Thumb Code     0  startup_cs32f031.o(.text)
    LVD_IRQHandler                           0x080000e3   Thumb Code     0  startup_cs32f031.o(.text)
    RCU_IRQHandler                           0x080000e3   Thumb Code     0  startup_cs32f031.o(.text)
    RTC_IRQHandler                           0x080000e3   Thumb Code     0  startup_cs32f031.o(.text)
    SPI1_IRQHandler                          0x080000e3   Thumb Code     0  startup_cs32f031.o(.text)
    SPI2_IRQHandler                          0x080000e3   Thumb Code     0  startup_cs32f031.o(.text)
    TIM14_IRQHandler                         0x080000e3   Thumb Code     0  startup_cs32f031.o(.text)
    TIM15_IRQHandler                         0x080000e3   Thumb Code     0  startup_cs32f031.o(.text)
    TIM16_IRQHandler                         0x080000e3   Thumb Code     0  startup_cs32f031.o(.text)
    TIM17_IRQHandler                         0x080000e3   Thumb Code     0  startup_cs32f031.o(.text)
    TIM1_BRK_UP_TRG_COM_IRQHandler           0x080000e3   Thumb Code     0  startup_cs32f031.o(.text)
    TIM1_CC_IRQHandler                       0x080000e3   Thumb Code     0  startup_cs32f031.o(.text)
    TIM2_IRQHandler                          0x080000e3   Thumb Code     0  startup_cs32f031.o(.text)
    TIM3_IRQHandler                          0x080000e3   Thumb Code     0  startup_cs32f031.o(.text)
    TIM6_IRQHandler                          0x080000e3   Thumb Code     0  startup_cs32f031.o(.text)
    USART1_IRQHandler                        0x080000e3   Thumb Code     0  startup_cs32f031.o(.text)
    USART2_IRQHandler                        0x080000e3   Thumb Code     0  startup_cs32f031.o(.text)
    USART6_8_IRQHandler                      0x080000e3   Thumb Code     0  startup_cs32f031.o(.text)
    WWDT_IRQHandler                          0x080000e3   Thumb Code     0  startup_cs32f031.o(.text)
    __aeabi_uidiv                            0x080000ed   Thumb Code     0  uidiv.o(.text)
    __aeabi_uidivmod                         0x080000ed   Thumb Code    44  uidiv.o(.text)
    __aeabi_memcpy                           0x08000119   Thumb Code    36  memcpya.o(.text)
    __aeabi_memcpy4                          0x08000119   Thumb Code     0  memcpya.o(.text)
    __aeabi_memcpy8                          0x08000119   Thumb Code     0  memcpya.o(.text)
    __scatterload                            0x0800013d   Thumb Code    28  init.o(.text)
    __scatterload_rt2                        0x0800013d   Thumb Code     0  init.o(.text)
    Drv_Flash_Erase_Page                     0x0800026b   Thumb Code    24  main.o(i.Drv_Flash_Erase_Page)
    InvertUint16                             0x080002d1   Thumb Code    46  main.o(i.InvertUint16)
    SysTick_Handler                          0x080003e5   Thumb Code     8  main.o(i.SysTick_Handler)
    SystemInit                               0x080003ed   Thumb Code   110  system_cs32f0xx.o(i.SystemInit)
    __scatterload_copy                       0x0800051d   Thumb Code    14  handlers.o(i.__scatterload_copy)
    __scatterload_null                       0x0800052b   Thumb Code     2  handlers.o(i.__scatterload_null)
    __scatterload_zeroinit                   0x0800052d   Thumb Code    14  handlers.o(i.__scatterload_zeroinit)
    flash_lock                               0x0800053d   Thumb Code    14  cs32f0xx_flash.o(i.flash_lock)
    flash_operation_wait                     0x08000551   Thumb Code    50  cs32f0xx_flash.o(i.flash_operation_wait)
    flash_page_erase                         0x08000589   Thumb Code    72  cs32f0xx_flash.o(i.flash_page_erase)
    flash_unlock                             0x080005d5   Thumb Code    24  cs32f0xx_flash.o(i.flash_unlock)
    flash_word_program                       0x080005f9   Thumb Code    60  cs32f0xx_flash.o(i.flash_word_program)
    main                                     0x08000639   Thumb Code   188  main.o(i.main)
    timing_delay_decrement                   0x08000719   Thumb Code    20  main.o(i.timing_delay_decrement)
    Region$$Table$$Base                      0x08000730   Number         0  anon$$obj.o(Region$$Table)
    Region$$Table$$Limit                     0x08000760   Number         0  anon$$obj.o(Region$$Table)
    Vectors                                  0x20000000   Data         192  vector.o(.bss)
    SystemCoreClock                          0x200000c0   Data           4  system_cs32f0xx.o(.data)
    Jump_To_Application                      0x200000e0   Data           4  main.o(.data)
    JumpAddress                              0x200000e4   Data           4  main.o(.data)
    __initial_sp                             0x200004f0   Data           0  startup_cs32f031.o(STACK)



==============================================================================

Memory Map of the image

  Image Entry point : 0x080000b9

  Load Region LR_IROM1 (Base: 0x08000000, Size: 0x0000078c, Max: 0x00010000, ABSOLUTE)

    Execution Region ER_IROM1 (Exec base: 0x08000000, Load base: 0x08000000, Size: 0x00000760, Max: 0x00010000, ABSOLUTE)

    Exec Addr    Load Addr    Size         Type   Attr      Idx    E Section Name        Object

    0x08000000   0x08000000   0x000000b8   Data   RO            3    RESET               startup_cs32f031.o
    0x080000b8   0x080000b8   0x00000000   Code   RO          663  * .ARM.Collect$$$$00000000  mc_p.l(entry.o)
    0x080000b8   0x080000b8   0x00000004   Code   RO          672    .ARM.Collect$$$$00000001  mc_p.l(entry2.o)
    0x080000bc   0x080000bc   0x00000004   Code   RO          675    .ARM.Collect$$$$00000004  mc_p.l(entry5.o)
    0x080000c0   0x080000c0   0x00000000   Code   RO          677    .ARM.Collect$$$$00000008  mc_p.l(entry7b.o)
    0x080000c0   0x080000c0   0x00000000   Code   RO          679    .ARM.Collect$$$$0000000A  mc_p.l(entry8b.o)
    0x080000c0   0x080000c0   0x00000008   Code   RO          680    .ARM.Collect$$$$0000000B  mc_p.l(entry9a.o)
    0x080000c8   0x080000c8   0x00000004   Code   RO          687    .ARM.Collect$$$$0000000E  mc_p.l(entry12b.o)
    0x080000cc   0x080000cc   0x00000000   Code   RO          682    .ARM.Collect$$$$0000000F  mc_p.l(entry10a.o)
    0x080000cc   0x080000cc   0x00000000   Code   RO          684    .ARM.Collect$$$$00000011  mc_p.l(entry11a.o)
    0x080000cc   0x080000cc   0x00000004   Code   RO          673    .ARM.Collect$$$$00002712  mc_p.l(entry2.o)
    0x080000d0   0x080000d0   0x0000001c   Code   RO            4    .text               startup_cs32f031.o
    0x080000ec   0x080000ec   0x0000002c   Code   RO          666    .text               mc_p.l(uidiv.o)
    0x08000118   0x08000118   0x00000024   Code   RO          668    .text               mc_p.l(memcpya.o)
    0x0800013c   0x0800013c   0x00000024   Code   RO          688    .text               mc_p.l(init.o)
    0x08000160   0x08000160   0x00000028   Code   RO          532    i.App_Flash_Erase   main.o
    0x08000188   0x08000188   0x0000004c   Code   RO          533    i.App_Flash_Get_Checksum  main.o
    0x080001d4   0x080001d4   0x00000096   Code   RO          534    i.App_Flash_Write   main.o
    0x0800026a   0x0800026a   0x00000018   Code   RO          535    i.Drv_Flash_Erase_Page  main.o
    0x08000282   0x08000282   0x00000002   PAD
    0x08000284   0x08000284   0x0000004c   Code   RO          536    i.Hal_DeInit        main.o
    0x080002d0   0x080002d0   0x0000002e   Code   RO          537    i.InvertUint16      main.o
    0x080002fe   0x080002fe   0x00000002   PAD
    0x08000300   0x08000300   0x00000064   Code   RO          538    i.Jump_To_App       main.o
    0x08000364   0x08000364   0x00000080   Code   RO           12    i.SetSysClock       system_cs32f0xx.o
    0x080003e4   0x080003e4   0x00000008   Code   RO          539    i.SysTick_Handler   main.o
    0x080003ec   0x080003ec   0x0000007c   Code   RO           14    i.SystemInit        system_cs32f0xx.o
    0x08000468   0x08000468   0x00000020   Code   RO          540    i.User_Data_Get     main.o
    0x08000488   0x08000488   0x0000001c   Code   RO          541    i.User_Data_Set     main.o
    0x080004a4   0x080004a4   0x00000078   Code   RO          542    i.__NVIC_SetPriority  main.o
    0x0800051c   0x0800051c   0x0000000e   Code   RO          692    i.__scatterload_copy  mc_p.l(handlers.o)
    0x0800052a   0x0800052a   0x00000002   Code   RO          693    i.__scatterload_null  mc_p.l(handlers.o)
    0x0800052c   0x0800052c   0x0000000e   Code   RO          694    i.__scatterload_zeroinit  mc_p.l(handlers.o)
    0x0800053a   0x0800053a   0x00000002   PAD
    0x0800053c   0x0800053c   0x00000014   Code   RO          124    i.flash_lock        cs32f0xx_flash.o
    0x08000550   0x08000550   0x00000038   Code   RO          125    i.flash_operation_wait  cs32f0xx_flash.o
    0x08000588   0x08000588   0x0000004c   Code   RO          133    i.flash_page_erase  cs32f0xx_flash.o
    0x080005d4   0x080005d4   0x00000024   Code   RO          134    i.flash_unlock      cs32f0xx_flash.o
    0x080005f8   0x080005f8   0x00000040   Code   RO          136    i.flash_word_program  cs32f0xx_flash.o
    0x08000638   0x08000638   0x000000e0   Code   RO          544    i.main              main.o
    0x08000718   0x08000718   0x00000018   Code   RO          545    i.timing_delay_decrement  main.o
    0x08000730   0x08000730   0x00000030   Data   RO          690    Region$$Table       anon$$obj.o


    Execution Region RW_IRAM1 (Exec base: 0x20000000, Load base: 0x08000760, Size: 0x000000c0, Max: 0x000000c0, ABSOLUTE)

    Exec Addr    Load Addr    Size         Type   Attr      Idx    E Section Name        Object

    0x20000000        -       0x000000c0   Zero   RW          648    .bss                vector.o


    Execution Region RW_IRAM2 (Exec base: 0x200000c0, Load base: 0x08000760, Size: 0x00000430, Max: 0x00001f40, ABSOLUTE)

    Exec Addr    Load Addr    Size         Type   Attr      Idx    E Section Name        Object

    0x200000c0   0x08000760   0x00000014   Data   RW           15    .data               system_cs32f0xx.o
    0x200000d4   0x08000774   0x00000015   Data   RW          546    .data               main.o
    0x200000e9   0x08000789   0x00000007   PAD
    0x200000f0        -       0x00000400   Zero   RW            1    STACK               startup_cs32f031.o


==============================================================================

Image component sizes


      Code (inc. data)   RO Data    RW Data    ZI Data      Debug   Object Name

       252         32          0          0          0      85601   cs32f0xx_flash.o
       948        112          0         21          0      19404   main.o
        28          8        184          0       1024        680   startup_cs32f031.o
       252         24          0         20          0      10399   system_cs32f0xx.o
         0          0          0          0        192        650   vector.o

    ----------------------------------------------------------------------
      1484        176        232         44       1220     116734   Object Totals
         0          0         48          0          0          0   (incl. Generated)
         4          0          0          3          4          0   (incl. Padding)

    ----------------------------------------------------------------------

      Code (inc. data)   RO Data    RW Data    ZI Data      Debug   Library Member Name

         0          0          0          0          0          0   entry.o
         0          0          0          0          0          0   entry10a.o
         0          0          0          0          0          0   entry11a.o
         4          0          0          0          0          0   entry12b.o
         8          4          0          0          0          0   entry2.o
         4          0          0          0          0          0   entry5.o
         0          0          0          0          0          0   entry7b.o
         0          0          0          0          0          0   entry8b.o
         8          4          0          0          0          0   entry9a.o
        30          0          0          0          0          0   handlers.o
        36          8          0          0          0         68   init.o
        36          0          0          0          0         60   memcpya.o
        44          0          0          0          0         72   uidiv.o

    ----------------------------------------------------------------------
       172         16          0          0          0        200   Library Totals
         2          0          0          0          0          0   (incl. Padding)

    ----------------------------------------------------------------------

      Code (inc. data)   RO Data    RW Data    ZI Data      Debug   Library Name

       170         16          0          0          0        200   mc_p.l

    ----------------------------------------------------------------------
       172         16          0          0          0        200   Library Totals

    ----------------------------------------------------------------------

==============================================================================


      Code (inc. data)   RO Data    RW Data    ZI Data      Debug   

      1656        192        232         44       1220     116294   Grand Totals
      1656        192        232         44       1220     116294   ELF Image Totals
      1656        192        232         44          0          0   ROM Totals

==============================================================================

    Total RO  Size (Code + RO Data)                 1888 (   1.84kB)
    Total RW  Size (RW Data + ZI Data)              1264 (   1.23kB)
    Total ROM Size (Code + RO Data + RW Data)       1932 (   1.89kB)

==============================================================================

