Component: ARM Compiler 5.06 update 7 (build 960) Tool: armlink [4d3601]

==============================================================================

Section Cross References

    startup_cs32f031.o(STACK) refers (Special) to heapauxi.o(.text) for __use_two_region_memory
    startup_cs32f031.o(HEAP) refers (Special) to heapauxi.o(.text) for __use_two_region_memory
    startup_cs32f031.o(RESET) refers (Special) to heapauxi.o(.text) for __use_two_region_memory
    startup_cs32f031.o(RESET) refers to startup_cs32f031.o(STACK) for __initial_sp
    startup_cs32f031.o(RESET) refers to startup_cs32f031.o(.text) for Reset_Handler
    startup_cs32f031.o(RESET) refers to hal_interrupt.o(i.SysTick_Handler) for SysTick_Handler
    startup_cs32f031.o(RESET) refers to hal_interrupt.o(i.EXTI0_1_IRQHandler) for EXTI0_1_IRQHandler
    startup_cs32f031.o(RESET) refers to hal_interrupt.o(i.EXTI4_15_IRQHandler) for EXTI4_15_IRQHandler
    startup_cs32f031.o(RESET) refers to hal_interrupt.o(i.TIM3_IRQHandler) for TIM3_IRQHandler
    startup_cs32f031.o(RESET) refers to hal_interrupt.o(i.USART1_IRQHandler) for USART1_IRQHandler
    startup_cs32f031.o(.text) refers (Special) to heapauxi.o(.text) for __use_two_region_memory
    startup_cs32f031.o(.text) refers to system_cs32f0xx.o(i.SystemInit) for SystemInit
    startup_cs32f031.o(.text) refers to __main.o(!!!main) for __main
    startup_cs32f031.o(.text) refers to startup_cs32f031.o(HEAP) for Heap_Mem
    startup_cs32f031.o(.text) refers to startup_cs32f031.o(STACK) for Stack_Mem
    system_cs32f0xx.o(i.SystemCoreClockUpdate) refers to aeabi_sdiv.o(.text) for __aeabi_uidivmod
    system_cs32f0xx.o(i.SystemCoreClockUpdate) refers to system_cs32f0xx.o(.data) for SystemCoreClock
    system_cs32f0xx.o(i.SystemInit) refers to system_cs32f0xx.o(i.SetSysClock) for SetSysClock
    cs32f0xx_tim.o(i.tim_chic_init) refers to cs32f0xx_tim.o(i.tim_chic_config) for tim_chic_config
    cs32f0xx_tim.o(i.tim_chic_init) refers to cs32f0xx_tim.o(i.tim_chic_predivider_set) for tim_chic_predivider_set
    cs32f0xx_tim.o(i.tim_external_clock_mode1_config) refers to cs32f0xx_tim.o(i.tim_external_trigger_config) for tim_external_trigger_config
    cs32f0xx_tim.o(i.tim_external_clock_mode2_config) refers to cs32f0xx_tim.o(i.tim_external_trigger_config) for tim_external_trigger_config
    cs32f0xx_tim.o(i.tim_internal_trigger_external_clock_config) refers to cs32f0xx_tim.o(i.tim_input_trigger_set) for tim_input_trigger_set
    cs32f0xx_tim.o(i.tim_pwmi_config) refers to cs32f0xx_tim.o(i.tim_chic_config) for tim_chic_config
    cs32f0xx_tim.o(i.tim_pwmi_config) refers to cs32f0xx_tim.o(i.tim_chic_predivider_set) for tim_chic_predivider_set
    cs32f0xx_tim.o(i.tim_ti_external_clock_config) refers to cs32f0xx_tim.o(i.tim_chic_config) for tim_chic_config
    cs32f0xx_tim.o(i.tim_ti_external_clock_config) refers to cs32f0xx_tim.o(i.tim_input_trigger_set) for tim_input_trigger_set
    cs32f0xx_usart.o(i.usart_init) refers to cs32f0xx_rcu.o(i.rcu_clk_freq_get) for rcu_clk_freq_get
    cs32f0xx_usart.o(i.usart_init) refers to aeabi_sdiv.o(.text) for __aeabi_uidivmod
    cs32f0xx_rcu.o(i.rcu_clk_freq_get) refers to aeabi_sdiv.o(.text) for __aeabi_uidivmod
    cs32f0xx_rcu.o(i.rcu_clk_freq_get) refers to cs32f0xx_rcu.o(.data) for APBAHBPrescTable
    main.o(i.main) refers to drv_task.o(i.Drv_Task_Init) for Drv_Task_Init
    main.o(i.main) refers to drv_timer.o(i.Drv_Timer_Init) for Drv_Timer_Init
    main.o(i.main) refers to drv_com.o(i.Drv_Com_Init) for Drv_Com_Init
    main.o(i.main) refers to app_hall.o(i.App_Hall_Init) for App_Hall_Init
    main.o(i.main) refers to app_batt.o(i.App_Batt_Init) for App_Batt_Init
    main.o(i.main) refers to app_led.o(i.App_Led_Init) for App_Led_Init
    main.o(i.main) refers to app_event.o(i.App_Event_Init) for App_Event_Init
    main.o(i.main) refers to drv_task.o(i.Drv_Task_Run) for Drv_Task_Run
    app_event.o(i.App_Event_Handler) refers to drv_event.o(i.Drv_Msg_Get) for Drv_Msg_Get
    app_event.o(i.App_Event_Handler) refers to app_event.o(i.__ARM_common_switch8) for __ARM_common_switch8
    app_event.o(i.App_Event_Handler) refers to app_batt.o(i.App_Batt_Get_Vol) for App_Batt_Get_Vol
    app_event.o(i.App_Event_Handler) refers to app_batt.o(i.App_Batt_Cal_Level) for App_Batt_Cal_Level
    app_event.o(i.App_Event_Handler) refers to app_led.o(i.App_Led_Hall_Open) for App_Led_Hall_Open
    app_event.o(i.App_Event_Handler) refers to app_led.o(i.App_Led_All_Turn_On) for App_Led_All_Turn_On
    app_event.o(i.App_Event_Handler) refers to app_led.o(i.App_Led_Flash_BattLevel) for App_Led_Flash_BattLevel
    app_event.o(i.App_Event_Handler) refers to drv_charger.o(i.Drv_Chrg_Get_Usb_State) for Drv_Chrg_Get_Usb_State
    app_event.o(i.App_Event_Handler) refers to app_led.o(i.App_Led_Hall_Close) for App_Led_Hall_Close
    app_event.o(i.App_Event_Handler) refers to app_event.o(.bss) for msg
[...]
    ../clib/heap2.c                          0x00000000   Number         0  fdtree.o ABSOLUTE
    ../clib/heap2.c                          0x00000000   Number         0  heap2mt.o ABSOLUTE
    ../clib/heap2.c                          0x00000000   Number         0  heap2.o ABSOLUTE
    ../clib/heapalloc.c                      0x00000000   Number         0  hguard.o ABSOLUTE
    ../clib/heapalloc.c                      0x00000000   Number         0  maybetermalloc2.o ABSOLUTE
    ../clib/heapalloc.c                      0x00000000   Number         0  maybetermalloc2.o ABSOLUTE
    ../clib/heapalloc.c                      0x00000000   Number         0  maybetermalloc1.o ABSOLUTE
    ../clib/heapalloc.c                      0x00000000   Number         0  maybetermalloc1.o ABSOLUTE
    ../clib/heapalloc.c                      0x00000000   Number         0  hrguard.o ABSOLUTE
    ../clib/heapalloc.c                      0x00000000   Number         0  term_alloc.o ABSOLUTE
    ../clib/heapalloc.c                      0x00000000   Number         0  free.o ABSOLUTE
    ../clib/heapalloc.c                      0x00000000   Number         0  malloc.o ABSOLUTE
    ../clib/heapalloc.c                      0x00000000   Number         0  heapstubs.o ABSOLUTE
    ../clib/heapalloc.c                      0x00000000   Number         0  init_alloc.o ABSOLUTE
    ../clib/heapaux.c                        0x00000000   Number         0  heapauxa.o ABSOLUTE
    ../clib/heapaux.c                        0x00000000   Number         0  heapauxi.o ABSOLUTE
    ../clib/libinit.s                        0x00000000   Number         0  libshutdown2.o ABSOLUTE
    ../clib/libinit.s                        0x00000000   Number         0  libinit2.o ABSOLUTE
    ../clib/libinit.s                        0x00000000   Number         0  libinit.o ABSOLUTE
    ../clib/libinit.s                        0x00000000   Number         0  libshutdown.o ABSOLUTE
    ../clib/memcpset.c                       0x00000000   Number         0  rt_memcpy.o ABSOLUTE
    ../clib/memcpset.c                       0x00000000   Number         0  rt_memcpy.o ABSOLUTE
    ../clib/signal.c                         0x00000000   Number         0  defsig_segv_inner.o ABSOLUTE
    ../clib/signal.c                         0x00000000   Number         0  defsig_cppl_inner.o ABSOLUTE
    ../clib/signal.c                         0x00000000   Number         0  defsig_pvfn_inner.o ABSOLUTE
    ../clib/signal.c                         0x00000000   Number         0  defsig_stak_inner.o ABSOLUTE
    ../clib/signal.c                         0x00000000   Number         0  defsig_rtred_inner.o ABSOLUTE
    ../clib/signal.c                         0x00000000   Number         0  defsig_abrt_inner.o ABSOLUTE
    ../clib/signal.c                         0x00000000   Number         0  defsig_general.o ABSOLUTE
    ../clib/signal.c                         0x00000000   Number         0  defsig_fpe_inner.o ABSOLUTE
    ../clib/signal.c                         0x00000000   Number         0  defsig_rtmem_outer.o ABSOLUTE
    ../clib/signal.c                         0x00000000   Number         0  defsig_rtmem_formal.o ABSOLUTE
    ../clib/signal.c                         0x00000000   Number         0  defsig_exit.o ABSOLUTE
    ../clib/signal.c                         0x00000000   Number         0  defsig_fpe_outer.o ABSOLUTE
    ../clib/signal.c                         0x00000000   Number         0  defsig_fpe_formal.o ABSOLUTE
    ../clib/signal.c                         0x00000000   Number         0  defsig_rtmem_inner.o ABSOLUTE
    ../clib/signal.c                         0x00000000   Number         0  defsig_other.o ABSOLUTE
    ../clib/signal.c                         0x00000000   Number         0  __raise.o ABSOLUTE
    ../clib/signal.s                         0x00000000   Number         0  defsig.o ABSOLUTE
    ../clib/stdlib.c                         0x00000000   Number         0  exit.o ABSOLUTE
    ../fplib/cfplib/fpinit.c                 0x00000000   Number         0  fpinit.o ABSOLUTE
    ..\Device\HAL_Driver\src\cs32f0xx_adc.c  0x00000000   Number         0  cs32f0xx_adc.o ABSOLUTE
    ..\Device\HAL_Driver\src\cs32f0xx_debug.c 0x00000000   Number         0  cs32f0xx_debug.o ABSOLUTE
    ..\Device\HAL_Driver\src\cs32f0xx_gpio.c 0x00000000   Number         0  cs32f0xx_gpio.o ABSOLUTE
    ..\Device\HAL_Driver\src\cs32f0xx_i2c.c  0x00000000   Number         0  cs32f0xx_i2c.o ABSOLUTE
    ..\Device\HAL_Driver\src\cs32f0xx_misc.c 0x00000000   Number         0  cs32f0xx_misc.o ABSOLUTE
    ..\Device\HAL_Driver\src\cs32f0xx_pmu.c  0x00000000   Number         0  cs32f0xx_pmu.o ABSOLUTE
    ..\Device\HAL_Driver\src\cs32f0xx_rcu.c  0x00000000   Number         0  cs32f0xx_rcu.o ABSOLUTE
    ..\Device\HAL_Driver\src\cs32f0xx_syscfg.c 0x00000000   Number         0  cs32f0xx_syscfg.o ABSOLUTE
    ..\Device\HAL_Driver\src\cs32f0xx_tim.c  0x00000000   Number         0  cs32f0xx_tim.o ABSOLUTE
    ..\Device\HAL_Driver\src\cs32f0xx_usart.c 0x00000000   Number         0  cs32f0xx_usart.o ABSOLUTE
    ..\Device\Source\ARM\startup_cs32f031.S  0x00000000   Number         0  startup_cs32f031.o ABSOLUTE
    ..\Device\Source\system_cs32f0xx.c       0x00000000   Number         0  system_cs32f0xx.o ABSOLUTE
    ..\User\app\app_batt.c                   0x00000000   Number         0  app_batt.o ABSOLUTE
    ..\User\app\app_event.c                  0x00000000   Number         0  app_event.o ABSOLUTE
    ..\User\app\app_hall.c                   0x00000000   Number         0  app_hall.o ABSOLUTE
    ..\User\app\app_led.c                    0x00000000   Number         0  app_led.o ABSOLUTE
    ..\User\app\main.c                       0x00000000   Number         0  main.o ABSOLUTE
    ..\User\drv\drv_batt.c                   0x00000000   Number         0  drv_batt.o ABSOLUTE
    ..\User\drv\drv_charger.c                0x00000000   Number         0  drv_charger.o ABSOLUTE
    ..\User\drv\drv_com.c                    0x00000000   Number         0  drv_com.o ABSOLUTE
    ..\User\drv\drv_event.c                  0x00000000   Number         0  drv_event.o ABSOLUTE
    ..\User\drv\drv_hall.c                   0x00000000   Number         0  drv_hall.o ABSOLUTE
    ..\User\drv\drv_led.c                    0x00000000   Number         0  drv_led.o ABSOLUTE
    ..\User\drv\drv_task.c                   0x00000000   Number         0  drv_task.o ABSOLUTE
    ..\User\drv\drv_timer.c                  0x00000000   Number         0  drv_timer.o ABSOLUTE
    ..\User\hal\hal_batt.c                   0x00000000   Number         0  hal_batt.o ABSOLUTE
    ..\User\hal\hal_charger.c                0x00000000   Number         0  hal_charger.o ABSOLUTE
    ..\User\hal\hal_com.c                    0x00000000   Number         0  hal_com.o ABSOLUTE
    ..\User\hal\hal_hall.c                   0x00000000   Number         0  hal_hall.o ABSOLUTE
    ..\User\hal\hal_interrupt.c              0x00000000   Number         0  hal_interrupt.o ABSOLUTE
    ..\User\hal\hal_led.c                    0x00000000   Number         0  hal_led.o ABSOLUTE
    ..\User\hal\hal_task.c                   0x00000000   Number         0  hal_task.o ABSOLUTE
    ..\User\hal\hal_timer.c                  0x00000000   Number         0  hal_timer.o ABSOLUTE
    ..\\Device\\HAL_Driver\\src\\cs32f0xx_adc.c 0x00000000   Number         0  cs32f0xx_adc.o ABSOLUTE
    ..\\Device\\HAL_Driver\\src\\cs32f0xx_debug.c 0x00000000   Number         0  cs32f0xx_debug.o ABSOLUTE
    ..\\Device\\HAL_Driver\\src\\cs32f0xx_gpio.c 0x00000000   Number         0  cs32f0xx_gpio.o ABSOLUTE
    ..\\Device\\HAL_Driver\\src\\cs32f0xx_i2c.c 0x00000000   Number         0  cs32f0xx_i2c.o ABSOLUTE
    ..\\Device\\HAL_Driver\\src\\cs32f0xx_misc.c 0x00000000   Number         0  cs32f0xx_misc.o ABSOLUTE
    ..\\Device\\HAL_Driver\\src\\cs32f0xx_pmu.c 0x00000000   Number         0  cs32f0xx_pmu.o ABSOLUTE
    ..\\Device\\HAL_Driver\\src\\cs32f0xx_rcu.c 0x00000000   Number         0  cs32f0xx_rcu.o ABSOLUTE
    ..\\Device\\HAL_Driver\\src\\cs32f0xx_syscfg.c 0x00000000   Number         0  cs32f0xx_syscfg.o ABSOLUTE
    ..\\Device\\HAL_Driver\\src\\cs32f0xx_tim.c 0x00000000   Number         0  cs32f0xx_tim.o ABSOLUTE
    ..\\Device\\HAL_Driver\\src\\cs32f0xx_usart.c 0x00000000   Number         0  cs32f0xx_usart.o ABSOLUTE
    ..\\Device\\Source\\system_cs32f0xx.c    0x00000000   Number         0  system_cs32f0xx.o ABSOLUTE
    ..\\User\\app\\app_batt.c                0x00000000   Number         0  app_batt.o ABSOLUTE
    ..\\User\\app\\app_event.c               0x00000000   Number         0  app_event.o ABSOLUTE
    ..\\User\\app\\app_hall.c                0x00000000   Number         0  app_hall.o ABSOLUTE
    ..\\User\\app\\app_led.c                 0x00000000   Number         0  app_led.o ABSOLUTE
    ..\\User\\app\\main.c                    0x00000000   Number         0  main.o ABSOLUTE
    ..\\User\\drv\\drv_batt.c                0x00000000   Number         0  drv_batt.o ABSOLUTE
    ..\\User\\drv\\drv_charger.c             0x00000000   Number         0  drv_charger.o ABSOLUTE
    ..\\User\\drv\\drv_com.c                 0x00000000   Number         0  drv_com.o ABSOLUTE
    ..\\User\\drv\\drv_event.c               0x00000000   Number         0  drv_event.o ABSOLUTE
    ..\\User\\drv\\drv_hall.c                0x00000000   Number         0  drv_hall.o ABSOLUTE
    ..\\User\\drv\\drv_led.c                 0x00000000   Number         0  drv_led.o ABSOLUTE
    ..\\User\\drv\\drv_task.c                0x00000000   Number         0  drv_task.o ABSOLUTE
    ..\\User\\drv\\drv_timer.c               0x00000000   Number         0  drv_timer.o ABSOLUTE
    ..\\User\\hal\\hal_batt.c                0x00000000   Number         0  hal_batt.o ABSOLUTE
    ..\\User\\hal\\hal_charger.c             0x00000000   Number         0  hal_charger.o ABSOLUTE
    ..\\User\\hal\\hal_com.c                 0x00000000   Number         0  hal_com.o ABSOLUTE
    ..\\User\\hal\\hal_hall.c                0x00000000   Number         0  hal_hall.o ABSOLUTE
    ..\\User\\hal\\hal_interrupt.c           0x00000000   Number         0  hal_interrupt.o ABSOLUTE
    ..\\User\\hal\\hal_led.c                 0x00000000   Number         0  hal_led.o ABSOLUTE
    ..\\User\\hal\\hal_task.c                0x00000000   Number         0  hal_task.o ABSOLUTE
    ..\\User\\hal\\hal_timer.c               0x00000000   Number         0  hal_timer.o ABSOLUTE
    dc.s                                     0x00000000   Number         0  dc.o ABSOLUTE
    RESET                                    0x08000000   Section      184  startup_cs32f031.o(RESET)
    !!!main                                  0x080000b8   Section        8  __main.o(!!!main)
    !!!scatter                               0x080000c0   Section       60  __scatter.o(!!!scatter)
    !!handler_copy                           0x080000fc   Section       26  __scatter_copy.o(!!handler_copy)
    !!handler_zi                             0x08000118   Section       28  __scatter_zi.o(!!handler_zi)
    .ARM.Collect$$libinit$$00000000          0x08000134   Section        2  libinit.o(.ARM.Collect$$libinit$$00000000)
    .ARM.Collect$$libinit$$00000002          0x08000136   Section        0  libinit2.o(.ARM.Collect$$libinit$$00000002)
    .ARM.Collect$$libinit$$00000004          0x08000136   Section        0  libinit2.o(.ARM.Collect$$libinit$$00000004)
    .ARM.Collect$$libinit$$00000005          0x08000136   Section        8  libinit2.o(.ARM.Collect$$libinit$$00000005)
    .ARM.Collect$$libinit$$0000000A          0x0800013e   Section        0  libinit2.o(.ARM.Collect$$libinit$$0000000A)
    .ARM.Collect$$libinit$$0000000C          0x0800013e   Section        0  libinit2.o(.ARM.Collect$$libinit$$0000000C)
    .ARM.Collect$$libinit$$0000000E          0x0800013e   Section        0  libinit2.o(.ARM.Collect$$libinit$$0000000E)
    .ARM.Collect$$libinit$$00000011          0x0800013e   Section        0  libinit2.o(.ARM.Collect$$libinit$$00000011)
    .ARM.Collect$$libinit$$00000013          0x0800013e   Section        0  libinit2.o(.ARM.Collect$$libinit$$00000013)
    .ARM.Collect$$libinit$$00000015          0x0800013e   Section        0  libinit2.o(.ARM.Collect$$libinit$$00000015)
    .ARM.Collect$$libinit$$00000017          0x0800013e   Section        0  libinit2.o(.ARM.Collect$$libinit$$00000017)
    .ARM.Collect$$libinit$$00000019          0x0800013e   Section        0  libinit2.o(.ARM.Collect$$libinit$$00000019)
    .ARM.Collect$$libinit$$0000001B          0x0800013e   Section        0  libinit2.o(.ARM.Collect$$libinit$$0000001B)
    .ARM.Collect$$libinit$$0000001D          0x0800013e   Section        0  libinit2.o(.ARM.Collect$$libinit$$0000001D)
    .ARM.Collect$$libinit$$0000001F          0x0800013e   Section        0  libinit2.o(.ARM.Collect$$libinit$$0000001F)
    .ARM.Collect$$libinit$$00000021          0x0800013e   Section        0  libinit2.o(.ARM.Collect$$libinit$$00000021)
    .ARM.Collect$$libinit$$00000023          0x0800013e   Section        0  libinit2.o(.ARM.Collect$$libinit$$00000023)
    .ARM.Collect$$libinit$$00000025          0x0800013e   Section        0  libinit2.o(.ARM.Collect$$libinit$$00000025)
    .ARM.Collect$$libinit$$0000002C          0x0800013e   Section        0  libinit2.o(.ARM.Collect$$libinit$$0000002C)
    .ARM.Collect$$libinit$$0000002E          0x0800013e   Section        0  libinit2.o(.ARM.Collect$$libinit$$0000002E)
    .ARM.Collect$$libinit$$00000030          0x0800013e   Section        0  libinit2.o(.ARM.Collect$$libinit$$00000030)
    .ARM.Collect$$libinit$$00000032          0x0800013e   Section        0  libinit2.o(.ARM.Collect$$libinit$$00000032)
    .ARM.Collect$$libinit$$00000033          0x0800013e   Section        2  libinit2.o(.ARM.Collect$$libinit$$00000033)
    .ARM.Collect$$libshutdown$$00000000      0x08000140   Section        2  libshutdown.o(.ARM.Collect$$libshutdown$$00000000)
    .ARM.Collect$$libshutdown$$00000002      0x08000142   Section        0  libshutdown2.o(.ARM.Collect$$libshutdown$$00000002)
    .ARM.Collect$$libshutdown$$00000004      0x08000142   Section        0  libshutdown2.o(.ARM.Collect$$libshutdown$$00000004)
    .ARM.Collect$$libshutdown$$00000006      0x08000142   Section        0  libshutdown2.o(.ARM.Collect$$libshutdown$$00000006)
    .ARM.Collect$$libshutdown$$00000009      0x08000142   Section        0  libshutdown2.o(.ARM.Collect$$libshutdown$$00000009)
    .ARM.Collect$$libshutdown$$0000000C      0x08000142   Section        0  libshutdown2.o(.ARM.Collect$$libshutdown$$0000000C)
    .ARM.Collect$$libshutdown$$0000000E      0x08000142   Section        0  libshutdown2.o(.ARM.Collect$$libshutdown$$0000000E)
    .ARM.Collect$$libshutdown$$00000011      0x08000142   Section        0  libshutdown2.o(.ARM.Collect$$libshutdown$$00000011)
    .ARM.Collect$$libshutdown$$00000012      0x08000142   Section        2  libshutdown2.o(.ARM.Collect$$libshutdown$$00000012)
    .ARM.Collect$$rtentry$$00000000          0x08000144   Section        0  __rtentry.o(.ARM.Collect$$rtentry$$00000000)
    .ARM.Collect$$rtentry$$00000002          0x08000144   Section        0  __rtentry2.o(.ARM.Collect$$rtentry$$00000002)
    .ARM.Collect$$rtentry$$00000004          0x08000144   Section        6  __rtentry4.o(.ARM.Collect$$rtentry$$00000004)
    .ARM.Collect$$rtentry$$00000009          0x0800014a   Section        0  __rtentry2.o(.ARM.Collect$$rtentry$$00000009)
    .ARM.Collect$$rtentry$$0000000A          0x0800014a   Section        4  __rtentry2.o(.ARM.Collect$$rtentry$$0000000A)
    .ARM.Collect$$rtentry$$0000000C          0x0800014e   Section        0  __rtentry2.o(.ARM.Collect$$rtentry$$0000000C)
    .ARM.Collect$$rtentry$$0000000D          0x0800014e   Section        8  __rtentry2.o(.ARM.Collect$$rtentry$$0000000D)
    .ARM.Collect$$rtexit$$00000000           0x08000156   Section        2  rtexit.o(.ARM.Collect$$rtexit$$00000000)
    .ARM.Collect$$rtexit$$00000002           0x08000158   Section        0  rtexit2.o(.ARM.Collect$$rtexit$$00000002)
    .ARM.Collect$$rtexit$$00000003           0x08000158   Section        4  rtexit2.o(.ARM.Collect$$rtexit$$00000003)
    .ARM.Collect$$rtexit$$00000004           0x0800015c   Section        6  rtexit2.o(.ARM.Collect$$rtexit$$00000004)
    .emb_text                                0x08000164   Section       56  rt_memcpy.o(.emb_text)
    .emb_text                                0x0800019c   Section        0  maybetermalloc1.o(.emb_text)
    .text                                    0x0800019c   Section       56  startup_cs32f031.o(.text)
    .text                                    0x080001d4   Section        0  h1_alloc.o(.text)
    .text                                    0x08000236   Section        0  h1_free.o(.text)
    .text                                    0x08000282   Section        0  rt_memcpy.o(.text)
    .text                                    0x08000304   Section      346  aeabi_sdiv.o(.text)
    .text                                    0x0800045e   Section        0  heapauxi.o(.text)
    .text                                    0x08000464   Section        8  rt_heap_descriptor_intlibspace.o(.text)
    .text                                    0x0800046c   Section        0  hguard.o(.text)
    .text                                    0x08000470   Section        0  init_alloc.o(.text)
    .text                                    0x080004f8   Section        0  h1_init.o(.text)
    .text                                    0x08000508   Section        8  libspace.o(.text)
    .text                                    0x08000510   Section        0  h1_extend.o(.text)
    .text                                    0x08000544   Section        0  defsig_rtmem_outer.o(.text)
    .text                                    0x08000550   Section        2  use_no_semi.o(.text)
    .text                                    0x08000552   Section        0  indicate_semi.o(.text)
    .text                                    0x08000552   Section       62  sys_stackheap_outer.o(.text)
    .text                                    0x08000590   Section        0  exit.o(.text)
    .text                                    0x080005a0   Section        0  defsig_exit.o(.text)
    .text                                    0x080005ac   Section        0  defsig_rtmem_inner.o(.text)
    .text                                    0x080005fc   Section        0  sys_exit.o(.text)
    .text                                    0x08000608   Section        0  defsig_general.o(.text)
    .text                                    0x0800063c   Section        0  sys_wrch.o(.text)
    i.App_Batt_Cal_Level                     0x08000648   Section        0  app_batt.o(i.App_Batt_Cal_Level)
    i.App_Batt_Chrg_Handler                  0x08000730   Section        0  app_batt.o(i.App_Batt_Chrg_Handler)
    App_Batt_Chrg_Handler                    0x08000731   Thumb Code   350  app_batt.o(i.App_Batt_Chrg_Handler)
    i.App_Batt_Dischrg_Handler               0x0800089c   Section        0  app_batt.o(i.App_Batt_Dischrg_Handler)
    App_Batt_Dischrg_Handler                 0x0800089d   Thumb Code   160  app_batt.o(i.App_Batt_Dischrg_Handler)
    i.App_Batt_Get_Vol                       0x08000940   Section        0  app_batt.o(i.App_Batt_Get_Vol)
    i.App_Batt_Handler                       0x08000948   Section        0  app_batt.o(i.App_Batt_Handler)
    App_Batt_Handler                         0x08000949   Thumb Code    44  app_batt.o(i.App_Batt_Handler)
    i.App_Batt_Init                          0x0800097c   Section        0  app_batt.o(i.App_Batt_Init)
    i.App_Event_Handler                      0x080009a4   Section        0  app_event.o(i.App_Event_Handler)
    App_Event_Handler                        0x080009a5   Thumb Code   130  app_event.o(i.App_Event_Handler)
    i.App_Event_Init                         0x08000a2c   Section        0  app_event.o(i.App_Event_Init)
    i.App_Hall_Init                          0x08000a40   Section        0  app_hall.o(i.App_Hall_Init)
    i.App_Hall_Send_State                    0x08000a50   Section        0  app_hall.o(i.App_Hall_Send_State)
    App_Hall_Send_State                      0x08000a51   Thumb Code    22  app_hall.o(i.App_Hall_Send_State)
    i.App_Led_All_Turn_Off                   0x08000a68   Section        0  app_led.o(i.App_Led_All_Turn_Off)
    i.App_Led_All_Turn_On                    0x08000a98   Section        0  app_led.o(i.App_Led_All_Turn_On)
    i.App_Led_Flash_BattLevel                0x08000ac8   Section        0  app_led.o(i.App_Led_Flash_BattLevel)
    i.App_Led_Flash_BattLevel_1_20           0x08000b40   Section        0  app_led.o(i.App_Led_Flash_BattLevel_1_20)
    App_Led_Flash_BattLevel_1_20             0x08000b41   Thumb Code    48  app_led.o(i.App_Led_Flash_BattLevel_1_20)
    i.App_Led_Flash_BattLevel_21_50          0x08000b74   Section        0  app_led.o(i.App_Led_Flash_BattLevel_21_50)
    App_Led_Flash_BattLevel_21_50            0x08000b75   Thumb Code    88  app_led.o(i.App_Led_Flash_BattLevel_21_50)
    i.App_Led_Flash_BattLevel_51_80          0x08000bd0   Section        0  app_led.o(i.App_Led_Flash_BattLevel_51_80)
    App_Led_Flash_BattLevel_51_80            0x08000bd1   Thumb Code   144  app_led.o(i.App_Led_Flash_BattLevel_51_80)
    i.App_Led_Flash_BattLevel_81_99          0x08000c64   Section        0  app_led.o(i.App_Led_Flash_BattLevel_81_99)
    App_Led_Flash_BattLevel_81_99            0x08000c65   Thumb Code   216  app_led.o(i.App_Led_Flash_BattLevel_81_99)
    i.App_Led_Hall_Close                     0x08000d40   Section        0  app_led.o(i.App_Led_Hall_Close)
    i.App_Led_Hall_Open                      0x08000d64   Section        0  app_led.o(i.App_Led_Hall_Open)
    i.App_Led_Hall_Open_Callback             0x08000e34   Section        0  app_led.o(i.App_Led_Hall_Open_Callback)
    App_Led_Hall_Open_Callback               0x08000e35   Thumb Code    16  app_led.o(i.App_Led_Hall_Open_Callback)
    i.App_Led_Handler                        0x08000e48   Section        0  app_led.o(i.App_Led_Handler)
    App_Led_Handler                          0x08000e49   Thumb Code    40  app_led.o(i.App_Led_Handler)
    i.App_Led_Init                           0x08000e78   Section        0  app_led.o(i.App_Led_Init)
    i.Drv_Batt_Get_Vol                       0x08000ec4   Section        0  drv_batt.o(i.Drv_Batt_Get_Vol)
    i.Drv_Batt_Init                          0x08000ee0   Section        0  drv_batt.o(i.Drv_Batt_Init)
    i.Drv_Chrg_Cfg                           0x08000ee8   Section        0  drv_charger.o(i.Drv_Chrg_Cfg)
    i.Drv_Chrg_Get_Charging_State            0x08000f54   Section        0  drv_charger.o(i.Drv_Chrg_Get_Charging_State)
    i.Drv_Chrg_Get_Usb_State                 0x08000f60   Section        0  drv_charger.o(i.Drv_Chrg_Get_Usb_State)
    i.Drv_Chrg_Init                          0x08000f74   Section        0  drv_charger.o(i.Drv_Chrg_Init)
    i.Drv_Chrg_Intp_Handler                  0x08000f8c   Section        0  drv_charger.o(i.Drv_Chrg_Intp_Handler)
    Drv_Chrg_Intp_Handler                    0x08000f8d   Thumb Code    26  drv_charger.o(i.Drv_Chrg_Intp_Handler)
    i.Drv_Chrg_Read                          0x08000fb0   Section        0  drv_charger.o(i.Drv_Chrg_Read)
    Drv_Chrg_Read                            0x08000fb1   Thumb Code    46  drv_charger.o(i.Drv_Chrg_Read)
    i.Drv_Chrg_Read_Status                   0x08000fe0   Section        0  drv_charger.o(i.Drv_Chrg_Read_Status)
    Drv_Chrg_Read_Status                     0x08000fe1   Thumb Code    62  drv_charger.o(i.Drv_Chrg_Read_Status)
    i.Drv_Chrg_Write                         0x08001024   Section        0  drv_charger.o(i.Drv_Chrg_Write)
    Drv_Chrg_Write                           0x08001025   Thumb Code    48  drv_charger.o(i.Drv_Chrg_Write)
    i.Drv_Com_Init                           0x08001054   Section        0  drv_com.o(i.Drv_Com_Init)
    i.Drv_Hall_Get_State                     0x0800105c   Section        0  drv_hall.o(i.Drv_Hall_Get_State)
    i.Drv_Hall_Init                          0x08001070   Section        0  drv_hall.o(i.Drv_Hall_Init)
    i.Drv_Hall_Isr_Handler                   0x0800108c   Section        0  drv_hall.o(i.Drv_Hall_Isr_Handler)
    Drv_Hall_Isr_Handler                     0x0800108d   Thumb Code    28  drv_hall.o(i.Drv_Hall_Isr_Handler)
    i.Drv_Led_Get_Stat                       0x080010b0   Section        0  drv_led.o(i.Drv_Led_Get_Stat)
    i.Drv_Led_Init                           0x080010be   Section        0  drv_led.o(i.Drv_Led_Init)
    i.Drv_Led_Off                            0x080010c6   Section        0  drv_led.o(i.Drv_Led_Off)
    i.Drv_Led_On                             0x080010d4   Section        0  drv_led.o(i.Drv_Led_On)
    i.Drv_Msg_Get                            0x080010e4   Section        0  drv_event.o(i.Drv_Msg_Get)
    i.Drv_Msg_Put                            0x08001130   Section        0  drv_event.o(i.Drv_Msg_Put)
    i.Drv_Task_Delete                        0x0800119c   Section        0  drv_task.o(i.Drv_Task_Delete)
    i.Drv_Task_Init                          0x08001204   Section        0  drv_task.o(i.Drv_Task_Init)
    i.Drv_Task_Isr_Handler                   0x08001218   Section        0  drv_task.o(i.Drv_Task_Isr_Handler)
    Drv_Task_Isr_Handler                     0x08001219   Thumb Code    40  drv_task.o(i.Drv_Task_Isr_Handler)
    i.Drv_Task_Regist                        0x08001244   Section        0  drv_task.o(i.Drv_Task_Regist)
    i.Drv_Task_Regist_Period                 0x080012a8   Section        0  drv_task.o(i.Drv_Task_Regist_Period)
    i.Drv_Task_Run                           0x080012c0   Section        0  drv_task.o(i.Drv_Task_Run)
    i.Drv_Timer_Delete                       0x08001304   Section        0  drv_timer.o(i.Drv_Timer_Delete)
    i.Drv_Timer_Init                         0x08001334   Section        0  drv_timer.o(i.Drv_Timer_Init)
    i.Drv_Timer_Isr_Handler                  0x08001348   Section        0  drv_timer.o(i.Drv_Timer_Isr_Handler)
    Drv_Timer_Isr_Handler                    0x08001349   Thumb Code   122  drv_timer.o(i.Drv_Timer_Isr_Handler)
    i.Drv_Timer_Regist                       0x080013c8   Section        0  drv_timer.o(i.Drv_Timer_Regist)
    Drv_Timer_Regist                         0x080013c9   Thumb Code    66  drv_timer.o(i.Drv_Timer_Regist)
    i.Drv_Timer_Regist_Oneshot               0x08001410   Section        0  drv_timer.o(i.Drv_Timer_Regist_Oneshot)
    i.Drv_Timer_Regist_Period                0x08001426   Section        0  drv_timer.o(i.Drv_Timer_Regist_Period)
    i.EXTI0_1_IRQHandler                     0x08001440   Section        0  hal_interrupt.o(i.EXTI0_1_IRQHandler)
    i.EXTI4_15_IRQHandler                    0x08001460   Section        0  hal_interrupt.o(i.EXTI4_15_IRQHandler)
    i.Hal_Batt_Adc_Filter                    0x08001480   Section        0  hal_batt.o(i.Hal_Batt_Adc_Filter)
    Hal_Batt_Adc_Filter                      0x08001481   Thumb Code   116  hal_batt.o(i.Hal_Batt_Adc_Filter)
    i.Hal_Batt_Adc_Get_SampleVal             0x080014f4   Section        0  hal_batt.o(i.Hal_Batt_Adc_Get_SampleVal)
    i.Hal_Batt_Adc_Init                      0x08001564   Section        0  hal_batt.o(i.Hal_Batt_Adc_Init)
    Hal_Batt_Adc_Init                        0x08001565   Thumb Code    82  hal_batt.o(i.Hal_Batt_Adc_Init)
    i.Hal_Batt_Chrg_Init                     0x080015c4   Section        0  hal_charger.o(i.Hal_Batt_Chrg_Init)
    i.Hal_Batt_Init                          0x080015d0   Section        0  hal_batt.o(i.Hal_Batt_Init)
    i.Hal_Chrg_I2c_Init                      0x08001608   Section        0  hal_charger.o(i.Hal_Chrg_I2c_Init)
    Hal_Chrg_I2c_Init                        0x08001609   Thumb Code   112  hal_charger.o(i.Hal_Chrg_I2c_Init)
    i.Hal_Chrg_Intp_Init                     0x08001684   Section        0  hal_charger.o(i.Hal_Chrg_Intp_Init)
    Hal_Chrg_Intp_Init                       0x08001685   Thumb Code    90  hal_charger.o(i.Hal_Chrg_Intp_Init)
    i.Hal_Chrg_Isr_Handler                   0x080016ec   Section        0  hal_charger.o(i.Hal_Chrg_Isr_Handler)
    i.Hal_Chrg_Read                          0x08001704   Section        0  hal_charger.o(i.Hal_Chrg_Read)
    i.Hal_Chrg_Regist_Isr_Callback           0x08001884   Section        0  hal_charger.o(i.Hal_Chrg_Regist_Isr_Callback)
    i.Hal_Chrg_Write                         0x08001890   Section        0  hal_charger.o(i.Hal_Chrg_Write)
    i.Hal_Com_Gpio_Init                      0x08001988   Section        0  hal_com.o(i.Hal_Com_Gpio_Init)
    Hal_Com_Gpio_Init                        0x08001989   Thumb Code    44  hal_com.o(i.Hal_Com_Gpio_Init)
    i.Hal_Com_Init                           0x080019b8   Section        0  hal_com.o(i.Hal_Com_Init)
    i.Hal_Com_Tx1_Isr_Handler                0x080019c4   Section        0  hal_com.o(i.Hal_Com_Tx1_Isr_Handler)
    i.Hal_Com_Uart1_Init                     0x08001a54   Section        0  hal_com.o(i.Hal_Com_Uart1_Init)
    Hal_Com_Uart1_Init                       0x08001a55   Thumb Code   172  hal_com.o(i.Hal_Com_Uart1_Init)
    i.Hal_Hall_Get_State                     0x08001b0c   Section        0  hal_hall.o(i.Hal_Hall_Get_State)
    i.Hal_Hall_Init                          0x08001b1c   Section        0  hal_hall.o(i.Hal_Hall_Init)
    i.Hal_Hall_Isr_Handler                   0x08001b90   Section        0  hal_hall.o(i.Hal_Hall_Isr_Handler)
    i.Hal_Hall_Regist_Isr_Callback           0x08001ba8   Section        0  hal_hall.o(i.Hal_Hall_Regist_Isr_Callback)
    i.Hal_Led_Get_Stat                       0x08001bb4   Section        0  hal_led.o(i.Hal_Led_Get_Stat)
    i.Hal_Led_Init                           0x08001c18   Section        0  hal_led.o(i.Hal_Led_Init)
    i.Hal_Led_Off                            0x08001c84   Section        0  hal_led.o(i.Hal_Led_Off)
    i.Hal_Led_On                             0x08001cbc   Section        0  hal_led.o(i.Hal_Led_On)
    i.Hal_Task_Init                          0x08001cf0   Section        0  hal_task.o(i.Hal_Task_Init)
    i.Hal_Task_Isr_Handler                   0x08001d38   Section        0  hal_task.o(i.Hal_Task_Isr_Handler)
    i.Hal_Task_Regist_Isr_Callback           0x08001d50   Section        0  hal_task.o(i.Hal_Task_Regist_Isr_Callback)
    i.Hal_Timer_Init                         0x08001d5c   Section        0  hal_timer.o(i.Hal_Timer_Init)
    i.Hal_Timer_Isr_Handler                  0x08001dd8   Section        0  hal_timer.o(i.Hal_Timer_Isr_Handler)
    i.Hal_Timer_Regist_Isr_Callback          0x08001df0   Section        0  hal_timer.o(i.Hal_Timer_Regist_Isr_Callback)
    i.SetSysClock                            0x08001dfc   Section        0  system_cs32f0xx.o(i.SetSysClock)
    SetSysClock                              0x08001dfd   Thumb Code   118  system_cs32f0xx.o(i.SetSysClock)
    i.SysTick_Handler                        0x08001e7c   Section        0  hal_interrupt.o(i.SysTick_Handler)
    i.SystemCoreClockUpdate                  0x08001e84   Section        0  system_cs32f0xx.o(i.SystemCoreClockUpdate)
    i.SystemInit                             0x08001f34   Section        0  system_cs32f0xx.o(i.SystemInit)
    i.TIM3_IRQHandler                        0x08001fb0   Section        0  hal_interrupt.o(i.TIM3_IRQHandler)
    i.USART1_IRQHandler                      0x08001fd4   Section        0  hal_interrupt.o(i.USART1_IRQHandler)
    i.__ARM_common_switch8                   0x08001fdc   Section        0  app_event.o(i.__ARM_common_switch8)
    i.__NVIC_SetPriority                     0x08001ff8   Section        0  hal_task.o(i.__NVIC_SetPriority)
    __NVIC_SetPriority                       0x08001ff9   Thumb Code   110  hal_task.o(i.__NVIC_SetPriority)
    i.adc_calibration_value_get              0x08002070   Section        0  cs32f0xx_adc.o(i.adc_calibration_value_get)
    i.adc_channel_config                     0x080020ac   Section        0  cs32f0xx_adc.o(i.adc_channel_config)
    i.adc_config_struct_init                 0x080020b6   Section        0  cs32f0xx_adc.o(i.adc_config_struct_init)
    i.adc_conversion_start                   0x080020c6   Section        0  cs32f0xx_adc.o(i.adc_conversion_start)
    i.adc_def_init                           0x080020d8   Section        0  cs32f0xx_adc.o(i.adc_def_init)
    i.adc_init                               0x08002120   Section        0  cs32f0xx_adc.o(i.adc_init)
    i.gpio_mf_config                         0x0800214c   Section        0  cs32f0xx_gpio.o(i.gpio_mf_config)
    i.gpio_mode_set                          0x080021b2   Section        0  cs32f0xx_gpio.o(i.gpio_mode_set)
    i.i2c_bytes_number_config                0x08002256   Section        0  cs32f0xx_i2c.o(i.i2c_bytes_number_config)
    i.i2c_init                               0x08002270   Section        0  cs32f0xx_i2c.o(i.i2c_init)
    i.i2c_request_direction_config           0x080022d8   Section        0  cs32f0xx_i2c.o(i.i2c_request_direction_config)
    i.i2c_slave_address_config               0x080022e6   Section        0  cs32f0xx_i2c.o(i.i2c_slave_address_config)
    i.main                                   0x080022f6   Section        0  main.o(i.main)
    i.nvic_init                              0x0800231c   Section        0  cs32f0xx_misc.o(i.nvic_init)
    i.rcu_clk_freq_get                       0x08002384   Section        0  cs32f0xx_rcu.o(i.rcu_clk_freq_get)
    i.syscfg_exti_line_config                0x080024a8   Section        0  cs32f0xx_syscfg.o(i.syscfg_exti_line_config)
    i.tim_base_init                          0x080024d4   Section        0  cs32f0xx_tim.o(i.tim_base_init)
    i.tim_prescaler_set                      0x08002558   Section        0  cs32f0xx_tim.o(i.tim_prescaler_set)
    i.usart_init                             0x08002560   Section        0  cs32f0xx_usart.o(i.usart_init)
    .data                                    0x20000000   Section       20  system_cs32f0xx.o(.data)
    AHBPrescTable                            0x20000004   Data          16  system_cs32f0xx.o(.data)
    .data                                    0x20000014   Section       16  cs32f0xx_rcu.o(.data)
    APBAHBPrescTable                         0x20000014   Data          16  cs32f0xx_rcu.o(.data)
    .data                                    0x20000024   Section        1  app_led.o(.data)
    .data                                    0x20000028   Section        4  app_batt.o(.data)
    .data                                    0x2000002c   Section        4  drv_task.o(.data)
    .data                                    0x20000030   Section        5  drv_charger.o(.data)
    timerRdReg                               0x20000034   Data           1  drv_charger.o(.data)
    .data                                    0x20000038   Section        5  drv_hall.o(.data)
    timerHall                                0x2000003c   Data           1  drv_hall.o(.data)
    .data                                    0x20000040   Section        4  hal_task.o(.data)
    .data                                    0x20000044   Section        4  hal_timer.o(.data)
    .data                                    0x20000048   Section        8  hal_charger.o(.data)
    max_delay                                0x2000004c   Data           4  hal_charger.o(.data)
    .data                                    0x20000050   Section        4  hal_hall.o(.data)
    .data                                    0x20000054   Section       11  hal_com.o(.data)
    hal_com_tx1_isr_callback                 0x20000054   Data           4  hal_com.o(.data)
    pTx1Buf                                  0x20000058   Data           4  hal_com.o(.data)
    tx1Length                                0x2000005c   Data           2  hal_com.o(.data)
    recvVal                                  0x2000005e   Data           1  hal_com.o(.data)
    .bss                                     0x20000060   Section       66  app_event.o(.bss)
    msg                                      0x20000060   Data          66  app_event.o(.bss)
    .bss                                     0x200000a4   Section       16  app_led.o(.bss)
    .bss                                     0x200000b4   Section       12  app_batt.o(.bss)
    .bss                                     0x200000c0   Section      256  drv_timer.o(.bss)
    .bss                                     0x200001c0   Section      530  drv_event.o(.bss)
    .bss                                     0x200003d4   Section       96  libspace.o(.bss)
    HEAP                                     0x20000438   Section     1024  startup_cs32f031.o(HEAP)
    Heap_Mem                                 0x20000438   Data        1024  startup_cs32f031.o(HEAP)
    STACK                                    0x20000838   Section     1024  startup_cs32f031.o(STACK)
    Stack_Mem                                0x20000838   Data        1024  startup_cs32f031.o(STACK)
    __initial_sp                             0x20000c38   Data           0  startup_cs32f031.o(STACK)

    Global Symbols

    Symbol Name                              Value     Ov Type        Size  Object(Section)

    BuildAttributes$$THM_ISAv3M$S$PE$A:L22$X:L11$S22$IEEE1$IW$USESV6$~STKCKD$USESV7$~SHL$OTIME$ROPI$EBA8$UX$STANDARDLIB$REQ8$PRES8$EABIv2 0x00000000   Number         0  anon$$obj.o ABSOLUTE
    __ARM_use_no_argv                        0x00000000   Number         0  main.o ABSOLUTE
    __ARM_exceptions_init                     - Undefined Weak Reference
    __alloca_initialize                       - Undefined Weak Reference
    __arm_fini_                               - Undefined Weak Reference
    __arm_preinit_                            - Undefined Weak Reference
    __cpp_initialize__aeabi_                  - Undefined Weak Reference
    __cxa_finalize                            - Undefined Weak Reference
    __rt_locale                               - Undefined Weak Reference
    __sigvec_lookup                           - Undefined Weak Reference
    __user_heap_extent                        - Undefined Weak Reference
    _atexit_init                              - Undefined Weak Reference
    _call_atexit_fns                          - Undefined Weak Reference
    _clock_init                               - Undefined Weak Reference
    _fp_trap_init                             - Undefined Weak Reference
    _fp_trap_shutdown                         - Undefined Weak Reference
    _get_lc_collate                           - Undefined Weak Reference
    _get_lc_ctype                             - Undefined Weak Reference
    _get_lc_monetary                          - Undefined Weak Reference
    _get_lc_numeric                           - Undefined Weak Reference
    _get_lc_time                              - Undefined Weak Reference
    _getenv_init                              - Undefined Weak Reference
    _handle_redirection                       - Undefined Weak Reference
    _initio                                   - Undefined Weak Reference
    _mutex_acquire                            - Undefined Weak Reference
    _mutex_free                               - Undefined Weak Reference
    _mutex_release                            - Undefined Weak Reference
    _rand_init                                - Undefined Weak Reference
    _signal_finish                            - Undefined Weak Reference
    _signal_init                              - Undefined Weak Reference
    _terminateio                              - Undefined Weak Reference
    __Vectors_Size                           0x000000b8   Number         0  startup_cs32f031.o ABSOLUTE
    __Vectors                                0x08000000   Data           4  startup_cs32f031.o(RESET)
    __Vectors_End                            0x080000b8   Data           0  startup_cs32f031.o(RESET)
    __main                                   0x080000b9   Thumb Code     8  __main.o(!!!main)
    __scatterload                            0x080000c1   Thumb Code     0  __scatter.o(!!!scatter)
    __scatterload_rt2                        0x080000c1   Thumb Code    52  __scatter.o(!!!scatter)
    __scatterload_rt2_thumb_only             0x080000c1   Thumb Code     0  __scatter.o(!!!scatter)
    __scatterload_null                       0x080000d1   Thumb Code     0  __scatter.o(!!!scatter)
    __scatterload_copy                       0x080000fd   Thumb Code    26  __scatter_copy.o(!!handler_copy)
    __scatterload_zeroinit                   0x08000119   Thumb Code    28  __scatter_zi.o(!!handler_zi)
    __rt_lib_init                            0x08000135   Thumb Code     0  libinit.o(.ARM.Collect$$libinit$$00000000)
    __rt_lib_init_fp_1                       0x08000137   Thumb Code     0  libinit2.o(.ARM.Collect$$libinit$$00000002)
    __rt_lib_init_heap_2                     0x08000137   Thumb Code     0  libinit2.o(.ARM.Collect$$libinit$$00000005)
    __rt_lib_init_preinit_1                  0x08000137   Thumb Code     0  libinit2.o(.ARM.Collect$$libinit$$00000004)
    __rt_lib_init_alloca_1                   0x0800013f   Thumb Code     0  libinit2.o(.ARM.Collect$$libinit$$0000002E)
    __rt_lib_init_argv_1                     0x0800013f   Thumb Code     0  libinit2.o(.ARM.Collect$$libinit$$0000002C)
    __rt_lib_init_atexit_1                   0x0800013f   Thumb Code     0  libinit2.o(.ARM.Collect$$libinit$$0000001B)
    __rt_lib_init_clock_1                    0x0800013f   Thumb Code     0  libinit2.o(.ARM.Collect$$libinit$$00000021)
    __rt_lib_init_cpp_1                      0x0800013f   Thumb Code     0  libinit2.o(.ARM.Collect$$libinit$$00000032)
    __rt_lib_init_exceptions_1               0x0800013f   Thumb Code     0  libinit2.o(.ARM.Collect$$libinit$$00000030)
    __rt_lib_init_fp_trap_1                  0x0800013f   Thumb Code     0  libinit2.o(.ARM.Collect$$libinit$$0000001F)
    __rt_lib_init_getenv_1                   0x0800013f   Thumb Code     0  libinit2.o(.ARM.Collect$$libinit$$00000023)
    __rt_lib_init_heap_1                     0x0800013f   Thumb Code     0  libinit2.o(.ARM.Collect$$libinit$$0000000A)
    __rt_lib_init_lc_collate_1               0x0800013f   Thumb Code     0  libinit2.o(.ARM.Collect$$libinit$$00000011)
    __rt_lib_init_lc_ctype_1                 0x0800013f   Thumb Code     0  libinit2.o(.ARM.Collect$$libinit$$00000013)
    __rt_lib_init_lc_monetary_1              0x0800013f   Thumb Code     0  libinit2.o(.ARM.Collect$$libinit$$00000015)
    __rt_lib_init_lc_numeric_1               0x0800013f   Thumb Code     0  libinit2.o(.ARM.Collect$$libinit$$00000017)
    __rt_lib_init_lc_time_1                  0x0800013f   Thumb Code     0  libinit2.o(.ARM.Collect$$libinit$$00000019)
    __rt_lib_init_rand_1                     0x0800013f   Thumb Code     0  libinit2.o(.ARM.Collect$$libinit$$0000000E)
    __rt_lib_init_return                     0x0800013f   Thumb Code     0  libinit2.o(.ARM.Collect$$libinit$$00000033)
    __rt_lib_init_signal_1                   0x0800013f   Thumb Code     0  libinit2.o(.ARM.Collect$$libinit$$0000001D)
    __rt_lib_init_stdio_1                    0x0800013f   Thumb Code     0  libinit2.o(.ARM.Collect$$libinit$$00000025)
    __rt_lib_init_user_alloc_1               0x0800013f   Thumb Code     0  libinit2.o(.ARM.Collect$$libinit$$0000000C)
    __rt_lib_shutdown                        0x08000141   Thumb Code     0  libshutdown.o(.ARM.Collect$$libshutdown$$00000000)
    __rt_lib_shutdown_cpp_1                  0x08000143   Thumb Code     0  libshutdown2.o(.ARM.Collect$$libshutdown$$00000004)
    __rt_lib_shutdown_fini_1                 0x08000143   Thumb Code     0  libshutdown2.o(.ARM.Collect$$libshutdown$$00000002)
    __rt_lib_shutdown_fp_trap_1              0x08000143   Thumb Code     0  libshutdown2.o(.ARM.Collect$$libshutdown$$00000009)
    __rt_lib_shutdown_heap_1                 0x08000143   Thumb Code     0  libshutdown2.o(.ARM.Collect$$libshutdown$$00000011)
    __rt_lib_shutdown_return                 0x08000143   Thumb Code     0  libshutdown2.o(.ARM.Collect$$libshutdown$$00000012)
    __rt_lib_shutdown_signal_1               0x08000143   Thumb Code     0  libshutdown2.o(.ARM.Collect$$libshutdown$$0000000C)
    __rt_lib_shutdown_stdio_1                0x08000143   Thumb Code     0  libshutdown2.o(.ARM.Collect$$libshutdown$$00000006)
    __rt_lib_shutdown_user_alloc_1           0x08000143   Thumb Code     0  libshutdown2.o(.ARM.Collect$$libshutdown$$0000000E)
    __rt_entry                               0x08000145   Thumb Code     0  __rtentry.o(.ARM.Collect$$rtentry$$00000000)
    __rt_entry_presh_1                       0x08000145   Thumb Code     0  __rtentry2.o(.ARM.Collect$$rtentry$$00000002)
    __rt_entry_sh                            0x08000145   Thumb Code     0  __rtentry4.o(.ARM.Collect$$rtentry$$00000004)
    __rt_entry_li                            0x0800014b   Thumb Code     0  __rtentry2.o(.ARM.Collect$$rtentry$$0000000A)
    __rt_entry_postsh_1                      0x0800014b   Thumb Code     0  __rtentry2.o(.ARM.Collect$$rtentry$$00000009)
    __rt_entry_main                          0x0800014f   Thumb Code     0  __rtentry2.o(.ARM.Collect$$rtentry$$0000000D)
    __rt_entry_postli_1                      0x0800014f   Thumb Code     0  __rtentry2.o(.ARM.Collect$$rtentry$$0000000C)
    __rt_exit                                0x08000157   Thumb Code     0  rtexit.o(.ARM.Collect$$rtexit$$00000000)
    __rt_exit_ls                             0x08000159   Thumb Code     0  rtexit2.o(.ARM.Collect$$rtexit$$00000003)
    __rt_exit_prels_1                        0x08000159   Thumb Code     0  rtexit2.o(.ARM.Collect$$rtexit$$00000002)
    __rt_exit_exit                           0x0800015d   Thumb Code     0  rtexit2.o(.ARM.Collect$$rtexit$$00000004)
    __aeabi_memcpy4                          0x08000165   Thumb Code    56  rt_memcpy.o(.emb_text)
    __aeabi_memcpy8                          0x08000165   Thumb Code     0  rt_memcpy.o(.emb_text)
    Reset_Handler                            0x0800019d   Thumb Code     8  startup_cs32f031.o(.text)
    _maybe_terminate_alloc                   0x0800019d   Thumb Code     0  maybetermalloc1.o(.emb_text)
    NMI_Handler                              0x080001a5   Thumb Code     2  startup_cs32f031.o(.text)
    HardFault_Handler                        0x080001a7   Thumb Code     2  startup_cs32f031.o(.text)
    SVC_Handler                              0x080001a9   Thumb Code     2  startup_cs32f031.o(.text)
    PendSV_Handler                           0x080001ab   Thumb Code     2  startup_cs32f031.o(.text)
    ADC1_IRQHandler                          0x080001af   Thumb Code     0  startup_cs32f031.o(.text)
    DMA1_Channel1_IRQHandler                 0x080001af   Thumb Code     0  startup_cs32f031.o(.text)
    DMA1_Channel2_3_IRQHandler               0x080001af   Thumb Code     0  startup_cs32f031.o(.text)
    DMA1_Channel4_5_IRQHandler               0x080001af   Thumb Code     0  startup_cs32f031.o(.text)
    EXTI2_3_IRQHandler                       0x080001af   Thumb Code     0  startup_cs32f031.o(.text)
    FLASH_IRQHandler                         0x080001af   Thumb Code     0  startup_cs32f031.o(.text)
    I2C1_IRQHandler                          0x080001af   Thumb Code     0  startup_cs32f031.o(.text)
    I2C2_IRQHandler                          0x080001af   Thumb Code     0  startup_cs32f031.o(.text)
    LVD_IRQHandler                           0x080001af   Thumb Code     0  startup_cs32f031.o(.text)
    RCU_IRQHandler                           0x080001af   Thumb Code     0  startup_cs32f031.o(.text)
    RTC_IRQHandler                           0x080001af   Thumb Code     0  startup_cs32f031.o(.text)
    SPI1_IRQHandler                          0x080001af   Thumb Code     0  startup_cs32f031.o(.text)
    SPI2_IRQHandler                          0x080001af   Thumb Code     0  startup_cs32f031.o(.text)
    TIM14_IRQHandler                         0x080001af   Thumb Code     0  startup_cs32f031.o(.text)
    TIM15_IRQHandler                         0x080001af   Thumb Code     0  startup_cs32f031.o(.text)
    TIM16_IRQHandler                         0x080001af   Thumb Code     0  startup_cs32f031.o(.text)
    TIM17_IRQHandler                         0x080001af   Thumb Code     0  startup_cs32f031.o(.text)
    TIM1_BRK_UP_TRG_COM_IRQHandler           0x080001af   Thumb Code     0  startup_cs32f031.o(.text)
    TIM1_CC_IRQHandler                       0x080001af   Thumb Code     0  startup_cs32f031.o(.text)
    TIM2_IRQHandler                          0x080001af   Thumb Code     0  startup_cs32f031.o(.text)
    TIM6_IRQHandler                          0x080001af   Thumb Code     0  startup_cs32f031.o(.text)
    USART2_IRQHandler                        0x080001af   Thumb Code     0  startup_cs32f031.o(.text)
    USART6_8_IRQHandler                      0x080001af   Thumb Code     0  startup_cs32f031.o(.text)
    WWDT_IRQHandler                          0x080001af   Thumb Code     0  startup_cs32f031.o(.text)
    __user_initial_stackheap                 0x080001b1   Thumb Code     0  startup_cs32f031.o(.text)
    malloc                                   0x080001d5   Thumb Code    98  h1_alloc.o(.text)
    free                                     0x08000237   Thumb Code    76  h1_free.o(.text)
    __aeabi_memcpy                           0x08000283   Thumb Code   130  rt_memcpy.o(.text)
    __rt_memcpy                              0x08000283   Thumb Code     0  rt_memcpy.o(.text)
    __aeabi_uidiv                            0x08000305   Thumb Code     0  aeabi_sdiv.o(.text)
    __aeabi_uidivmod                         0x08000305   Thumb Code    20  aeabi_sdiv.o(.text)
    __aeabi_idiv                             0x08000319   Thumb Code     0  aeabi_sdiv.o(.text)
    __aeabi_idivmod                          0x08000319   Thumb Code   326  aeabi_sdiv.o(.text)
    __use_two_region_memory                  0x0800045f   Thumb Code     2  heapauxi.o(.text)
    __rt_heap_escrow                         0x08000461   Thumb Code     2  heapauxi.o(.text)
    __rt_heap_expand                         0x08000463   Thumb Code     2  heapauxi.o(.text)
    __rt_heap_descriptor                     0x08000465   Thumb Code     8  rt_heap_descriptor_intlibspace.o(.text)
    __use_no_heap                            0x0800046d   Thumb Code     2  hguard.o(.text)
    __heap$guard                             0x0800046f   Thumb Code     2  hguard.o(.text)
    _terminate_user_alloc                    0x08000471   Thumb Code     2  init_alloc.o(.text)
    _init_user_alloc                         0x08000473   Thumb Code     2  init_alloc.o(.text)
    __Heap_Full                              0x08000475   Thumb Code    32  init_alloc.o(.text)
    __Heap_Broken                            0x08000495   Thumb Code    10  init_alloc.o(.text)
    _init_alloc                              0x0800049f   Thumb Code    90  init_alloc.o(.text)
    __Heap_Initialize                        0x080004f9   Thumb Code    10  h1_init.o(.text)
    __Heap_DescSize                          0x08000503   Thumb Code     4  h1_init.o(.text)
    __user_libspace                          0x08000509   Thumb Code     8  libspace.o(.text)
    __user_perproc_libspace                  0x08000509   Thumb Code     0  libspace.o(.text)
    __user_perthread_libspace                0x08000509   Thumb Code     0  libspace.o(.text)
    __Heap_ProvideMemory                     0x08000511   Thumb Code    52  h1_extend.o(.text)
    __rt_SIGRTMEM                            0x08000545   Thumb Code    12  defsig_rtmem_outer.o(.text)
    __I$use$semihosting                      0x08000551   Thumb Code     0  use_no_semi.o(.text)
    __use_no_semihosting_swi                 0x08000551   Thumb Code     2  use_no_semi.o(.text)
    __semihosting_library_function           0x08000553   Thumb Code     0  indicate_semi.o(.text)
    __user_setup_stackheap                   0x08000553   Thumb Code    62  sys_stackheap_outer.o(.text)
    exit                                     0x08000591   Thumb Code    16  exit.o(.text)
    __sig_exit                               0x080005a1   Thumb Code    12  defsig_exit.o(.text)
    __rt_SIGRTMEM_inner                      0x080005ad   Thumb Code    22  defsig_rtmem_inner.o(.text)
    _sys_exit                                0x080005fd   Thumb Code     8  sys_exit.o(.text)
    __default_signal_display                 0x08000609   Thumb Code    52  defsig_general.o(.text)
    _ttywrch                                 0x0800063d   Thumb Code    12  sys_wrch.o(.text)
    App_Batt_Cal_Level                       0x08000649   Thumb Code   216  app_batt.o(i.App_Batt_Cal_Level)
    App_Batt_Get_Vol                         0x08000941   Thumb Code     8  app_batt.o(i.App_Batt_Get_Vol)
    App_Batt_Init                            0x0800097d   Thumb Code    30  app_batt.o(i.App_Batt_Init)
    App_Event_Init                           0x08000a2d   Thumb Code    16  app_event.o(i.App_Event_Init)
    App_Hall_Init                            0x08000a41   Thumb Code    10  app_hall.o(i.App_Hall_Init)
    App_Led_All_Turn_Off                     0x08000a69   Thumb Code    42  app_led.o(i.App_Led_All_Turn_Off)
    App_Led_All_Turn_On                      0x08000a99   Thumb Code    42  app_led.o(i.App_Led_All_Turn_On)
    App_Led_Flash_BattLevel                  0x08000ac9   Thumb Code    98  app_led.o(i.App_Led_Flash_BattLevel)
    App_Led_Hall_Close                       0x08000d41   Thumb Code    30  app_led.o(i.App_Led_Hall_Close)
    App_Led_Hall_Open                        0x08000d65   Thumb Code   190  app_led.o(i.App_Led_Hall_Open)
    App_Led_Init                             0x08000e79   Thumb Code    68  app_led.o(i.App_Led_Init)
    Drv_Batt_Get_Vol                         0x08000ec5   Thumb Code    28  drv_batt.o(i.Drv_Batt_Get_Vol)
    Drv_Batt_Init                            0x08000ee1   Thumb Code     8  drv_batt.o(i.Drv_Batt_Init)
    Drv_Chrg_Cfg                             0x08000ee9   Thumb Code   104  drv_charger.o(i.Drv_Chrg_Cfg)
    Drv_Chrg_Get_Charging_State              0x08000f55   Thumb Code     6  drv_charger.o(i.Drv_Chrg_Get_Charging_State)
    Drv_Chrg_Get_Usb_State                   0x08000f61   Thumb Code    16  drv_charger.o(i.Drv_Chrg_Get_Usb_State)
    Drv_Chrg_Init                            0x08000f75   Thumb Code    18  drv_charger.o(i.Drv_Chrg_Init)
    Drv_Com_Init                             0x08001055   Thumb Code     8  drv_com.o(i.Drv_Com_Init)
    Drv_Hall_Get_State                       0x0800105d   Thumb Code    20  drv_hall.o(i.Drv_Hall_Get_State)
    Drv_Hall_Init                            0x08001071   Thumb Code    20  drv_hall.o(i.Drv_Hall_Init)
    Drv_Led_Get_Stat                         0x080010b1   Thumb Code    14  drv_led.o(i.Drv_Led_Get_Stat)
    Drv_Led_Init                             0x080010bf   Thumb Code     8  drv_led.o(i.Drv_Led_Init)
    Drv_Led_Off                              0x080010c7   Thumb Code    14  drv_led.o(i.Drv_Led_Off)
    Drv_Led_On                               0x080010d5   Thumb Code    14  drv_led.o(i.Drv_Led_On)
    Drv_Msg_Get                              0x080010e5   Thumb Code    68  drv_event.o(i.Drv_Msg_Get)
    Drv_Msg_Put                              0x08001131   Thumb Code    98  drv_event.o(i.Drv_Msg_Put)
    Drv_Task_Delete                          0x0800119d   Thumb Code   100  drv_task.o(i.Drv_Task_Delete)
    Drv_Task_Init                            0x08001205   Thumb Code    14  drv_task.o(i.Drv_Task_Init)
    Drv_Task_Regist                          0x08001245   Thumb Code    94  drv_task.o(i.Drv_Task_Regist)
    Drv_Task_Regist_Period                   0x080012a9   Thumb Code    24  drv_task.o(i.Drv_Task_Regist_Period)
    Drv_Task_Run                             0x080012c1   Thumb Code    64  drv_task.o(i.Drv_Task_Run)
    Drv_Timer_Delete                         0x08001305   Thumb Code    42  drv_timer.o(i.Drv_Timer_Delete)
    Drv_Timer_Init                           0x08001335   Thumb Code    14  drv_timer.o(i.Drv_Timer_Init)
    Drv_Timer_Regist_Oneshot                 0x08001411   Thumb Code    22  drv_timer.o(i.Drv_Timer_Regist_Oneshot)
    Drv_Timer_Regist_Period                  0x08001427   Thumb Code    24  drv_timer.o(i.Drv_Timer_Regist_Period)
    EXTI0_1_IRQHandler                       0x08001441   Thumb Code    28  hal_interrupt.o(i.EXTI0_1_IRQHandler)
    EXTI4_15_IRQHandler                      0x08001461   Thumb Code    28  hal_interrupt.o(i.EXTI4_15_IRQHandler)
    Hal_Batt_Adc_Get_SampleVal               0x080014f5   Thumb Code   106  hal_batt.o(i.Hal_Batt_Adc_Get_SampleVal)
    Hal_Batt_Chrg_Init                       0x080015c5   Thumb Code    12  hal_charger.o(i.Hal_Batt_Chrg_Init)
    Hal_Batt_Init                            0x080015d1   Thumb Code    48  hal_batt.o(i.Hal_Batt_Init)
    Hal_Chrg_Isr_Handler                     0x080016ed   Thumb Code    18  hal_charger.o(i.Hal_Chrg_Isr_Handler)
    Hal_Chrg_Read                            0x08001705   Thumb Code   374  hal_charger.o(i.Hal_Chrg_Read)
    Hal_Chrg_Regist_Isr_Callback             0x08001885   Thumb Code     6  hal_charger.o(i.Hal_Chrg_Regist_Isr_Callback)
    Hal_Chrg_Write                           0x08001891   Thumb Code   238  hal_charger.o(i.Hal_Chrg_Write)
    Hal_Com_Init                             0x080019b9   Thumb Code    12  hal_com.o(i.Hal_Com_Init)
    Hal_Com_Tx1_Isr_Handler                  0x080019c5   Thumb Code   122  hal_com.o(i.Hal_Com_Tx1_Isr_Handler)
    Hal_Hall_Get_State                       0x08001b0d   Thumb Code    12  hal_hall.o(i.Hal_Hall_Get_State)
    Hal_Hall_Init                            0x08001b1d   Thumb Code   102  hal_hall.o(i.Hal_Hall_Init)
    Hal_Hall_Isr_Handler                     0x08001b91   Thumb Code    18  hal_hall.o(i.Hal_Hall_Isr_Handler)
    Hal_Hall_Regist_Isr_Callback             0x08001ba9   Thumb Code     6  hal_hall.o(i.Hal_Hall_Regist_Isr_Callback)
    Hal_Led_Get_Stat                         0x08001bb5   Thumb Code    90  hal_led.o(i.Hal_Led_Get_Stat)
    Hal_Led_Init                             0x08001c19   Thumb Code   104  hal_led.o(i.Hal_Led_Init)
    Hal_Led_Off                              0x08001c85   Thumb Code    42  hal_led.o(i.Hal_Led_Off)
    Hal_Led_On                               0x08001cbd   Thumb Code    44  hal_led.o(i.Hal_Led_On)
    Hal_Task_Init                            0x08001cf1   Thumb Code    58  hal_task.o(i.Hal_Task_Init)
    Hal_Task_Isr_Handler                     0x08001d39   Thumb Code    18  hal_task.o(i.Hal_Task_Isr_Handler)
    Hal_Task_Regist_Isr_Callback             0x08001d51   Thumb Code     6  hal_task.o(i.Hal_Task_Regist_Isr_Callback)
    Hal_Timer_Init                           0x08001d5d   Thumb Code   108  hal_timer.o(i.Hal_Timer_Init)
    Hal_Timer_Isr_Handler                    0x08001dd9   Thumb Code    18  hal_timer.o(i.Hal_Timer_Isr_Handler)
    Hal_Timer_Regist_Isr_Callback            0x08001df1   Thumb Code     6  hal_timer.o(i.Hal_Timer_Regist_Isr_Callback)
    SysTick_Handler                          0x08001e7d   Thumb Code     8  hal_interrupt.o(i.SysTick_Handler)
    SystemCoreClockUpdate                    0x08001e85   Thumb Code   154  system_cs32f0xx.o(i.SystemCoreClockUpdate)
    SystemInit                               0x08001f35   Thumb Code   110  system_cs32f0xx.o(i.SystemInit)
    TIM3_IRQHandler                          0x08001fb1   Thumb Code    26  hal_interrupt.o(i.TIM3_IRQHandler)
    USART1_IRQHandler                        0x08001fd5   Thumb Code     8  hal_interrupt.o(i.USART1_IRQHandler)
    __ARM_common_switch8                     0x08001fdd   Thumb Code    28  app_event.o(i.__ARM_common_switch8)
    adc_calibration_value_get                0x08002071   Thumb Code    60  cs32f0xx_adc.o(i.adc_calibration_value_get)
    adc_channel_config                       0x080020ad   Thumb Code    10  cs32f0xx_adc.o(i.adc_channel_config)
    adc_config_struct_init                   0x080020b7   Thumb Code    16  cs32f0xx_adc.o(i.adc_config_struct_init)
    adc_conversion_start                     0x080020c7   Thumb Code    18  cs32f0xx_adc.o(i.adc_conversion_start)
    adc_def_init                             0x080020d9   Thumb Code    58  cs32f0xx_adc.o(i.adc_def_init)
    adc_init                                 0x08002121   Thumb Code    38  cs32f0xx_adc.o(i.adc_init)
    gpio_mf_config                           0x0800214d   Thumb Code   102  cs32f0xx_gpio.o(i.gpio_mf_config)
    gpio_mode_set                            0x080021b3   Thumb Code   164  cs32f0xx_gpio.o(i.gpio_mode_set)
    i2c_bytes_number_config                  0x08002257   Thumb Code    24  cs32f0xx_i2c.o(i.i2c_bytes_number_config)
    i2c_init                                 0x08002271   Thumb Code    98  cs32f0xx_i2c.o(i.i2c_init)
    i2c_request_direction_config             0x080022d9   Thumb Code    14  cs32f0xx_i2c.o(i.i2c_request_direction_config)
    i2c_slave_address_config                 0x080022e7   Thumb Code    16  cs32f0xx_i2c.o(i.i2c_slave_address_config)
    main                                     0x080022f7   Thumb Code    36  main.o(i.main)
    nvic_init                                0x0800231d   Thumb Code   100  cs32f0xx_misc.o(i.nvic_init)
    rcu_clk_freq_get                         0x08002385   Thumb Code   276  cs32f0xx_rcu.o(i.rcu_clk_freq_get)
    syscfg_exti_line_config                  0x080024a9   Thumb Code    38  cs32f0xx_syscfg.o(i.syscfg_exti_line_config)
    tim_base_init                            0x080024d5   Thumb Code   108  cs32f0xx_tim.o(i.tim_base_init)
    tim_prescaler_set                        0x08002559   Thumb Code     6  cs32f0xx_tim.o(i.tim_prescaler_set)
    usart_init                               0x08002561   Thumb Code   192  cs32f0xx_usart.o(i.usart_init)
    Region$$Table$$Base                      0x0800262c   Number         0  anon$$obj.o(Region$$Table)
    Region$$Table$$Limit                     0x0800264c   Number         0  anon$$obj.o(Region$$Table)
    SystemCoreClock                          0x20000000   Data           4  system_cs32f0xx.o(.data)
    timer_led_5s                             0x20000024   Data           1  app_led.o(.data)
    taskBatt                                 0x20000028   Data           4  app_batt.o(.data)
    taskHead                                 0x2000002c   Data           4  drv_task.o(.data)
    chrgCtrl                                 0x20000030   Data           4  drv_charger.o(.data)
    hall_state_callback                      0x20000038   Data           4  drv_hall.o(.data)
    hal_task_isr_callback                    0x20000040   Data           4  hal_task.o(.data)
    hal_timer_isr_callback                   0x20000044   Data           4  hal_timer.o(.data)
    hal_intp1_isr_callback                   0x20000048   Data           4  hal_charger.o(.data)
    hal_hall_isr_callback                    0x20000050   Data           4  hal_hall.o(.data)
    ledCtrl                                  0x200000a4   Data          16  app_led.o(.bss)
    battCtrl                                 0x200000b4   Data          12  app_batt.o(.bss)
    timerList                                0x200000c0   Data         256  drv_timer.o(.bss)
    msgQueue                                 0x200001c0   Data         530  drv_event.o(.bss)
    __libspace_start                         0x200003d4   Data          96  libspace.o(.bss)
    __temporary_stack_top$libspace           0x20000434   Data           0  libspace.o(.bss)



==============================================================================

Memory Map of the image

  Image Entry point : 0x080000b9

  Load Region LR_IROM1 (Base: 0x08000000, Size: 0x000026ac, Max: 0x00010000, ABSOLUTE)

    Execution Region ER_IROM1 (Exec base: 0x08000000, Load base: 0x08000000, Size: 0x0000264c, Max: 0x00010000, ABSOLUTE)

    Exec Addr    Load Addr    Size         Type   Attr      Idx    E Section Name        Object

    0x08000000   0x08000000   0x000000b8   Data   RO            3    RESET               startup_cs32f031.o
    0x080000b8   0x080000b8   0x00000008   Code   RO         2046  * !!!main             c_p.l(__main.o)
    0x080000c0   0x080000c0   0x0000003c   Code   RO         2261    !!!scatter          c_p.l(__scatter.o)
    0x080000fc   0x080000fc   0x0000001a   Code   RO         2263    !!handler_copy      c_p.l(__scatter_copy.o)
    0x08000116   0x08000116   0x00000002   PAD
    0x08000118   0x08000118   0x0000001c   Code   RO         2265    !!handler_zi        c_p.l(__scatter_zi.o)
    0x08000134   0x08000134   0x00000002   Code   RO         2197    .ARM.Collect$$libinit$$00000000  c_p.l(libinit.o)
    0x08000136   0x08000136   0x00000000   Code   RO         2083    .ARM.Collect$$libinit$$00000002  c_p.l(libinit2.o)
    0x08000136   0x08000136   0x00000000   Code   RO         2085    .ARM.Collect$$libinit$$00000004  c_p.l(libinit2.o)
    0x08000136   0x08000136   0x00000008   Code   RO         2086    .ARM.Collect$$libinit$$00000005  c_p.l(libinit2.o)
    0x0800013e   0x0800013e   0x00000000   Code   RO         2088    .ARM.Collect$$libinit$$0000000A  c_p.l(libinit2.o)
    0x0800013e   0x0800013e   0x00000000   Code   RO         2090    .ARM.Collect$$libinit$$0000000C  c_p.l(libinit2.o)
    0x0800013e   0x0800013e   0x00000000   Code   RO         2092    .ARM.Collect$$libinit$$0000000E  c_p.l(libinit2.o)
    0x0800013e   0x0800013e   0x00000000   Code   RO         2095    .ARM.Collect$$libinit$$00000011  c_p.l(libinit2.o)
    0x0800013e   0x0800013e   0x00000000   Code   RO         2097    .ARM.Collect$$libinit$$00000013  c_p.l(libinit2.o)
    0x0800013e   0x0800013e   0x00000000   Code   RO         2099    .ARM.Collect$$libinit$$00000015  c_p.l(libinit2.o)
    0x0800013e   0x0800013e   0x00000000   Code   RO         2101    .ARM.Collect$$libinit$$00000017  c_p.l(libinit2.o)
    0x0800013e   0x0800013e   0x00000000   Code   RO         2103    .ARM.Collect$$libinit$$00000019  c_p.l(libinit2.o)
    0x0800013e   0x0800013e   0x00000000   Code   RO         2105    .ARM.Collect$$libinit$$0000001B  c_p.l(libinit2.o)
    0x0800013e   0x0800013e   0x00000000   Code   RO         2107    .ARM.Collect$$libinit$$0000001D  c_p.l(libinit2.o)
    0x0800013e   0x0800013e   0x00000000   Code   RO         2109    .ARM.Collect$$libinit$$0000001F  c_p.l(libinit2.o)
    0x0800013e   0x0800013e   0x00000000   Code   RO         2111    .ARM.Collect$$libinit$$00000021  c_p.l(libinit2.o)
    0x0800013e   0x0800013e   0x00000000   Code   RO         2113    .ARM.Collect$$libinit$$00000023  c_p.l(libinit2.o)
    0x0800013e   0x0800013e   0x00000000   Code   RO         2115    .ARM.Collect$$libinit$$00000025  c_p.l(libinit2.o)
    0x0800013e   0x0800013e   0x00000000   Code   RO         2119    .ARM.Collect$$libinit$$0000002C  c_p.l(libinit2.o)
    0x0800013e   0x0800013e   0x00000000   Code   RO         2121    .ARM.Collect$$libinit$$0000002E  c_p.l(libinit2.o)
    0x0800013e   0x0800013e   0x00000000   Code   RO         2123    .ARM.Collect$$libinit$$00000030  c_p.l(libinit2.o)
    0x0800013e   0x0800013e   0x00000000   Code   RO         2125    .ARM.Collect$$libinit$$00000032  c_p.l(libinit2.o)
    0x0800013e   0x0800013e   0x00000002   Code   RO         2126    .ARM.Collect$$libinit$$00000033  c_p.l(libinit2.o)
    0x08000140   0x08000140   0x00000002   Code   RO         2258    .ARM.Collect$$libshutdown$$00000000  c_p.l(libshutdown.o)
    0x08000142   0x08000142   0x00000000   Code   RO         2214    .ARM.Collect$$libshutdown$$00000002  c_p.l(libshutdown2.o)
    0x08000142   0x08000142   0x00000000   Code   RO         2216    .ARM.Collect$$libshutdown$$00000004  c_p.l(libshutdown2.o)
    0x08000142   0x08000142   0x00000000   Code   RO         2218    .ARM.Collect$$libshutdown$$00000006  c_p.l(libshutdown2.o)
    0x08000142   0x08000142   0x00000000   Code   RO         2221    .ARM.Collect$$libshutdown$$00000009  c_p.l(libshutdown2.o)
    0x08000142   0x08000142   0x00000000   Code   RO         2224    .ARM.Collect$$libshutdown$$0000000C  c_p.l(libshutdown2.o)
    0x08000142   0x08000142   0x00000000   Code   RO         2226    .ARM.Collect$$libshutdown$$0000000E  c_p.l(libshutdown2.o)
    0x08000142   0x08000142   0x00000000   Code   RO         2229    .ARM.Collect$$libshutdown$$00000011  c_p.l(libshutdown2.o)
    0x08000142   0x08000142   0x00000002   Code   RO         2230    .ARM.Collect$$libshutdown$$00000012  c_p.l(libshutdown2.o)
    0x08000144   0x08000144   0x00000000   Code   RO         2050    .ARM.Collect$$rtentry$$00000000  c_p.l(__rtentry.o)
    0x08000144   0x08000144   0x00000000   Code   RO         2133    .ARM.Collect$$rtentry$$00000002  c_p.l(__rtentry2.o)
    0x08000144   0x08000144   0x00000006   Code   RO         2145    .ARM.Collect$$rtentry$$00000004  c_p.l(__rtentry4.o)
    0x0800014a   0x0800014a   0x00000000   Code   RO         2135    .ARM.Collect$$rtentry$$00000009  c_p.l(__rtentry2.o)
    0x0800014a   0x0800014a   0x00000004   Code   RO         2136    .ARM.Collect$$rtentry$$0000000A  c_p.l(__rtentry2.o)
    0x0800014e   0x0800014e   0x00000000   Code   RO         2138    .ARM.Collect$$rtentry$$0000000C  c_p.l(__rtentry2.o)
    0x0800014e   0x0800014e   0x00000008   Code   RO         2139    .ARM.Collect$$rtentry$$0000000D  c_p.l(__rtentry2.o)
    0x08000156   0x08000156   0x00000002   Code   RO         2201    .ARM.Collect$$rtexit$$00000000  c_p.l(rtexit.o)
    0x08000158   0x08000158   0x00000000   Code   RO         2234    .ARM.Collect$$rtexit$$00000002  c_p.l(rtexit2.o)
    0x08000158   0x08000158   0x00000004   Code   RO         2235    .ARM.Collect$$rtexit$$00000003  c_p.l(rtexit2.o)
    0x0800015c   0x0800015c   0x00000006   Code   RO         2236    .ARM.Collect$$rtexit$$00000004  c_p.l(rtexit2.o)
    0x08000162   0x08000162   0x00000002   PAD
    0x08000164   0x08000164   0x00000038   Code   RO         2036    .emb_text           c_p.l(rt_memcpy.o)
    0x0800019c   0x0800019c   0x00000000   Code   RO         2151    .emb_text           c_p.l(maybetermalloc1.o)
    0x0800019c   0x0800019c   0x00000038   Code   RO            4    .text               startup_cs32f031.o
    0x080001d4   0x080001d4   0x00000062   Code   RO         1978    .text               c_p.l(h1_alloc.o)
    0x08000236   0x08000236   0x0000004c   Code   RO         1980    .text               c_p.l(h1_free.o)
    0x08000282   0x08000282   0x00000082   Code   RO         2037    .text               c_p.l(rt_memcpy.o)
    0x08000304   0x08000304   0x0000015a   Code   RO         2040    .text               c_p.l(aeabi_sdiv.o)
    0x0800045e   0x0800045e   0x00000006   Code   RO         2044    .text               c_p.l(heapauxi.o)
    0x08000464   0x08000464   0x00000008   Code   RO         2058    .text               c_p.l(rt_heap_descriptor_intlibspace.o)
    0x0800046c   0x0800046c   0x00000004   Code   RO         2060    .text               c_p.l(hguard.o)
    0x08000470   0x08000470   0x00000088   Code   RO         2062    .text               c_p.l(init_alloc.o)
    0x080004f8   0x080004f8   0x0000000e   Code   RO         2066    .text               c_p.l(h1_init.o)
    0x08000506   0x08000506   0x00000002   PAD
    0x08000508   0x08000508   0x00000008   Code   RO         2129    .text               c_p.l(libspace.o)
    0x08000510   0x08000510   0x00000034   Code   RO         2153    .text               c_p.l(h1_extend.o)
    0x08000544   0x08000544   0x0000000c   Code   RO         2157    .text               c_p.l(defsig_rtmem_outer.o)
    0x08000550   0x08000550   0x00000002   Code   RO         2168    .text               c_p.l(use_no_semi.o)
    0x08000552   0x08000552   0x00000000   Code   RO         2170    .text               c_p.l(indicate_semi.o)
    0x08000552   0x08000552   0x0000003e   Code   RO         2171    .text               c_p.l(sys_stackheap_outer.o)
    0x08000590   0x08000590   0x00000010   Code   RO         2178    .text               c_p.l(exit.o)
    0x080005a0   0x080005a0   0x0000000c   Code   RO         2180    .text               c_p.l(defsig_exit.o)
    0x080005ac   0x080005ac   0x00000050   Code   RO         2186    .text               c_p.l(defsig_rtmem_inner.o)
    0x080005fc   0x080005fc   0x0000000c   Code   RO         2198    .text               c_p.l(sys_exit.o)
    0x08000608   0x08000608   0x00000034   Code   RO         2209    .text               c_p.l(defsig_general.o)
    0x0800063c   0x0800063c   0x0000000c   Code   RO         2231    .text               c_p.l(sys_wrch.o)
    0x08000648   0x08000648   0x000000e8   Code   RO         1110    i.App_Batt_Cal_Level  app_batt.o
    0x08000730   0x08000730   0x0000016c   Code   RO         1111    i.App_Batt_Chrg_Handler  app_batt.o
    0x0800089c   0x0800089c   0x000000a4   Code   RO         1112    i.App_Batt_Dischrg_Handler  app_batt.o
    0x08000940   0x08000940   0x00000008   Code   RO         1113    i.App_Batt_Get_Vol  app_batt.o
    0x08000948   0x08000948   0x00000034   Code   RO         1114    i.App_Batt_Handler  app_batt.o
    0x0800097c   0x0800097c   0x00000028   Code   RO         1115    i.App_Batt_Init     app_batt.o
    0x080009a4   0x080009a4   0x00000088   Code   RO          990    i.App_Event_Handler  app_event.o
    0x08000a2c   0x08000a2c   0x00000014   Code   RO          991    i.App_Event_Init    app_event.o
    0x08000a40   0x08000a40   0x00000010   Code   RO         1166    i.App_Hall_Init     app_hall.o
    0x08000a50   0x08000a50   0x00000016   Code   RO         1167    i.App_Hall_Send_State  app_hall.o
    0x08000a66   0x08000a66   0x00000002   PAD
    0x08000a68   0x08000a68   0x00000030   Code   RO         1022    i.App_Led_All_Turn_Off  app_led.o
    0x08000a98   0x08000a98   0x00000030   Code   RO         1023    i.App_Led_All_Turn_On  app_led.o
    0x08000ac8   0x08000ac8   0x00000078   Code   RO         1024    i.App_Led_Flash_BattLevel  app_led.o
    0x08000b40   0x08000b40   0x00000034   Code   RO         1025    i.App_Led_Flash_BattLevel_1_20  app_led.o
    0x08000b74   0x08000b74   0x0000005c   Code   RO         1026    i.App_Led_Flash_BattLevel_21_50  app_led.o
    0x08000bd0   0x08000bd0   0x00000094   Code   RO         1027    i.App_Led_Flash_BattLevel_51_80  app_led.o
    0x08000c64   0x08000c64   0x000000dc   Code   RO         1028    i.App_Led_Flash_BattLevel_81_99  app_led.o
    0x08000d40   0x08000d40   0x00000024   Code   RO         1029    i.App_Led_Hall_Close  app_led.o
    0x08000d64   0x08000d64   0x000000d0   Code   RO         1030    i.App_Led_Hall_Open  app_led.o
    0x08000e34   0x08000e34   0x00000014   Code   RO         1031    i.App_Led_Hall_Open_Callback  app_led.o
    0x08000e48   0x08000e48   0x00000030   Code   RO         1032    i.App_Led_Handler   app_led.o
    0x08000e78   0x08000e78   0x0000004c   Code   RO         1033    i.App_Led_Init      app_led.o
    0x08000ec4   0x08000ec4   0x0000001c   Code   RO         1475    i.Drv_Batt_Get_Vol  drv_batt.o
    0x08000ee0   0x08000ee0   0x00000008   Code   RO         1476    i.Drv_Batt_Init     drv_batt.o
    0x08000ee8   0x08000ee8   0x0000006c   Code   RO         1410    i.Drv_Chrg_Cfg      drv_charger.o
    0x08000f54   0x08000f54   0x0000000c   Code   RO         1411    i.Drv_Chrg_Get_Charging_State  drv_charger.o
    0x08000f60   0x08000f60   0x00000014   Code   RO         1412    i.Drv_Chrg_Get_Usb_State  drv_charger.o
    0x08000f74   0x08000f74   0x00000018   Code   RO         1413    i.Drv_Chrg_Init     drv_charger.o
    0x08000f8c   0x08000f8c   0x00000024   Code   RO         1414    i.Drv_Chrg_Intp_Handler  drv_charger.o
    0x08000fb0   0x08000fb0   0x0000002e   Code   RO         1415    i.Drv_Chrg_Read     drv_charger.o
    0x08000fde   0x08000fde   0x00000002   PAD
    0x08000fe0   0x08000fe0   0x00000044   Code   RO         1416    i.Drv_Chrg_Read_Status  drv_charger.o
    0x08001024   0x08001024   0x00000030   Code   RO         1417    i.Drv_Chrg_Write    drv_charger.o
    0x08001054   0x08001054   0x00000008   Code   RO         1543    i.Drv_Com_Init      drv_com.o
    0x0800105c   0x0800105c   0x00000014   Code   RO         1505    i.Drv_Hall_Get_State  drv_hall.o
    0x08001070   0x08001070   0x0000001c   Code   RO         1506    i.Drv_Hall_Init     drv_hall.o
    0x0800108c   0x0800108c   0x00000024   Code   RO         1507    i.Drv_Hall_Isr_Handler  drv_hall.o
    0x080010b0   0x080010b0   0x0000000e   Code   RO         1368    i.Drv_Led_Get_Stat  drv_led.o
    0x080010be   0x080010be   0x00000008   Code   RO         1369    i.Drv_Led_Init      drv_led.o
    0x080010c6   0x080010c6   0x0000000e   Code   RO         1370    i.Drv_Led_Off       drv_led.o
    0x080010d4   0x080010d4   0x0000000e   Code   RO         1371    i.Drv_Led_On        drv_led.o
    0x080010e2   0x080010e2   0x00000002   PAD
    0x080010e4   0x080010e4   0x0000004c   Code   RO         1335    i.Drv_Msg_Get       drv_event.o
    0x08001130   0x08001130   0x0000006c   Code   RO         1336    i.Drv_Msg_Put       drv_event.o
    0x0800119c   0x0800119c   0x00000068   Code   RO         1201    i.Drv_Task_Delete   drv_task.o
    0x08001204   0x08001204   0x00000014   Code   RO         1202    i.Drv_Task_Init     drv_task.o
    0x08001218   0x08001218   0x0000002c   Code   RO         1203    i.Drv_Task_Isr_Handler  drv_task.o
    0x08001244   0x08001244   0x00000064   Code   RO         1204    i.Drv_Task_Regist   drv_task.o
    0x080012a8   0x080012a8   0x00000018   Code   RO         1206    i.Drv_Task_Regist_Period  drv_task.o
    0x080012c0   0x080012c0   0x00000044   Code   RO         1207    i.Drv_Task_Run      drv_task.o
    0x08001304   0x08001304   0x00000030   Code   RO         1280    i.Drv_Timer_Delete  drv_timer.o
    0x08001334   0x08001334   0x00000014   Code   RO         1281    i.Drv_Timer_Init    drv_timer.o
    0x08001348   0x08001348   0x00000080   Code   RO         1282    i.Drv_Timer_Isr_Handler  drv_timer.o
    0x080013c8   0x080013c8   0x00000048   Code   RO         1283    i.Drv_Timer_Regist  drv_timer.o
    0x08001410   0x08001410   0x00000016   Code   RO         1284    i.Drv_Timer_Regist_Oneshot  drv_timer.o
    0x08001426   0x08001426   0x00000018   Code   RO         1285    i.Drv_Timer_Regist_Period  drv_timer.o
    0x0800143e   0x0800143e   0x00000002   PAD
    0x08001440   0x08001440   0x00000020   Code   RO         1580    i.EXTI0_1_IRQHandler  hal_interrupt.o
    0x08001460   0x08001460   0x00000020   Code   RO         1581    i.EXTI4_15_IRQHandler  hal_interrupt.o
    0x08001480   0x08001480   0x00000074   Code   RO         1819    i.Hal_Batt_Adc_Filter  hal_batt.o
    0x080014f4   0x080014f4   0x00000070   Code   RO         1820    i.Hal_Batt_Adc_Get_SampleVal  hal_batt.o
    0x08001564   0x08001564   0x00000060   Code   RO         1821    i.Hal_Batt_Adc_Init  hal_batt.o
    0x080015c4   0x080015c4   0x0000000c   Code   RO         1756    i.Hal_Batt_Chrg_Init  hal_charger.o
    0x080015d0   0x080015d0   0x00000038   Code   RO         1822    i.Hal_Batt_Init     hal_batt.o
    0x08001608   0x08001608   0x0000007c   Code   RO         1757    i.Hal_Chrg_I2c_Init  hal_charger.o
    0x08001684   0x08001684   0x00000068   Code   RO         1758    i.Hal_Chrg_Intp_Init  hal_charger.o
    0x080016ec   0x080016ec   0x00000018   Code   RO         1759    i.Hal_Chrg_Isr_Handler  hal_charger.o
    0x08001704   0x08001704   0x00000180   Code   RO         1760    i.Hal_Chrg_Read     hal_charger.o
    0x08001884   0x08001884   0x0000000c   Code   RO         1761    i.Hal_Chrg_Regist_Isr_Callback  hal_charger.o
    0x08001890   0x08001890   0x000000f8   Code   RO         1762    i.Hal_Chrg_Write    hal_charger.o
    0x08001988   0x08001988   0x00000030   Code   RO         1914    i.Hal_Com_Gpio_Init  hal_com.o
    0x080019b8   0x080019b8   0x0000000c   Code   RO         1915    i.Hal_Com_Init      hal_com.o
    0x080019c4   0x080019c4   0x00000090   Code   RO         1919    i.Hal_Com_Tx1_Isr_Handler  hal_com.o
    0x08001a54   0x08001a54   0x000000b8   Code   RO         1920    i.Hal_Com_Uart1_Init  hal_com.o
    0x08001b0c   0x08001b0c   0x00000010   Code   RO         1869    i.Hal_Hall_Get_State  hal_hall.o
    0x08001b1c   0x08001b1c   0x00000074   Code   RO         1870    i.Hal_Hall_Init     hal_hall.o
    0x08001b90   0x08001b90   0x00000018   Code   RO         1871    i.Hal_Hall_Isr_Handler  hal_hall.o
    0x08001ba8   0x08001ba8   0x0000000c   Code   RO         1872    i.Hal_Hall_Regist_Isr_Callback  hal_hall.o
    0x08001bb4   0x08001bb4   0x00000064   Code   RO         1714    i.Hal_Led_Get_Stat  hal_led.o
    0x08001c18   0x08001c18   0x0000006c   Code   RO         1715    i.Hal_Led_Init      hal_led.o
    0x08001c84   0x08001c84   0x00000038   Code   RO         1716    i.Hal_Led_Off       hal_led.o
    0x08001cbc   0x08001cbc   0x00000034   Code   RO         1717    i.Hal_Led_On        hal_led.o
    0x08001cf0   0x08001cf0   0x00000048   Code   RO         1628    i.Hal_Task_Init     hal_task.o
    0x08001d38   0x08001d38   0x00000018   Code   RO         1629    i.Hal_Task_Isr_Handler  hal_task.o
    0x08001d50   0x08001d50   0x0000000c   Code   RO         1630    i.Hal_Task_Regist_Isr_Callback  hal_task.o
    0x08001d5c   0x08001d5c   0x0000007c   Code   RO         1675    i.Hal_Timer_Init    hal_timer.o
    0x08001dd8   0x08001dd8   0x00000018   Code   RO         1676    i.Hal_Timer_Isr_Handler  hal_timer.o
    0x08001df0   0x08001df0   0x0000000c   Code   RO         1677    i.Hal_Timer_Regist_Isr_Callback  hal_timer.o
    0x08001dfc   0x08001dfc   0x00000080   Code   RO           12    i.SetSysClock       system_cs32f0xx.o
    0x08001e7c   0x08001e7c   0x00000008   Code   RO         1582    i.SysTick_Handler   hal_interrupt.o
    0x08001e84   0x08001e84   0x000000b0   Code   RO           13    i.SystemCoreClockUpdate  system_cs32f0xx.o
    0x08001f34   0x08001f34   0x0000007c   Code   RO           14    i.SystemInit        system_cs32f0xx.o
    0x08001fb0   0x08001fb0   0x00000024   Code   RO         1583    i.TIM3_IRQHandler   hal_interrupt.o
    0x08001fd4   0x08001fd4   0x00000008   Code   RO         1584    i.USART1_IRQHandler  hal_interrupt.o
    0x08001fdc   0x08001fdc   0x0000001c   Code   RO         1011    i.__ARM_common_switch8  app_event.o
    0x08001ff8   0x08001ff8   0x00000078   Code   RO         1631    i.__NVIC_SetPriority  hal_task.o
    0x08002070   0x08002070   0x0000003c   Code   RO          598    i.adc_calibration_value_get  cs32f0xx_adc.o
    0x080020ac   0x080020ac   0x0000000a   Code   RO          599    i.adc_channel_config  cs32f0xx_adc.o
    0x080020b6   0x080020b6   0x00000010   Code   RO          600    i.adc_config_struct_init  cs32f0xx_adc.o
    0x080020c6   0x080020c6   0x00000012   Code   RO          601    i.adc_conversion_start  cs32f0xx_adc.o
    0x080020d8   0x080020d8   0x00000048   Code   RO          603    i.adc_def_init      cs32f0xx_adc.o
    0x08002120   0x08002120   0x0000002c   Code   RO          605    i.adc_init          cs32f0xx_adc.o
    0x0800214c   0x0800214c   0x00000066   Code   RO          122    i.gpio_mf_config    cs32f0xx_gpio.o
    0x080021b2   0x080021b2   0x000000a4   Code   RO          123    i.gpio_mode_set     cs32f0xx_gpio.o
    0x08002256   0x08002256   0x00000018   Code   RO          518    i.i2c_bytes_number_config  cs32f0xx_i2c.o
    0x0800226e   0x0800226e   0x00000002   PAD
    0x08002270   0x08002270   0x00000068   Code   RO          519    i.i2c_init          cs32f0xx_i2c.o
    0x080022d8   0x080022d8   0x0000000e   Code   RO          523    i.i2c_request_direction_config  cs32f0xx_i2c.o
    0x080022e6   0x080022e6   0x00000010   Code   RO          525    i.i2c_slave_address_config  cs32f0xx_i2c.o
    0x080022f6   0x080022f6   0x00000024   Code   RO          900    i.main              main.o
    0x0800231a   0x0800231a   0x00000002   PAD
    0x0800231c   0x0800231c   0x00000068   Code   RO          492    i.nvic_init         cs32f0xx_misc.o
    0x08002384   0x08002384   0x00000124   Code   RO          794    i.rcu_clk_freq_get  cs32f0xx_rcu.o
    0x080024a8   0x080024a8   0x0000002c   Code   RO          168    i.syscfg_exti_line_config  cs32f0xx_syscfg.o
    0x080024d4   0x080024d4   0x00000084   Code   RO          257    i.tim_base_init     cs32f0xx_tim.o
    0x08002558   0x08002558   0x00000006   Code   RO          285    i.tim_prescaler_set  cs32f0xx_tim.o
    0x0800255e   0x0800255e   0x00000002   PAD
    0x08002560   0x08002560   0x000000cc   Code   RO          678    i.usart_init        cs32f0xx_usart.o
    0x0800262c   0x0800262c   0x00000020   Data   RO         2259    Region$$Table       anon$$obj.o


    Execution Region RW_IRAM1 (Exec base: 0x20000000, Load base: 0x0800264c, Size: 0x00000c38, Max: 0x00002000, ABSOLUTE)

    Exec Addr    Load Addr    Size         Type   Attr      Idx    E Section Name        Object

    0x20000000   0x0800264c   0x00000014   Data   RW           15    .data               system_cs32f0xx.o
    0x20000014   0x08002660   0x00000010   Data   RW          809    .data               cs32f0xx_rcu.o
    0x20000024   0x08002670   0x00000001   Data   RW         1035    .data               app_led.o
    0x20000025   0x08002671   0x00000003   PAD
    0x20000028   0x08002674   0x00000004   Data   RW         1117    .data               app_batt.o
    0x2000002c   0x08002678   0x00000004   Data   RW         1210    .data               drv_task.o
    0x20000030   0x0800267c   0x00000005   Data   RW         1418    .data               drv_charger.o
    0x20000035   0x08002681   0x00000003   PAD
    0x20000038   0x08002684   0x00000005   Data   RW         1508    .data               drv_hall.o
    0x2000003d   0x08002689   0x00000003   PAD
    0x20000040   0x0800268c   0x00000004   Data   RW         1632    .data               hal_task.o
    0x20000044   0x08002690   0x00000004   Data   RW         1678    .data               hal_timer.o
    0x20000048   0x08002694   0x00000008   Data   RW         1763    .data               hal_charger.o
    0x20000050   0x0800269c   0x00000004   Data   RW         1873    .data               hal_hall.o
    0x20000054   0x080026a0   0x0000000b   Data   RW         1921    .data               hal_com.o
    0x2000005f   0x080026ab   0x00000001   PAD
    0x20000060        -       0x00000042   Zero   RW          992    .bss                app_event.o
    0x200000a2   0x080026ab   0x00000002   PAD
    0x200000a4        -       0x00000010   Zero   RW         1034    .bss                app_led.o
    0x200000b4        -       0x0000000c   Zero   RW         1116    .bss                app_batt.o
    0x200000c0        -       0x00000100   Zero   RW         1286    .bss                drv_timer.o
    0x200001c0        -       0x00000212   Zero   RW         1337    .bss                drv_event.o
    0x200003d2   0x080026ab   0x00000002   PAD
    0x200003d4        -       0x00000060   Zero   RW         2130    .bss                c_p.l(libspace.o)
    0x20000434   0x080026ab   0x00000004   PAD
    0x20000438        -       0x00000400   Zero   RW            2    HEAP                startup_cs32f031.o
    0x20000838        -       0x00000400   Zero   RW            1    STACK               startup_cs32f031.o


==============================================================================

Image component sizes


      Code (inc. data)   RO Data    RW Data    ZI Data      Debug   Object Name

       860         52          0          4         12       3812   app_batt.o
       184         18          0          0         66       1273   app_event.o
        38          6          0          0          0        908   app_hall.o
      1116         94          0          1         16       6030   app_led.o
       220         20          0          0          0       3819   cs32f0xx_adc.o
       266          0          0          0          0      95091   cs32f0xx_gpio.o
       158          6          0          0          0       2739   cs32f0xx_i2c.o
       104          4          0          0          0        936   cs32f0xx_misc.o
       292         16          0         16          0       1603   cs32f0xx_rcu.o
        44          6          0          0          0        598   cs32f0xx_syscfg.o
       138         24          0          0          0       1824   cs32f0xx_tim.o
       204         12          0          0          0       1597   cs32f0xx_usart.o
        36          0          0          0          0        931   drv_batt.o
       362         36          0          5          0       4157   drv_charger.o
         8          0          0          0          0        423   drv_com.o
       184         18          0          0        530       1791   drv_event.o
        84         16          0          5          0       1635   drv_hall.o
        50          0          0          0          0       2261   drv_led.o
       360         24          0          4          0       4167   drv_task.o
       314         24          0          0        256       4009   drv_timer.o
       380         28          0          0          0       2657   hal_batt.o
       908         58          0          8          0       4881   hal_charger.o
       388         38          0         11          0       2709   hal_com.o
       168         30          0          4          0       2091   hal_hall.o
       116         18          0          0          0       2251   hal_interrupt.o
       316         36          0          0          0       2121   hal_led.o
       228         36          0          4          0       9922   hal_task.o
       160         28          0          4          0       1738   hal_timer.o
        36          0          0          0          0       6647   main.o
        56         26        184          0       2048        664   startup_cs32f031.o
       428         46          0         20          0      59615   system_cs32f0xx.o

    ----------------------------------------------------------------------
      8220        720        216         96       2932     234900   Object Totals
         0          0         32          0          0          0   (incl. Generated)
        14          0          0         10          4          0   (incl. Padding)

    ----------------------------------------------------------------------

      Code (inc. data)   RO Data    RW Data    ZI Data      Debug   Library Member Name

         8          0          0          0          0         68   __main.o
         0          0          0          0          0          0   __rtentry.o
        12          0          0          0          0          0   __rtentry2.o
         6          0          0          0          0          0   __rtentry4.o
        60          8          0          0          0          0   __scatter.o
        26          0          0          0          0          0   __scatter_copy.o
        28          0          0          0          0          0   __scatter_zi.o
       346          0          0          0          0         92   aeabi_sdiv.o
        12          0          0          0          0         68   defsig_exit.o
        52          0          0          0          0         72   defsig_general.o
        80         58          0          0          0         68   defsig_rtmem_inner.o
        12          0          0          0          0         68   defsig_rtmem_outer.o
        16          0          0          0          0         68   exit.o
        98          0          0          0          0         72   h1_alloc.o
        52          0          0          0          0         68   h1_extend.o
        76          0          0          0          0         72   h1_free.o
        14          0          0          0          0         76   h1_init.o
         6          0          0          0          0        136   heapauxi.o
         4          0          0          0          0        120   hguard.o
         0          0          0          0          0          0   indicate_semi.o
       136          0          0          0          0        160   init_alloc.o
         2          0          0          0          0          0   libinit.o
        10          0          0          0          0          0   libinit2.o
         2          0          0          0          0          0   libshutdown.o
         2          0          0          0          0          0   libshutdown2.o
         8          4          0          0         96         68   libspace.o
         0          0          0          0          0          0   maybetermalloc1.o
         8          4          0          0          0         68   rt_heap_descriptor_intlibspace.o
       186          0          0          0          0        144   rt_memcpy.o
         2          0          0          0          0          0   rtexit.o
        10          0          0          0          0          0   rtexit2.o
        12          4          0          0          0         60   sys_exit.o
        62          0          0          0          0         80   sys_stackheap_outer.o
        12          0          0          0          0         68   sys_wrch.o
         2          0          0          0          0         68   use_no_semi.o

    ----------------------------------------------------------------------
      1368         78          0          0        100       1764   Library Totals
         6          0          0          0          4          0   (incl. Padding)

    ----------------------------------------------------------------------

      Code (inc. data)   RO Data    RW Data    ZI Data      Debug   Library Name

      1362         78          0          0         96       1764   c_p.l

    ----------------------------------------------------------------------
      1368         78          0          0        100       1764   Library Totals

    ----------------------------------------------------------------------

==============================================================================


      Code (inc. data)   RO Data    RW Data    ZI Data      Debug   

      9588        798        216         96       3032     231048   Grand Totals
      9588        798        216         96       3032     231048   ELF Image Totals
      9588        798        216         96          0          0   ROM Totals

==============================================================================

    Total RO  Size (Code + RO Data)                 9804 (   9.57kB)
    Total RW  Size (RW Data + ZI Data)              3128 (   3.05kB)
    Total ROM Size (Code + RO Data + RW Data)       9900 (   9.67kB)

==============================================================================

