<!doctype html public "-//w3c//dtd html 4.0 transitional//en">
<html><head>
<title>Static Call Graph - [.\Objects\bootloader.axf]</title></head>
<body><HR>
<H1>Static Call Graph for image .\Objects\bootloader.axf</H1><HR>
<BR><P>#&#060CALLGRAPH&#062# ARM Linker, 5060960: Last Updated: Tue Jun 27 10:15:28 2023
<BR><P>
<H3>Maximum Stack Usage =         60 bytes + Unknown(Cycles, Untraceable Function Pointers)</H3><H3>
Call chain for Maximum Stack Depth:</H3>
main &rArr; User_Data_Set &rArr; App_Flash_Write &rArr; flash_word_program
<P>
<H3>
Mutually Recursive functions
</H3> <LI><a href="#[1]">NMI_Handler</a>&nbsp;&nbsp;&nbsp;&rArr;&nbsp;&nbsp;&nbsp;<a href="#[1]">NMI_Handler</a><BR>
 <LI><a href="#[2]">HardFault_Handler</a>&nbsp;&nbsp;&nbsp;&rArr;&nbsp;&nbsp;&nbsp;<a href="#[2]">HardFault_Handler</a><BR>
 <LI><a href="#[3]">SVC_Handler</a>&nbsp;&nbsp;&nbsp;&rArr;&nbsp;&nbsp;&nbsp;<a href="#[3]">SVC_Handler</a><BR>
 <LI><a href="#[4]">PendSV_Handler</a>&nbsp;&nbsp;&nbsp;&rArr;&nbsp;&nbsp;&nbsp;<a href="#[4]">PendSV_Handler</a><BR>
 <LI><a href="#[11]">ADC1_IRQHandler</a>&nbsp;&nbsp;&nbsp;&rArr;&nbsp;&nbsp;&nbsp;<a href="#[11]">ADC1_IRQHandler</a><BR>
</UL>
<P>
<H3>
Function Pointers
</H3><UL>
 <LI><a href="#[11]">ADC1_IRQHandler</a> from startup_cs32f031.o(.text) referenced from startup_cs32f031.o(RESET)
 <LI><a href="#[e]">DMA1_Channel1_IRQHandler</a> from startup_cs32f031.o(.text) referenced from startup_cs32f031.o(RESET)
 <LI><a href="#[f]">DMA1_Channel2_3_IRQHandler</a> from startup_cs32f031.o(.text) referenced from startup_cs32f031.o(RESET)
 <LI><a href="#[10]">DMA1_Channel4_5_IRQHandler</a> from startup_cs32f031.o(.text) referenced from startup_cs32f031.o(RESET)
 <LI><a href="#[b]">EXTI0_1_IRQHandler</a> from startup_cs32f031.o(.text) referenced from startup_cs32f031.o(RESET)
 <LI><a href="#[c]">EXTI2_3_IRQHandler</a> from startup_cs32f031.o(.text) referenced from startup_cs32f031.o(RESET)
 <LI><a href="#[d]">EXTI4_15_IRQHandler</a> from startup_cs32f031.o(.text) referenced from startup_cs32f031.o(RESET)
 <LI><a href="#[9]">FLASH_IRQHandler</a> from startup_cs32f031.o(.text) referenced from startup_cs32f031.o(RESET)
 <LI><a href="#[2]">HardFault_Handler</a> from startup_cs32f031.o(.text) referenced from startup_cs32f031.o(RESET)
 <LI><a href="#[1b]">I2C1_IRQHandler</a> from startup_cs32f031.o(.text) referenced from startup_cs32f031.o(RESET)
 <LI><a href="#[1c]">I2C2_IRQHandler</a> from startup_cs32f031.o(.text) referenced from startup_cs32f031.o(RESET)
 <LI><a href="#[7]">LVD_IRQHandler</a> from startup_cs32f031.o(.text) referenced from startup_cs32f031.o(RESET)
 <LI><a href="#[1]">NMI_Handler</a> from startup_cs32f031.o(.text) referenced from startup_cs32f031.o(RESET)
 <LI><a href="#[4]">PendSV_Handler</a> from startup_cs32f031.o(.text) referenced from startup_cs32f031.o(RESET)
 <LI><a href="#[a]">RCU_IRQHandler</a> from startup_cs32f031.o(.text) referenced from startup_cs32f031.o(RESET)
 <LI><a href="#[8]">RTC_IRQHandler</a> from startup_cs32f031.o(.text) referenced from startup_cs32f031.o(RESET)
 <LI><a href="#[0]">Reset_Handler</a> from startup_cs32f031.o(.text) referenced from startup_cs32f031.o(RESET)
 <LI><a href="#[1d]">SPI1_IRQHandler</a> from startup_cs32f031.o(.text) referenced from startup_cs32f031.o(RESET)
 <LI><a href="#[1e]">SPI2_IRQHandler</a> from startup_cs32f031.o(.text) referenced from startup_cs32f031.o(RESET)
 <LI><a href="#[3]">SVC_Handler</a> from startup_cs32f031.o(.text) referenced from startup_cs32f031.o(RESET)
 <LI><a href="#[5]">SysTick_Handler</a> from main.o(i.SysTick_Handler) referenced from startup_cs32f031.o(RESET)
 <LI><a href="#[23]">SystemInit</a> from system_cs32f0xx.o(i.SystemInit) referenced from startup_cs32f031.o(.text)
 <LI><a href="#[17]">TIM14_IRQHandler</a> from startup_cs32f031.o(.text) referenced from startup_cs32f031.o(RESET)
 <LI><a href="#[18]">TIM15_IRQHandler</a> from startup_cs32f031.o(.text) referenced from startup_cs32f031.o(RESET)
 <LI><a href="#[19]">TIM16_IRQHandler</a> from startup_cs32f031.o(.text) referenced from startup_cs32f031.o(RESET)
 <LI><a href="#[1a]">TIM17_IRQHandler</a> from startup_cs32f031.o(.text) referenced from startup_cs32f031.o(RESET)
 <LI><a href="#[12]">TIM1_BRK_UP_TRG_COM_IRQHandler</a> from startup_cs32f031.o(.text) referenced from startup_cs32f031.o(RESET)
 <LI><a href="#[13]">TIM1_CC_IRQHandler</a> from startup_cs32f031.o(.text) referenced from startup_cs32f031.o(RESET)
 <LI><a href="#[14]">TIM2_IRQHandler</a> from startup_cs32f031.o(.text) referenced from startup_cs32f031.o(RESET)
 <LI><a href="#[15]">TIM3_IRQHandler</a> from startup_cs32f031.o(.text) referenced from startup_cs32f031.o(RESET)
 <LI><a href="#[16]">TIM6_IRQHandler</a> from startup_cs32f031.o(.text) referenced from startup_cs32f031.o(RESET)
 <LI><a href="#[1f]">USART1_IRQHandler</a> from startup_cs32f031.o(.text) referenced from startup_cs32f031.o(RESET)
 <LI><a href="#[20]">USART2_IRQHandler</a> from startup_cs32f031.o(.text) referenced from startup_cs32f031.o(RESET)
 <LI><a href="#[21]">USART6_8_IRQHandler</a> from startup_cs32f031.o(.text) referenced from startup_cs32f031.o(RESET)
 <LI><a href="#[6]">WWDT_IRQHandler</a> from startup_cs32f031.o(.text) referenced from startup_cs32f031.o(RESET)
 <LI><a href="#[24]">__main</a> from entry.o(.ARM.Collect$$$$00000000) referenced from startup_cs32f031.o(.text)
 <LI><a href="#[22]">main</a> from main.o(i.main) referenced from entry9a.o(.ARM.Collect$$$$0000000B)
</UL>
<P>
<H3>
Global Symbols
</H3>
<P><STRONG><a name="[24]"></a>__main</STRONG> (Thumb, 0 bytes, Stack size unknown bytes, entry.o(.ARM.Collect$$$$00000000))
<BR>[Address Reference Count : 1]<UL><LI> startup_cs32f031.o(.text)
</UL>
<P><STRONG><a name="[3d]"></a>_main_stk</STRONG> (Thumb, 0 bytes, Stack size unknown bytes, entry2.o(.ARM.Collect$$$$00000001))

<P><STRONG><a name="[25]"></a>_main_scatterload</STRONG> (Thumb, 0 bytes, Stack size unknown bytes, entry5.o(.ARM.Collect$$$$00000004))
<BR><BR>[Calls]<UL><LI><a href="#[26]">&gt;&gt;</a>&nbsp;&nbsp;&nbsp;__scatterload
</UL>

<P><STRONG><a name="[29]"></a>__main_after_scatterload</STRONG> (Thumb, 0 bytes, Stack size unknown bytes, entry5.o(.ARM.Collect$$$$00000004))
<BR><BR>[Called By]<UL><LI><a href="#[26]">&gt;&gt;</a>&nbsp;&nbsp;&nbsp;__scatterload
</UL>

<P><STRONG><a name="[3e]"></a>_main_clock</STRONG> (Thumb, 0 bytes, Stack size unknown bytes, entry7b.o(.ARM.Collect$$$$00000008))

<P><STRONG><a name="[3f]"></a>_main_cpp_init</STRONG> (Thumb, 0 bytes, Stack size unknown bytes, entry8b.o(.ARM.Collect$$$$0000000A))

<P><STRONG><a name="[40]"></a>_main_init</STRONG> (Thumb, 0 bytes, Stack size unknown bytes, entry9a.o(.ARM.Collect$$$$0000000B))

<P><STRONG><a name="[27]"></a>__rt_lib_shutdown_fini</STRONG> (Thumb, 0 bytes, Stack size unknown bytes, entry12b.o(.ARM.Collect$$$$0000000E))
<BR><BR>[Calls]<UL><LI><a href="#[28]">&gt;&gt;</a>&nbsp;&nbsp;&nbsp;__arm_fini_ (Weak Reference)
</UL>

<P><STRONG><a name="[41]"></a>__rt_final_cpp</STRONG> (Thumb, 0 bytes, Stack size unknown bytes, entry10a.o(.ARM.Collect$$$$0000000F))

<P><STRONG><a name="[42]"></a>__rt_final_exit</STRONG> (Thumb, 0 bytes, Stack size unknown bytes, entry11a.o(.ARM.Collect$$$$00000011))

<P><STRONG><a name="[0]"></a>Reset_Handler</STRONG> (Thumb, 8 bytes, Stack size 0 bytes, startup_cs32f031.o(.text))
<BR>[Address Reference Count : 1]<UL><LI> startup_cs32f031.o(RESET)
</UL>
<P><STRONG><a name="[1]"></a>NMI_Handler</STRONG> (Thumb, 2 bytes, Stack size 0 bytes, startup_cs32f031.o(.text))
<BR><BR>[Calls]<UL><LI><a href="#[1]">&gt;&gt;</a>&nbsp;&nbsp;&nbsp;NMI_Handler
</UL>
<BR>[Called By]<UL><LI><a href="#[1]">&gt;&gt;</a>&nbsp;&nbsp;&nbsp;NMI_Handler
</UL>
<BR>[Address Reference Count : 1]<UL><LI> startup_cs32f031.o(RESET)
</UL>
<P><STRONG><a name="[2]"></a>HardFault_Handler</STRONG> (Thumb, 2 bytes, Stack size 0 bytes, startup_cs32f031.o(.text))
<BR><BR>[Calls]<UL><LI><a href="#[2]">&gt;&gt;</a>&nbsp;&nbsp;&nbsp;HardFault_Handler
</UL>
<BR>[Called By]<UL><LI><a href="#[2]">&gt;&gt;</a>&nbsp;&nbsp;&nbsp;HardFault_Handler
</UL>
<BR>[Address Reference Count : 1]<UL><LI> startup_cs32f031.o(RESET)
</UL>
<P><STRONG><a name="[3]"></a>SVC_Handler</STRONG> (Thumb, 2 bytes, Stack size 0 bytes, startup_cs32f031.o(.text))
<BR><BR>[Calls]<UL><LI><a href="#[3]">&gt;&gt;</a>&nbsp;&nbsp;&nbsp;SVC_Handler
</UL>
<BR>[Called By]<UL><LI><a href="#[3]">&gt;&gt;</a>&nbsp;&nbsp;&nbsp;SVC_Handler
</UL>
<BR>[Address Reference Count : 1]<UL><LI> startup_cs32f031.o(RESET)
</UL>
<P><STRONG><a name="[4]"></a>PendSV_Handler</STRONG> (Thumb, 2 bytes, Stack size 0 bytes, startup_cs32f031.o(.text))
<BR><BR>[Calls]<UL><LI><a href="#[4]">&gt;&gt;</a>&nbsp;&nbsp;&nbsp;PendSV_Handler
</UL>
<BR>[Called By]<UL><LI><a href="#[4]">&gt;&gt;</a>&nbsp;&nbsp;&nbsp;PendSV_Handler
</UL>
<BR>[Address Reference Count : 1]<UL><LI> startup_cs32f031.o(RESET)
</UL>
<P><STRONG><a name="[11]"></a>ADC1_IRQHandler</STRONG> (Thumb, 0 bytes, Stack size 0 bytes, startup_cs32f031.o(.text))
<BR><BR>[Calls]<UL><LI><a href="#[11]">&gt;&gt;</a>&nbsp;&nbsp;&nbsp;ADC1_IRQHandler
</UL>
<BR>[Called By]<UL><LI><a href="#[11]">&gt;&gt;</a>&nbsp;&nbsp;&nbsp;ADC1_IRQHandler
</UL>
<BR>[Address Reference Count : 1]<UL><LI> startup_cs32f031.o(RESET)
</UL>
<P><STRONG><a name="[e]"></a>DMA1_Channel1_IRQHandler</STRONG> (Thumb, 0 bytes, Stack size 0 bytes, startup_cs32f031.o(.text))
<BR>[Address Reference Count : 1]<UL><LI> startup_cs32f031.o(RESET)
</UL>
<P><STRONG><a name="[f]"></a>DMA1_Channel2_3_IRQHandler</STRONG> (Thumb, 0 bytes, Stack size 0 bytes, startup_cs32f031.o(.text))
<BR>[Address Reference Count : 1]<UL><LI> startup_cs32f031.o(RESET)
</UL>
<P><STRONG><a name="[10]"></a>DMA1_Channel4_5_IRQHandler</STRONG> (Thumb, 0 bytes, Stack size 0 bytes, startup_cs32f031.o(.text))
<BR>[Address Reference Count : 1]<UL><LI> startup_cs32f031.o(RESET)
</UL>
<P><STRONG><a name="[b]"></a>EXTI0_1_IRQHandler</STRONG> (Thumb, 0 bytes, Stack size 0 bytes, startup_cs32f031.o(.text))
<BR>[Address Reference Count : 1]<UL><LI> startup_cs32f031.o(RESET)
</UL>
<P><STRONG><a name="[c]"></a>EXTI2_3_IRQHandler</STRONG> (Thumb, 0 bytes, Stack size 0 bytes, startup_cs32f031.o(.text))
<BR>[Address Reference Count : 1]<UL><LI> startup_cs32f031.o(RESET)
</UL>
<P><STRONG><a name="[d]"></a>EXTI4_15_IRQHandler</STRONG> (Thumb, 0 bytes, Stack size 0 bytes, startup_cs32f031.o(.text))
<BR>[Address Reference Count : 1]<UL><LI> startup_cs32f031.o(RESET)
</UL>
<P><STRONG><a name="[9]"></a>FLASH_IRQHandler</STRONG> (Thumb, 0 bytes, Stack size 0 bytes, startup_cs32f031.o(.text))
<BR>[Address Reference Count : 1]<UL><LI> startup_cs32f031.o(RESET)
</UL>
<P><STRONG><a name="[1b]"></a>I2C1_IRQHandler</STRONG> (Thumb, 0 bytes, Stack size 0 bytes, startup_cs32f031.o(.text))
<BR>[Address Reference Count : 1]<UL><LI> startup_cs32f031.o(RESET)
</UL>
<P><STRONG><a name="[1c]"></a>I2C2_IRQHandler</STRONG> (Thumb, 0 bytes, Stack size 0 bytes, startup_cs32f031.o(.text))
<BR>[Address Reference Count : 1]<UL><LI> startup_cs32f031.o(RESET)
</UL>
<P><STRONG><a name="[7]"></a>LVD_IRQHandler</STRONG> (Thumb, 0 bytes, Stack size 0 bytes, startup_cs32f031.o(.text))
<BR>[Address Reference Count : 1]<UL><LI> startup_cs32f031.o(RESET)
</UL>
<P><STRONG><a name="[a]"></a>RCU_IRQHandler</STRONG> (Thumb, 0 bytes, Stack size 0 bytes, startup_cs32f031.o(.text))
<BR>[Address Reference Count : 1]<UL><LI> startup_cs32f031.o(RESET)
</UL>
<P><STRONG><a name="[8]"></a>RTC_IRQHandler</STRONG> (Thumb, 0 bytes, Stack size 0 bytes, startup_cs32f031.o(.text))
<BR>[Address Reference Count : 1]<UL><LI> startup_cs32f031.o(RESET)
</UL>
<P><STRONG><a name="[1d]"></a>SPI1_IRQHandler</STRONG> (Thumb, 0 bytes, Stack size 0 bytes, startup_cs32f031.o(.text))
<BR>[Address Reference Count : 1]<UL><LI> startup_cs32f031.o(RESET)
</UL>
<P><STRONG><a name="[1e]"></a>SPI2_IRQHandler</STRONG> (Thumb, 0 bytes, Stack size 0 bytes, startup_cs32f031.o(.text))
<BR>[Address Reference Count : 1]<UL><LI> startup_cs32f031.o(RESET)
</UL>
<P><STRONG><a name="[17]"></a>TIM14_IRQHandler</STRONG> (Thumb, 0 bytes, Stack size 0 bytes, startup_cs32f031.o(.text))
<BR>[Address Reference Count : 1]<UL><LI> startup_cs32f031.o(RESET)
</UL>
<P><STRONG><a name="[18]"></a>TIM15_IRQHandler</STRONG> (Thumb, 0 bytes, Stack size 0 bytes, startup_cs32f031.o(.text))
<BR>[Address Reference Count : 1]<UL><LI> startup_cs32f031.o(RESET)
</UL>
<P><STRONG><a name="[19]"></a>TIM16_IRQHandler</STRONG> (Thumb, 0 bytes, Stack size 0 bytes, startup_cs32f031.o(.text))
<BR>[Address Reference Count : 1]<UL><LI> startup_cs32f031.o(RESET)
</UL>
<P><STRONG><a name="[1a]"></a>TIM17_IRQHandler</STRONG> (Thumb, 0 bytes, Stack size 0 bytes, startup_cs32f031.o(.text))
<BR>[Address Reference Count : 1]<UL><LI> startup_cs32f031.o(RESET)
</UL>
<P><STRONG><a name="[12]"></a>TIM1_BRK_UP_TRG_COM_IRQHandler</STRONG> (Thumb, 0 bytes, Stack size 0 bytes, startup_cs32f031.o(.text))
<BR>[Address Reference Count : 1]<UL><LI> startup_cs32f031.o(RESET)
</UL>
<P><STRONG><a name="[13]"></a>TIM1_CC_IRQHandler</STRONG> (Thumb, 0 bytes, Stack size 0 bytes, startup_cs32f031.o(.text))
<BR>[Address Reference Count : 1]<UL><LI> startup_cs32f031.o(RESET)
</UL>
<P><STRONG><a name="[14]"></a>TIM2_IRQHandler</STRONG> (Thumb, 0 bytes, Stack size 0 bytes, startup_cs32f031.o(.text))
<BR>[Address Reference Count : 1]<UL><LI> startup_cs32f031.o(RESET)
</UL>
<P><STRONG><a name="[15]"></a>TIM3_IRQHandler</STRONG> (Thumb, 0 bytes, Stack size 0 bytes, startup_cs32f031.o(.text))
<BR>[Address Reference Count : 1]<UL><LI> startup_cs32f031.o(RESET)
</UL>
<P><STRONG><a name="[16]"></a>TIM6_IRQHandler</STRONG> (Thumb, 0 bytes, Stack size 0 bytes, startup_cs32f031.o(.text))
<BR>[Address Reference Count : 1]<UL><LI> startup_cs32f031.o(RESET)
</UL>
<P><STRONG><a name="[1f]"></a>USART1_IRQHandler</STRONG> (Thumb, 0 bytes, Stack size 0 bytes, startup_cs32f031.o(.text))
<BR>[Address Reference Count : 1]<UL><LI> startup_cs32f031.o(RESET)
</UL>
<P><STRONG><a name="[20]"></a>USART2_IRQHandler</STRONG> (Thumb, 0 bytes, Stack size 0 bytes, startup_cs32f031.o(.text))
<BR>[Address Reference Count : 1]<UL><LI> startup_cs32f031.o(RESET)
</UL>
<P><STRONG><a name="[21]"></a>USART6_8_IRQHandler</STRONG> (Thumb, 0 bytes, Stack size 0 bytes, startup_cs32f031.o(.text))
<BR>[Address Reference Count : 1]<UL><LI> startup_cs32f031.o(RESET)
</UL>
<P><STRONG><a name="[6]"></a>WWDT_IRQHandler</STRONG> (Thumb, 0 bytes, Stack size 0 bytes, startup_cs32f031.o(.text))
<BR>[Address Reference Count : 1]<UL><LI> startup_cs32f031.o(RESET)
</UL>
<P><STRONG><a name="[43]"></a>__aeabi_uidiv</STRONG> (Thumb, 0 bytes, Stack size 12 bytes, uidiv.o(.text), UNUSED)

<P><STRONG><a name="[3a]"></a>__aeabi_uidivmod</STRONG> (Thumb, 44 bytes, Stack size 12 bytes, uidiv.o(.text))
<BR><BR>[Stack]<UL><LI>Max Depth = 12<LI>Call Chain = __aeabi_uidivmod
</UL>
<BR>[Called By]<UL><LI><a href="#[22]">&gt;&gt;</a>&nbsp;&nbsp;&nbsp;main
</UL>

<P><STRONG><a name="[34]"></a>__aeabi_memcpy</STRONG> (Thumb, 36 bytes, Stack size 0 bytes, memcpya.o(.text))
<BR><BR>[Called By]<UL><LI><a href="#[33]">&gt;&gt;</a>&nbsp;&nbsp;&nbsp;Jump_To_App
</UL>

<P><STRONG><a name="[44]"></a>__aeabi_memcpy4</STRONG> (Thumb, 0 bytes, Stack size 0 bytes, memcpya.o(.text), UNUSED)

<P><STRONG><a name="[45]"></a>__aeabi_memcpy8</STRONG> (Thumb, 0 bytes, Stack size 0 bytes, memcpya.o(.text), UNUSED)

<P><STRONG><a name="[26]"></a>__scatterload</STRONG> (Thumb, 28 bytes, Stack size 0 bytes, init.o(.text))
<BR><BR>[Calls]<UL><LI><a href="#[29]">&gt;&gt;</a>&nbsp;&nbsp;&nbsp;__main_after_scatterload
</UL>
<BR>[Called By]<UL><LI><a href="#[25]">&gt;&gt;</a>&nbsp;&nbsp;&nbsp;_main_scatterload
</UL>

<P><STRONG><a name="[46]"></a>__scatterload_rt2</STRONG> (Thumb, 0 bytes, Stack size 0 bytes, init.o(.text), UNUSED)

<P><STRONG><a name="[2b]"></a>Drv_Flash_Erase_Page</STRONG> (Thumb, 24 bytes, Stack size 16 bytes, main.o(i.Drv_Flash_Erase_Page))
<BR><BR>[Stack]<UL><LI>Max Depth = 24<LI>Call Chain = Drv_Flash_Erase_Page &rArr; flash_page_erase
</UL>
<BR>[Calls]<UL><LI><a href="#[2f]">&gt;&gt;</a>&nbsp;&nbsp;&nbsp;flash_unlock
<LI><a href="#[32]">&gt;&gt;</a>&nbsp;&nbsp;&nbsp;flash_page_erase
<LI><a href="#[31]">&gt;&gt;</a>&nbsp;&nbsp;&nbsp;flash_lock
</UL>
<BR>[Called By]<UL><LI><a href="#[38]">&gt;&gt;</a>&nbsp;&nbsp;&nbsp;User_Data_Set
<LI><a href="#[2a]">&gt;&gt;</a>&nbsp;&nbsp;&nbsp;App_Flash_Erase
</UL>

<P><STRONG><a name="[2d]"></a>InvertUint16</STRONG> (Thumb, 46 bytes, Stack size 12 bytes, main.o(i.InvertUint16))
<BR><BR>[Stack]<UL><LI>Max Depth = 12<LI>Call Chain = InvertUint16
</UL>
<BR>[Called By]<UL><LI><a href="#[2c]">&gt;&gt;</a>&nbsp;&nbsp;&nbsp;App_Flash_Get_Checksum
</UL>

<P><STRONG><a name="[5]"></a>SysTick_Handler</STRONG> (Thumb, 8 bytes, Stack size 4 bytes, main.o(i.SysTick_Handler))
<BR><BR>[Stack]<UL><LI>Max Depth = 4<LI>Call Chain = SysTick_Handler
</UL>
<BR>[Calls]<UL><LI><a href="#[36]">&gt;&gt;</a>&nbsp;&nbsp;&nbsp;timing_delay_decrement
</UL>
<BR>[Address Reference Count : 1]<UL><LI> startup_cs32f031.o(RESET)
</UL>
<P><STRONG><a name="[23]"></a>SystemInit</STRONG> (Thumb, 110 bytes, Stack size 8 bytes, system_cs32f0xx.o(i.SystemInit))
<BR><BR>[Stack]<UL><LI>Max Depth = 8<LI>Call Chain = SystemInit
</UL>
<BR>[Calls]<UL><LI><a href="#[37]">&gt;&gt;</a>&nbsp;&nbsp;&nbsp;SetSysClock
</UL>
<BR>[Address Reference Count : 1]<UL><LI> startup_cs32f031.o(.text)
</UL>
<P><STRONG><a name="[47]"></a>__scatterload_copy</STRONG> (Thumb, 14 bytes, Stack size unknown bytes, handlers.o(i.__scatterload_copy), UNUSED)

<P><STRONG><a name="[48]"></a>__scatterload_null</STRONG> (Thumb, 2 bytes, Stack size unknown bytes, handlers.o(i.__scatterload_null), UNUSED)

<P><STRONG><a name="[49]"></a>__scatterload_zeroinit</STRONG> (Thumb, 14 bytes, Stack size unknown bytes, handlers.o(i.__scatterload_zeroinit), UNUSED)

<P><STRONG><a name="[31]"></a>flash_lock</STRONG> (Thumb, 14 bytes, Stack size 0 bytes, cs32f0xx_flash.o(i.flash_lock))
<BR><BR>[Called By]<UL><LI><a href="#[2b]">&gt;&gt;</a>&nbsp;&nbsp;&nbsp;Drv_Flash_Erase_Page
<LI><a href="#[2e]">&gt;&gt;</a>&nbsp;&nbsp;&nbsp;App_Flash_Write
</UL>

<P><STRONG><a name="[39]"></a>flash_operation_wait</STRONG> (Thumb, 50 bytes, Stack size 0 bytes, cs32f0xx_flash.o(i.flash_operation_wait))
<BR><BR>[Called By]<UL><LI><a href="#[30]">&gt;&gt;</a>&nbsp;&nbsp;&nbsp;flash_word_program
<LI><a href="#[32]">&gt;&gt;</a>&nbsp;&nbsp;&nbsp;flash_page_erase
</UL>

<P><STRONG><a name="[32]"></a>flash_page_erase</STRONG> (Thumb, 72 bytes, Stack size 8 bytes, cs32f0xx_flash.o(i.flash_page_erase))
<BR><BR>[Stack]<UL><LI>Max Depth = 8<LI>Call Chain = flash_page_erase
</UL>
<BR>[Calls]<UL><LI><a href="#[39]">&gt;&gt;</a>&nbsp;&nbsp;&nbsp;flash_operation_wait
</UL>
<BR>[Called By]<UL><LI><a href="#[2b]">&gt;&gt;</a>&nbsp;&nbsp;&nbsp;Drv_Flash_Erase_Page
</UL>

<P><STRONG><a name="[2f]"></a>flash_unlock</STRONG> (Thumb, 24 bytes, Stack size 0 bytes, cs32f0xx_flash.o(i.flash_unlock))
<BR><BR>[Called By]<UL><LI><a href="#[2b]">&gt;&gt;</a>&nbsp;&nbsp;&nbsp;Drv_Flash_Erase_Page
<LI><a href="#[2e]">&gt;&gt;</a>&nbsp;&nbsp;&nbsp;App_Flash_Write
</UL>

<P><STRONG><a name="[30]"></a>flash_word_program</STRONG> (Thumb, 60 bytes, Stack size 12 bytes, cs32f0xx_flash.o(i.flash_word_program))
<BR><BR>[Stack]<UL><LI>Max Depth = 12<LI>Call Chain = flash_word_program
</UL>
<BR>[Calls]<UL><LI><a href="#[39]">&gt;&gt;</a>&nbsp;&nbsp;&nbsp;flash_operation_wait
</UL>
<BR>[Called By]<UL><LI><a href="#[2e]">&gt;&gt;</a>&nbsp;&nbsp;&nbsp;App_Flash_Write
</UL>

<P><STRONG><a name="[22]"></a>main</STRONG> (Thumb, 188 bytes, Stack size 0 bytes, main.o(i.main))
<BR><BR>[Stack]<UL><LI>Max Depth = 60<LI>Call Chain = main &rArr; User_Data_Set &rArr; App_Flash_Write &rArr; flash_word_program
</UL>
<BR>[Calls]<UL><LI><a href="#[3a]">&gt;&gt;</a>&nbsp;&nbsp;&nbsp;__aeabi_uidivmod
<LI><a href="#[3b]">&gt;&gt;</a>&nbsp;&nbsp;&nbsp;__NVIC_SetPriority
<LI><a href="#[38]">&gt;&gt;</a>&nbsp;&nbsp;&nbsp;User_Data_Set
<LI><a href="#[3c]">&gt;&gt;</a>&nbsp;&nbsp;&nbsp;User_Data_Get
<LI><a href="#[33]">&gt;&gt;</a>&nbsp;&nbsp;&nbsp;Jump_To_App
<LI><a href="#[2e]">&gt;&gt;</a>&nbsp;&nbsp;&nbsp;App_Flash_Write
<LI><a href="#[2c]">&gt;&gt;</a>&nbsp;&nbsp;&nbsp;App_Flash_Get_Checksum
<LI><a href="#[2a]">&gt;&gt;</a>&nbsp;&nbsp;&nbsp;App_Flash_Erase
</UL>
<BR>[Address Reference Count : 1]<UL><LI> entry9a.o(.ARM.Collect$$$$0000000B)
</UL>
<P><STRONG><a name="[36]"></a>timing_delay_decrement</STRONG> (Thumb, 20 bytes, Stack size 0 bytes, main.o(i.timing_delay_decrement))
<BR><BR>[Called By]<UL><LI><a href="#[5]">&gt;&gt;</a>&nbsp;&nbsp;&nbsp;SysTick_Handler
</UL>
<P>
<H3>
Local Symbols
</H3>
<P><STRONG><a name="[37]"></a>SetSysClock</STRONG> (Thumb, 118 bytes, Stack size 0 bytes, system_cs32f0xx.o(i.SetSysClock))
<BR><BR>[Called By]<UL><LI><a href="#[23]">&gt;&gt;</a>&nbsp;&nbsp;&nbsp;SystemInit
</UL>

<P><STRONG><a name="[2a]"></a>App_Flash_Erase</STRONG> (Thumb, 30 bytes, Stack size 8 bytes, main.o(i.App_Flash_Erase))
<BR><BR>[Stack]<UL><LI>Max Depth = 32<LI>Call Chain = App_Flash_Erase &rArr; Drv_Flash_Erase_Page &rArr; flash_page_erase
</UL>
<BR>[Calls]<UL><LI><a href="#[2b]">&gt;&gt;</a>&nbsp;&nbsp;&nbsp;Drv_Flash_Erase_Page
</UL>
<BR>[Called By]<UL><LI><a href="#[22]">&gt;&gt;</a>&nbsp;&nbsp;&nbsp;main
</UL>

<P><STRONG><a name="[2c]"></a>App_Flash_Get_Checksum</STRONG> (Thumb, 72 bytes, Stack size 24 bytes, main.o(i.App_Flash_Get_Checksum))
<BR><BR>[Stack]<UL><LI>Max Depth = 36<LI>Call Chain = App_Flash_Get_Checksum &rArr; InvertUint16
</UL>
<BR>[Calls]<UL><LI><a href="#[2d]">&gt;&gt;</a>&nbsp;&nbsp;&nbsp;InvertUint16
</UL>
<BR>[Called By]<UL><LI><a href="#[22]">&gt;&gt;</a>&nbsp;&nbsp;&nbsp;main
</UL>

<P><STRONG><a name="[2e]"></a>App_Flash_Write</STRONG> (Thumb, 150 bytes, Stack size 40 bytes, main.o(i.App_Flash_Write))
<BR><BR>[Stack]<UL><LI>Max Depth = 52<LI>Call Chain = App_Flash_Write &rArr; flash_word_program
</UL>
<BR>[Calls]<UL><LI><a href="#[30]">&gt;&gt;</a>&nbsp;&nbsp;&nbsp;flash_word_program
<LI><a href="#[2f]">&gt;&gt;</a>&nbsp;&nbsp;&nbsp;flash_unlock
<LI><a href="#[31]">&gt;&gt;</a>&nbsp;&nbsp;&nbsp;flash_lock
</UL>
<BR>[Called By]<UL><LI><a href="#[22]">&gt;&gt;</a>&nbsp;&nbsp;&nbsp;main
<LI><a href="#[38]">&gt;&gt;</a>&nbsp;&nbsp;&nbsp;User_Data_Set
</UL>

<P><STRONG><a name="[35]"></a>Hal_DeInit</STRONG> (Thumb, 66 bytes, Stack size 0 bytes, main.o(i.Hal_DeInit))
<BR><BR>[Called By]<UL><LI><a href="#[33]">&gt;&gt;</a>&nbsp;&nbsp;&nbsp;Jump_To_App
</UL>

<P><STRONG><a name="[33]"></a>Jump_To_App</STRONG> (Thumb, 78 bytes, Stack size 8 bytes, main.o(i.Jump_To_App))
<BR><BR>[Stack]<UL><LI>Max Depth = 8<LI>Call Chain = Jump_To_App
</UL>
<BR>[Calls]<UL><LI><a href="#[34]">&gt;&gt;</a>&nbsp;&nbsp;&nbsp;__aeabi_memcpy
<LI><a href="#[35]">&gt;&gt;</a>&nbsp;&nbsp;&nbsp;Hal_DeInit
</UL>
<BR>[Called By]<UL><LI><a href="#[22]">&gt;&gt;</a>&nbsp;&nbsp;&nbsp;main
</UL>

<P><STRONG><a name="[3c]"></a>User_Data_Get</STRONG> (Thumb, 24 bytes, Stack size 0 bytes, main.o(i.User_Data_Get))
<BR><BR>[Called By]<UL><LI><a href="#[22]">&gt;&gt;</a>&nbsp;&nbsp;&nbsp;main
</UL>

<P><STRONG><a name="[38]"></a>User_Data_Set</STRONG> (Thumb, 20 bytes, Stack size 8 bytes, main.o(i.User_Data_Set))
<BR><BR>[Stack]<UL><LI>Max Depth = 60<LI>Call Chain = User_Data_Set &rArr; App_Flash_Write &rArr; flash_word_program
</UL>
<BR>[Calls]<UL><LI><a href="#[2b]">&gt;&gt;</a>&nbsp;&nbsp;&nbsp;Drv_Flash_Erase_Page
<LI><a href="#[2e]">&gt;&gt;</a>&nbsp;&nbsp;&nbsp;App_Flash_Write
</UL>
<BR>[Called By]<UL><LI><a href="#[22]">&gt;&gt;</a>&nbsp;&nbsp;&nbsp;main
</UL>

<P><STRONG><a name="[3b]"></a>__NVIC_SetPriority</STRONG> (Thumb, 110 bytes, Stack size 8 bytes, main.o(i.__NVIC_SetPriority))
<BR><BR>[Stack]<UL><LI>Max Depth = 8<LI>Call Chain = __NVIC_SetPriority
</UL>
<BR>[Called By]<UL><LI><a href="#[22]">&gt;&gt;</a>&nbsp;&nbsp;&nbsp;main
</UL>
<P>
<H3>
Undefined Global Symbols
</H3>
<P><STRONG><a name="[28]"></a>__arm_fini_</STRONG> (Unknown, 0 bytes, Stack size 0 bytes, UNDEFINED)
<BR><BR>[Called By]<UL><LI><a href="#[27]">&gt;&gt;</a>&nbsp;&nbsp;&nbsp;__rt_lib_shutdown_fini
</UL>
<HR></body></html>
