<html>
<body>
<pre>
<h1>µVision Build Log</h1>
<h2>Tool Versions:</h2>
IDE-Version: ¦ÌVision V5.35.0.0
Copyright (C) 2021 ARM Ltd and ARM Germany GmbH. All rights reserved.
License Information: H J, nuvoton, LIC=47GU5-G0A6M-TGD7T-RAS91-G19VZ-8XPW1
 
Tool Versions:
Toolchain:       MDK-ARM Plus  Version: 5.35.0.2
Toolchain Path:  d:\Keil_v5\ARM\ARMCC\Bin
C Compiler:      Armcc.exe V5.06 update 7 (build 960)
Assembler:       Armasm.exe V5.06 update 7 (build 960)
Linker/Locator:  ArmLink.exe V5.06 update 7 (build 960)
Library Manager: ArmAr.exe V5.06 update 7 (build 960)
Hex Converter:   FromElf.exe V5.06 update 7 (build 960)
CPU DLL:         SARMCM3.DLL V5.35.0.2
Dialog DLL:      DARMCM1.DLL V1.19.4.0
Target DLL:      CMSIS_AGDI.dll V1.33.0.0
Dialog DLL:      TARMCM1.DLL V1.14.4.0
 
<h2>Project:</h2>
F:\ChargingCase\Microphone_Case_CS32F031\Bootloader\Project\bootloader.uvprojx
Project File Date:  08/12/2023

<h2>Output:</h2>
*** Using Compiler 'V5.06 update 7 (build 960)', folder: 'd:\Keil_v5\ARM\ARMCC\Bin'
Build target 'bootloader'
linking...
Program Size: Code=1656 RO-data=232 RW-data=44 ZI-data=1220  
FromELF: creating hex file...
After Build - User command #1: fromelf.exe --bin -o "F:\ChargingCase\Microphone_Case_CS32F031\Bootloader\Project\Objects\bootloader.bin" "F:\ChargingCase\Microphone_Case_CS32F031\Bootloader\Project\Objects\bootloader.axf"
".\Objects\bootloader.axf" - 0 Error(s), 0 Warning(s).

<h2>Software Packages used:</h2>

Package Vendor: Chipsea
                http://www.keil.com/pack/Chipsea.CS32F03x_DFP.2.0.5.pack
                Chipsea.CS32F03x_DFP.2.0.5
                Chipsea Technologies(ShenZhen) CS32F0 Series Device Support, Drivers and Examples

<h2>Collection of Component include folders:</h2>
  d:\Keil_v5\Arm\Packs\Chipsea\CS32F03x_DFP\2.0.5\Device\Include

<h2>Collection of Component Files used:</h2>
Build Time Elapsed:  00:00:01
</pre>
</body>
</html>
